app_util.h:925:26:uint32_decode	0	static
ble_gap.h:1628:1:sd_ble_gap_addr_set	0	static
ble_gap.h:1641:1:sd_ble_gap_addr_get	0	static
ble_gap.h:1686:1:sd_ble_gap_whitelist_set	0	static
ble_gap.h:1717:1:sd_ble_gap_device_identities_set	0	static
ble_gap.h:1802:1:sd_ble_gap_adv_set_configure	0	static
ble_gap.h:1846:1:sd_ble_gap_adv_start	0	static
ble_gap.h:1862:1:sd_ble_gap_adv_stop	0	static
ble_gap.h:1924:1:sd_ble_gap_disconnect	0	static
ble_gap.h:1949:1:sd_ble_gap_tx_power_set	0	static
ble_gap.h:1980:1:sd_ble_gap_ppcp_set	0	static
ble_gap.h:2008:1:sd_ble_gap_device_name_set	0	static
ble_gap.h:2136:1:sd_ble_gap_sec_params_reply	0	static
ble_gap.h:2336:1:sd_ble_gap_sec_info_reply	0	static
ble_gap.h:2595:1:sd_ble_gap_phy_update	0	static
ble_gap.h:2630:1:sd_ble_gap_data_length_update	0	static
ble_gatts.h:672:1:sd_ble_gatts_service_changed	0	static
ble_gatts.h:705:1:sd_ble_gatts_rw_authorize_reply	0	static
ble_gatts.h:749:1:sd_ble_gatts_sys_attr_set	0	static
ble_gatts.h:782:1:sd_ble_gatts_sys_attr_get	0	static
ble_gatts.h:835:1:sd_ble_gatts_exchange_mtu_reply	0	static
ble.h:596:1:sd_ble_uuid_encode	0	static
ble.h:635:1:sd_ble_user_mem_reply	0	static
dfu_transport_ble.c:184:27:nrf_err_code_translate	0	static
dfu_transport_ble.c:967:13:service_error_handler	0	static
dfu_transport_ble.c:282:13:dfu_error_notify	8	static
dfu_transport_ble.c:223:13:dfu_cb_handler	8	static
dfu_transport_ble.c:622:13:advertising_add.constprop	24	static
dfu_transport_ble.c:656:13:advertising_start	104	static
dfu_transport_ble.c:927:17:ble_evt_dispatch	216	static
dfu_transport_ble.c:1026:10:dfu_transport_ble_update_start	96	static
dfu_transport_ble.c:1069:10:dfu_transport_ble_close	8	static
dfu_transport_ble.c:534:13:on_dfu_evt	56	static
