nrf_mbr.h:257:1:sd_mbr_command	0	static
dfu_single_bank.c:53:13:pstorage_callback_handler	24	static
dfu_single_bank.c:91:13:dfu_timeout_handler	40	static
dfu_single_bank.c:257:17:dfu_activate_bl	40	static
dfu_single_bank.c:209:17:dfu_activate_sd	40	static
dfu_single_bank.c:165:13:dfu_cleared_func_app	40	static
dfu_single_bank.c:233:17:dfu_activate_app	48	static
dfu_single_bank.c:133:13:dfu_prepare_func_app_erase	24	static
dfu_single_bank.c:109:17:dfu_timer_restart	8	static
dfu_single_bank.c:637:17:dfu_sd_img_block_swap	40	static
dfu_single_bank.c:179:10:offset_calculate	0	static
dfu_single_bank.c:273:10:dfu_init	40	static
dfu_single_bank.c:307:6:dfu_register_callback	0	static
dfu_single_bank.c:313:10:dfu_start_pkt_handle	16	static
dfu_single_bank.c:387:10:dfu_data_pkt_handle	48	static
dfu_single_bank.c:465:10:dfu_init_pkt_complete	16	static
dfu_single_bank.c:492:10:dfu_init_pkt_handle	24	static
dfu_single_bank.c:537:10:dfu_image_validate	16	static
dfu_single_bank.c:577:10:dfu_image_activate	8	static
dfu_single_bank.c:601:6:dfu_reset	40	static
dfu_single_bank.c:668:10:dfu_sd_image_swap	72	static
dfu_single_bank.c:725:10:dfu_bl_image_swap	56	static
dfu_single_bank.c:749:10:dfu_bl_image_validate	56	static
dfu_single_bank.c:774:10:dfu_sd_image_validate	56	static
