core_cm4.h:1790:22:NVIC_SystemReset	0	static
nrf_soc.h:807:1:sd_evt_get	0	static
nrf_sdm.h:322:1:sd_softdevice_enable	0	static
nrf_sdm.h:338:1:sd_softdevice_disable	0	static
nrf_sdm.h:356:1:sd_softdevice_vector_table_base_set	0	static
nrf_mbr.h:257:1:sd_mbr_command	0	static
ble.h:435:1:sd_ble_enable	0	static
ble.h:471:1:sd_ble_cfg_set	0	static
ble.h:509:1:sd_ble_evt_get	0	static
main.c:391:6:app_error_fault_handler	8	static
main.c:142:6:is_ota	0	static
main.c:147:6:softdev_mbr_init	24	static
main.c:153:5:main	56	static
main.c:299:6:adafruit_factory_reset	8	static
main.c:398:6:assert_nrf_callback	8	static
main.c:408:10:proc_ble	512	static
main.c:445:10:proc_soc	16	static
main.c:468:6:ada_sd_task	8	static
main.c:480:6:SWI2_EGU2_IRQHandler	0	static
