nrf_uart.h:367:24:nrf_uart_event_clear	8	static
nrf_uarte.h:469:24:nrf_uarte_event_clear	8	static
nrf_drv_uart.c:337:22:tx_byte	8	static
nrf_drv_uart.c:761:22:tx_done_event	24	static
nrf_drv_uart.c:473:22:rx_enable.isra.0	8	static
nrf_drv_uart.c:480:22:rx_byte	8	static
nrf_drv_uart.c:750:22:rx_done_event.constprop	24	static
nrf_drv_uart.c:282:12:nrf_drv_uart_init	24	static
nrf_drv_uart.c:318:6:nrf_drv_uart_uninit	20	static
nrf_drv_uart.c:418:12:nrf_drv_uart_tx	24	static
nrf_drv_uart.c:467:6:nrf_drv_uart_tx_in_progress	0	static
nrf_drv_uart.c:609:12:nrf_drv_uart_rx	32	static
nrf_drv_uart.c:691:6:nrf_drv_uart_rx_ready	0	static
nrf_drv_uart.c:703:6:nrf_drv_uart_rx_enable	16	static
nrf_drv_uart.c:720:6:nrf_drv_uart_rx_disable	8	static
nrf_drv_uart.c:734:10:nrf_drv_uart_errorsrc_get	8	static
nrf_drv_uart.c:775:6:nrf_drv_uart_tx_abort	16	static
nrf_drv_uart.c:803:6:nrf_drv_uart_rx_abort	0	static
nrf_drv_uart.c:974:1:UARTE0_UART0_IRQHandler	32	static
