Archive member included to satisfy reference by file (symbol)

/opt/gcc-arm-none-eabi-9-2019-q4-major/bin/../lib/gcc/arm-none-eabi/9.2.1/../../../../arm-none-eabi/lib/thumb/v7e-m+fp/hard/libc_nano.a(lib_a-exit.o)
                              /opt/gcc-arm-none-eabi-9-2019-q4-major/bin/../lib/gcc/arm-none-eabi/9.2.1/../../../../arm-none-eabi/lib/thumb/v7e-m+fp/hard/crt0.o (exit)
/opt/gcc-arm-none-eabi-9-2019-q4-major/bin/../lib/gcc/arm-none-eabi/9.2.1/../../../../arm-none-eabi/lib/thumb/v7e-m+fp/hard/libc_nano.a(lib_a-impure.o)
                              /opt/gcc-arm-none-eabi-9-2019-q4-major/bin/../lib/gcc/arm-none-eabi/9.2.1/../../../../arm-none-eabi/lib/thumb/v7e-m+fp/hard/libc_nano.a(lib_a-exit.o) (_global_impure_ptr)
/opt/gcc-arm-none-eabi-9-2019-q4-major/bin/../lib/gcc/arm-none-eabi/9.2.1/../../../../arm-none-eabi/lib/thumb/v7e-m+fp/hard/libc_nano.a(lib_a-init.o)
                              /opt/gcc-arm-none-eabi-9-2019-q4-major/bin/../lib/gcc/arm-none-eabi/9.2.1/../../../../arm-none-eabi/lib/thumb/v7e-m+fp/hard/crt0.o (__libc_init_array)
/opt/gcc-arm-none-eabi-9-2019-q4-major/bin/../lib/gcc/arm-none-eabi/9.2.1/../../../../arm-none-eabi/lib/thumb/v7e-m+fp/hard/libc_nano.a(lib_a-memset.o)
                              /opt/gcc-arm-none-eabi-9-2019-q4-major/bin/../lib/gcc/arm-none-eabi/9.2.1/../../../../arm-none-eabi/lib/thumb/v7e-m+fp/hard/crt0.o (memset)
/opt/gcc-arm-none-eabi-9-2019-q4-major/bin/../lib/gcc/arm-none-eabi/9.2.1/../../../../arm-none-eabi/lib/thumb/v7e-m+fp/hard/libnosys.a(_exit.o)
                              /opt/gcc-arm-none-eabi-9-2019-q4-major/bin/../lib/gcc/arm-none-eabi/9.2.1/../../../../arm-none-eabi/lib/thumb/v7e-m+fp/hard/libc_nano.a(lib_a-exit.o) (_exit)
/opt/gcc-arm-none-eabi-9-2019-q4-major/bin/../lib/gcc/arm-none-eabi/9.2.1/thumb/v7e-m+fp/hard/libgcc.a(_aeabi_ldivmod.o)
                              _build-pinetime_nrf52832/bootloader.o (__aeabi_ldivmod)
/opt/gcc-arm-none-eabi-9-2019-q4-major/bin/../lib/gcc/arm-none-eabi/9.2.1/thumb/v7e-m+fp/hard/libgcc.a(_aeabi_uldivmod.o)
                              _build-pinetime_nrf52832/bootloader.o (__aeabi_uldivmod)
/opt/gcc-arm-none-eabi-9-2019-q4-major/bin/../lib/gcc/arm-none-eabi/9.2.1/thumb/v7e-m+fp/hard/libgcc.a(_udivmoddi4.o)
                              /opt/gcc-arm-none-eabi-9-2019-q4-major/bin/../lib/gcc/arm-none-eabi/9.2.1/thumb/v7e-m+fp/hard/libgcc.a(_aeabi_ldivmod.o) (__udivmoddi4)
/opt/gcc-arm-none-eabi-9-2019-q4-major/bin/../lib/gcc/arm-none-eabi/9.2.1/thumb/v7e-m+fp/hard/libgcc.a(_dvmd_tls.o)
                              /opt/gcc-arm-none-eabi-9-2019-q4-major/bin/../lib/gcc/arm-none-eabi/9.2.1/thumb/v7e-m+fp/hard/libgcc.a(_aeabi_ldivmod.o) (__aeabi_ldiv0)
/opt/gcc-arm-none-eabi-9-2019-q4-major/bin/../lib/gcc/arm-none-eabi/9.2.1/../../../../arm-none-eabi/lib/thumb/v7e-m+fp/hard/libc_nano.a(lib_a-memcmp.o)
                              _build-pinetime_nrf52832/flash_nrf5x.o (memcmp)
/opt/gcc-arm-none-eabi-9-2019-q4-major/bin/../lib/gcc/arm-none-eabi/9.2.1/../../../../arm-none-eabi/lib/thumb/v7e-m+fp/hard/libc_nano.a(lib_a-memcpy-stub.o)
                              _build-pinetime_nrf52832/boards.o (memcpy)
/opt/gcc-arm-none-eabi-9-2019-q4-major/bin/../lib/gcc/arm-none-eabi/9.2.1/../../../../arm-none-eabi/lib/thumb/v7e-m+fp/hard/libc_nano.a(lib_a-strlen.o)
                              _build-pinetime_nrf52832/dfu_transport_ble.o (strlen)

Allocating common symbols
Common symbol       size              file

nrf_nvic_state      0xc               _build-pinetime_nrf52832/app_util_platform.o
nrfx_power_irq_enabled
                    0x1               _build-pinetime_nrf52832/nrfx_power.o

Discarded input sections

 .text          0x0000000000000000        0x0 /opt/gcc-arm-none-eabi-9-2019-q4-major/bin/../lib/gcc/arm-none-eabi/9.2.1/thumb/v7e-m+fp/hard/crti.o
 .data          0x0000000000000000        0x0 /opt/gcc-arm-none-eabi-9-2019-q4-major/bin/../lib/gcc/arm-none-eabi/9.2.1/thumb/v7e-m+fp/hard/crti.o
 .bss           0x0000000000000000        0x0 /opt/gcc-arm-none-eabi-9-2019-q4-major/bin/../lib/gcc/arm-none-eabi/9.2.1/thumb/v7e-m+fp/hard/crti.o
 .data          0x0000000000000000        0x4 /opt/gcc-arm-none-eabi-9-2019-q4-major/bin/../lib/gcc/arm-none-eabi/9.2.1/thumb/v7e-m+fp/hard/crtbegin.o
 .data          0x0000000000000000        0x0 /opt/gcc-arm-none-eabi-9-2019-q4-major/bin/../lib/gcc/arm-none-eabi/9.2.1/../../../../arm-none-eabi/lib/thumb/v7e-m+fp/hard/crt0.o
 .bss           0x0000000000000000        0x0 /opt/gcc-arm-none-eabi-9-2019-q4-major/bin/../lib/gcc/arm-none-eabi/9.2.1/../../../../arm-none-eabi/lib/thumb/v7e-m+fp/hard/crt0.o
 .ARM.extab     0x0000000000000000        0x0 /opt/gcc-arm-none-eabi-9-2019-q4-major/bin/../lib/gcc/arm-none-eabi/9.2.1/../../../../arm-none-eabi/lib/thumb/v7e-m+fp/hard/crt0.o
 .text          0x0000000000000000        0x0 /opt/gcc-arm-none-eabi-9-2019-q4-major/bin/../lib/gcc/arm-none-eabi/9.2.1/../../../../arm-none-eabi/lib/thumb/v7e-m+fp/hard/libc_nano.a(lib_a-exit.o)
[...]
Memory Configuration

Name             Origin             Length             Attributes
FLASH            0x0000000000078000 0x0000000000006000 xr
MBR_PARAMS_PAGE  0x000000000007e000 0x0000000000001000 rw
BOOTLOADER_SETTINGS 0x000000000007f000 0x0000000000001000 rw
RAM              0x0000000020008000 0x0000000000008000 xrw
DBL_RESET        0x0000000020007f7c 0x0000000000000004 xrw
NOINIT           0x0000000020007f80 0x0000000000000080 xrw
UICR_BOOTLOADER  0x0000000010001014 0x0000000000000004 r
UICR_MBR_PARAM_PAGE 0x0000000010001018 0x0000000000000004 r
*default*        0x0000000000000000 0xffffffffffffffff

Linker script and memory map

LOAD /opt/gcc-arm-none-eabi-9-2019-q4-major/bin/../lib/gcc/arm-none-eabi/9.2.1/thumb/v7e-m+fp/hard/crti.o
LOAD /opt/gcc-arm-none-eabi-9-2019-q4-major/bin/../lib/gcc/arm-none-eabi/9.2.1/thumb/v7e-m+fp/hard/crtbegin.o
LOAD /opt/gcc-arm-none-eabi-9-2019-q4-major/bin/../lib/gcc/arm-none-eabi/9.2.1/../../../../arm-none-eabi/lib/thumb/v7e-m+fp/hard/crt0.o
LOAD /opt/gcc-arm-none-eabi-9-2019-q4-major/bin/../lib/gcc/arm-none-eabi/9.2.1/../../../../arm-none-eabi/lib/thumb/v7e-m+fp/hard/libc_nano.a
LOAD /opt/gcc-arm-none-eabi-9-2019-q4-major/bin/../lib/gcc/arm-none-eabi/9.2.1/../../../../arm-none-eabi/lib/thumb/v7e-m+fp/hard/libnosys.a
LOAD _build-pinetime_nrf52832/main.o
LOAD _build-pinetime_nrf52832/boards.o
LOAD _build-pinetime_nrf52832/flash_nrf5x.o
LOAD _build-pinetime_nrf52832/dfu_ble_svc.o
LOAD _build-pinetime_nrf52832/dfu_init.o
LOAD _build-pinetime_nrf52832/nrfx_power.o
LOAD _build-pinetime_nrf52832/nrfx_nvmc.o
LOAD _build-pinetime_nrf52832/system_nrf52.o
LOAD _build-pinetime_nrf52832/bootloader.o
LOAD _build-pinetime_nrf52832/bootloader_settings.o
LOAD _build-pinetime_nrf52832/bootloader_util.o
LOAD _build-pinetime_nrf52832/dfu_transport_serial.o
LOAD _build-pinetime_nrf52832/dfu_transport_ble.o
LOAD _build-pinetime_nrf52832/dfu_single_bank.o
LOAD _build-pinetime_nrf52832/pstorage_raw.o
LOAD _build-pinetime_nrf52832/ble_dfu.o
LOAD _build-pinetime_nrf52832/ble_dis.o
LOAD _build-pinetime_nrf52832/app_timer.o
LOAD _build-pinetime_nrf52832/app_scheduler.o
LOAD _build-pinetime_nrf52832/app_error.o
LOAD _build-pinetime_nrf52832/app_util_platform.o
LOAD _build-pinetime_nrf52832/crc16.o
LOAD _build-pinetime_nrf52832/hci_mem_pool.o
LOAD _build-pinetime_nrf52832/hci_slip.o
LOAD _build-pinetime_nrf52832/hci_transport.o
LOAD _build-pinetime_nrf52832/nrf_assert.o
LOAD _build-pinetime_nrf52832/app_uart.o
LOAD _build-pinetime_nrf52832/nrf_drv_uart.o
LOAD _build-pinetime_nrf52832/nrf_drv_common.o
LOAD _build-pinetime_nrf52832/gcc_startup_nrf52.o
LOAD /opt/gcc-arm-none-eabi-9-2019-q4-major/bin/../lib/gcc/arm-none-eabi/9.2.1/../../../../arm-none-eabi/lib/thumb/v7e-m+fp/hard/libm.a
START GROUP
LOAD /opt/gcc-arm-none-eabi-9-2019-q4-major/bin/../lib/gcc/arm-none-eabi/9.2.1/thumb/v7e-m+fp/hard/libgcc.a
LOAD /opt/gcc-arm-none-eabi-9-2019-q4-major/bin/../lib/gcc/arm-none-eabi/9.2.1/../../../../arm-none-eabi/lib/thumb/v7e-m+fp/hard/libc_nano.a
END GROUP
START GROUP
LOAD /opt/gcc-arm-none-eabi-9-2019-q4-major/bin/../lib/gcc/arm-none-eabi/9.2.1/thumb/v7e-m+fp/hard/libgcc.a
LOAD /opt/gcc-arm-none-eabi-9-2019-q4-major/bin/../lib/gcc/arm-none-eabi/9.2.1/../../../../arm-none-eabi/lib/thumb/v7e-m+fp/hard/libc_nano.a
END GROUP
LOAD /opt/gcc-arm-none-eabi-9-2019-q4-major/bin/../lib/gcc/arm-none-eabi/9.2.1/thumb/v7e-m+fp/hard/crtend.o
LOAD /opt/gcc-arm-none-eabi-9-2019-q4-major/bin/../lib/gcc/arm-none-eabi/9.2.1/thumb/v7e-m+fp/hard/crtn.o
START GROUP
LOAD /opt/gcc-arm-none-eabi-9-2019-q4-major/bin/../lib/gcc/arm-none-eabi/9.2.1/thumb/v7e-m+fp/hard/libgcc.a
LOAD /opt/gcc-arm-none-eabi-9-2019-q4-major/bin/../lib/gcc/arm-none-eabi/9.2.1/../../../../arm-none-eabi/lib/thumb/v7e-m+fp/hard/libc.a
LOAD /opt/gcc-arm-none-eabi-9-2019-q4-major/bin/../lib/gcc/arm-none-eabi/9.2.1/../../../../arm-none-eabi/lib/thumb/v7e-m+fp/hard/libnosys.a
END GROUP

.fs_data_out    0x0000000000000000        0x0
                [!provide]                        PROVIDE (__start_fs_data = .)
 *(fs_data)
                [!provide]                        PROVIDE (__stop_fs_data = .)

.bootloaderSettings
                0x000000000007f000     0x1000
 .bootloaderSettings
                0x000000000007f000     0x1000 _build-pinetime_nrf52832/bootloader_settings.o
                0x000000000007f000                m_boot_settings

.uicrBootStartAddress
                0x0000000010001014        0x4
 *(.uicrBootStartAddress)
 .uicrBootStartAddress
                0x0000000010001014        0x4 _build-pinetime_nrf52832/bootloader_settings.o
                0x0000000010001014                m_uicr_bootloader_start_address

.mbrParamsPage

.uicrMbrParamsPageAddress
                0x0000000010001018        0x4
 *(.uicrMbrParamsPageAddress)
 .uicrMbrParamsPageAddress
                0x0000000010001018        0x4 _build-pinetime_nrf52832/bootloader_settings.o
                0x0000000010001018                m_uicr_mbr_params_page_address

.dbl_reset

.noinit         0x0000000020007f80       0x3e
 .noinit        0x0000000020007f80       0x3e _build-pinetime_nrf52832/dfu_ble_svc.o

.text           0x0000000000078000     0x5530
 *(.isr_vector)
 .isr_vector    0x0000000000078000      0x200 _build-pinetime_nrf52832/gcc_startup_nrf52.o
                0x0000000000078000                __isr_vector
 *(.text*)
 .text          0x0000000000078200       0x40 /opt/gcc-arm-none-eabi-9-2019-q4-major/bin/../lib/gcc/arm-none-eabi/9.2.1/thumb/v7e-m+fp/hard/crtbegin.o
 .text          0x0000000000078240       0x74 /opt/gcc-arm-none-eabi-9-2019-q4-major/bin/../lib/gcc/arm-none-eabi/9.2.1/../../../../arm-none-eabi/lib/thumb/v7e-m+fp/hard/crt0.o
                0x0000000000078240                _mainCRTStartup
                0x0000000000078240                _start
 .text.exit     0x00000000000782b4       0x28 /opt/gcc-arm-none-eabi-9-2019-q4-major/bin/../lib/gcc/arm-none-eabi/9.2.1/../../../../arm-none-eabi/lib/thumb/v7e-m+fp/hard/libc_nano.a(lib_a-exit.o)
                0x00000000000782b4                exit
 .text.__libc_init_array
                0x00000000000782dc       0x48 /opt/gcc-arm-none-eabi-9-2019-q4-major/bin/../lib/gcc/arm-none-eabi/9.2.1/../../../../arm-none-eabi/lib/thumb/v7e-m+fp/hard/libc_nano.a(lib_a-init.o)
                0x00000000000782dc                __libc_init_array
 .text.memset   0x0000000000078324       0x10 /opt/gcc-arm-none-eabi-9-2019-q4-major/bin/../lib/gcc/arm-none-eabi/9.2.1/../../../../arm-none-eabi/lib/thumb/v7e-m+fp/hard/libc_nano.a(lib_a-memset.o)
                0x0000000000078324                memset
 .text._exit    0x0000000000078334        0x4 /opt/gcc-arm-none-eabi-9-2019-q4-major/bin/../lib/gcc/arm-none-eabi/9.2.1/../../../../arm-none-eabi/lib/thumb/v7e-m+fp/hard/libnosys.a(_exit.o)
                0x0000000000078334                _exit
 .text.NVIC_SystemReset
                0x0000000000078338       0x24 _build-pinetime_nrf52832/main.o
 .text.sd_evt_get
                0x000000000007835c        0x4 _build-pinetime_nrf52832/main.o
 .text.sd_softdevice_enable
                0x0000000000078360        0x4 _build-pinetime_nrf52832/main.o
 .text.sd_softdevice_disable
                0x0000000000078364        0x4 _build-pinetime_nrf52832/main.o
 .text.sd_softdevice_vector_table_base_set
                0x0000000000078368        0x4 _build-pinetime_nrf52832/main.o
 .text.sd_mbr_command
                0x000000000007836c        0x4 _build-pinetime_nrf52832/main.o
 .text.sd_ble_enable
                0x0000000000078370        0x4 _build-pinetime_nrf52832/main.o
 .text.sd_ble_cfg_set
                0x0000000000078374        0x4 _build-pinetime_nrf52832/main.o
 .text.sd_ble_evt_get
                0x0000000000078378        0x4 _build-pinetime_nrf52832/main.o
 .text.app_error_fault_handler
                0x000000000007837c       0x14 _build-pinetime_nrf52832/main.o
                0x000000000007837c                app_error_fault_handler
 .text.is_ota   0x0000000000078390        0xc _build-pinetime_nrf52832/main.o
                0x0000000000078390                is_ota
 .text.softdev_mbr_init
                0x000000000007839c       0x1a _build-pinetime_nrf52832/main.o
                0x000000000007839c                softdev_mbr_init
 *fill*         0x00000000000783b6        0x2 
 .text.startup.main
                0x00000000000783b8      0x2e4 _build-pinetime_nrf52832/main.o
                0x00000000000783b8                main
 .text.proc_ble
                0x000000000007869c       0x4c _build-pinetime_nrf52832/main.o
                0x000000000007869c                proc_ble
 .text.proc_soc
                0x00000000000786e8       0x18 _build-pinetime_nrf52832/main.o
                0x00000000000786e8                proc_soc
 .text.ada_sd_task
                0x0000000000078700       0x14 _build-pinetime_nrf52832/main.o
                0x0000000000078700                ada_sd_task
 .text.SWI2_EGU2_IRQHandler
                0x0000000000078714       0x10 _build-pinetime_nrf52832/main.o
                0x0000000000078714                SWI2_EGU2_IRQHandler
 .text.button_init
                0x0000000000078724       0x1e _build-pinetime_nrf52832/boards.o
                0x0000000000078724                button_init
 .text.button_pressed
                0x0000000000078742       0x12 _build-pinetime_nrf52832/boards.o
                0x0000000000078742                button_pressed
 .text.SysTick_Handler
                0x0000000000078754       0xa4 _build-pinetime_nrf52832/boards.o
                0x0000000000078754                SysTick_Handler
 .text.spi_init
                0x00000000000787f8       0x48 _build-pinetime_nrf52832/boards.o
                0x00000000000787f8                spi_init
 .text.spi_teardown
                0x0000000000078840       0x30 _build-pinetime_nrf52832/boards.o
                0x0000000000078840                spi_teardown
 .text.spi_write
                0x0000000000078870       0x60 _build-pinetime_nrf52832/boards.o
                0x0000000000078870                spi_write
 .text.st7789_send
                0x00000000000788d0       0x54 _build-pinetime_nrf52832/boards.o
 .text.st7789_state
                0x0000000000078924       0xfc _build-pinetime_nrf52832/boards.o
                0x0000000000078924                st7789_state
 .text.led_state
                0x0000000000078a20        0x4 _build-pinetime_nrf52832/boards.o
                0x0000000000078a20                led_state
 .text.st7789_init
                0x0000000000078a24       0x94 _build-pinetime_nrf52832/boards.o
                0x0000000000078a24                st7789_init
 .text.st7789_teardown
                0x0000000000078ab8       0x1e _build-pinetime_nrf52832/boards.o
                0x0000000000078ab8                st7789_teardown
 *fill*         0x0000000000078ad6        0x2 
 .text.board_teardown
                0x0000000000078ad8       0x3c _build-pinetime_nrf52832/boards.o
                0x0000000000078ad8                board_teardown
 .text.wdt_init
                0x0000000000078b14       0x28 _build-pinetime_nrf52832/boards.o
                0x0000000000078b14                wdt_init
 .text.board_init
                0x0000000000078b3c       0x84 _build-pinetime_nrf52832/boards.o
                0x0000000000078b3c                board_init
 .text.flash_nrf5x_flush
                0x0000000000078bc0       0x3c _build-pinetime_nrf52832/flash_nrf5x.o
                0x0000000000078bc0                flash_nrf5x_flush
 .text.flash_nrf5x_write
                0x0000000000078bfc       0x50 _build-pinetime_nrf52832/flash_nrf5x.o
                0x0000000000078bfc                flash_nrf5x_write
 .text.C_SVC_Handler
                0x0000000000078c4c       0x4c _build-pinetime_nrf52832/dfu_ble_svc.o
                0x0000000000078c4c                C_SVC_Handler
 .text.SVC_Handler
                0x0000000000078c98       0x24 _build-pinetime_nrf52832/dfu_ble_svc.o
                0x0000000000078c98                SVC_Handler
 .text.dfu_ble_peer_data_get
                0x0000000000078cbc       0x40 _build-pinetime_nrf52832/dfu_ble_svc.o
                0x0000000000078cbc                dfu_ble_peer_data_get
 .text.dfu_init_prevalidate
                0x0000000000078cfc       0x74 _build-pinetime_nrf52832/dfu_init.o
                0x0000000000078cfc                dfu_init_prevalidate
 .text.dfu_init_postvalidate
                0x0000000000078d70       0x20 _build-pinetime_nrf52832/dfu_init.o
                0x0000000000078d70                dfu_init_postvalidate
 .text.POWER_CLOCK_IRQHandler
                0x0000000000078d90       0x78 _build-pinetime_nrf52832/nrfx_power.o
                0x0000000000078d90                POWER_CLOCK_IRQHandler
 .text.nvmc_words_write
                0x0000000000078e08       0x28 _build-pinetime_nrf52832/nrfx_nvmc.o
 .text.nrfx_nvmc_page_erase
                0x0000000000078e30       0x40 _build-pinetime_nrf52832/nrfx_nvmc.o
                0x0000000000078e30                nrfx_nvmc_page_erase
 .text.nrfx_nvmc_words_write
                0x0000000000078e70       0x1c _build-pinetime_nrf52832/nrfx_nvmc.o
                0x0000000000078e70                nrfx_nvmc_words_write
 .text.NVIC_SystemReset
                0x0000000000078e8c       0x24 _build-pinetime_nrf52832/system_nrf52.o
 .text.errata_12
                0x0000000000078eb0       0x1c _build-pinetime_nrf52832/system_nrf52.o
 .text.errata_16
                0x0000000000078ecc       0x2c _build-pinetime_nrf52832/system_nrf52.o
 .text.SystemInit
                0x0000000000078ef8      0x294 _build-pinetime_nrf52832/system_nrf52.o
                0x0000000000078ef8                SystemInit
 .text.sd_softdevice_disable
                0x000000000007918c        0x4 _build-pinetime_nrf52832/bootloader.o
 .text.sd_softdevice_vector_table_base_set
                0x0000000000079190        0x4 _build-pinetime_nrf52832/bootloader.o
 .text.pstorage_callback_handler
                0x0000000000079194       0x20 _build-pinetime_nrf52832/bootloader.o
 .text.wait_for_events
                0x00000000000791b4       0x48 _build-pinetime_nrf52832/bootloader.o
 .text.bootloader_settings_save.constprop.0
                0x00000000000791fc       0x5c _build-pinetime_nrf52832/bootloader.o
 .text.bootloader_app_is_valid
                0x0000000000079258       0x3c _build-pinetime_nrf52832/bootloader.o
                0x0000000000079258                bootloader_app_is_valid
 .text.bootloader_dfu_update_process
                0x0000000000079294      0x10c _build-pinetime_nrf52832/bootloader.o
                0x0000000000079294                bootloader_dfu_update_process
 .text.dfu_startup_timer_handler
                0x00000000000793a0       0x28 _build-pinetime_nrf52832/bootloader.o
 .text.bootloader_init
                0x00000000000793c8       0x30 _build-pinetime_nrf52832/bootloader.o
                0x00000000000793c8                bootloader_init
 .text.bootloader_dfu_start
                0x00000000000793f8       0x68 _build-pinetime_nrf52832/bootloader.o
                0x00000000000793f8                bootloader_dfu_start
 .text.bootloader_app_start
                0x0000000000079460       0x50 _build-pinetime_nrf52832/bootloader.o
                0x0000000000079460                bootloader_app_start
 .text.bootloader_dfu_sd_in_progress
                0x00000000000794b0       0x24 _build-pinetime_nrf52832/bootloader.o
                0x00000000000794b0                bootloader_dfu_sd_in_progress
 .text.bootloader_dfu_sd_update_continue
                0x00000000000794d4       0x4c _build-pinetime_nrf52832/bootloader.o
                0x00000000000794d4                bootloader_dfu_sd_update_continue
 .text.bootloader_dfu_sd_update_finalize
                0x0000000000079520       0x2c _build-pinetime_nrf52832/bootloader.o
                0x0000000000079520                bootloader_dfu_sd_update_finalize
 .text.bootloader_settings_get
                0x000000000007954c       0x30 _build-pinetime_nrf52832/bootloader.o
                0x000000000007954c                bootloader_settings_get
 .text.bootloader_util_settings_get
                0x000000000007957c        0xc _build-pinetime_nrf52832/bootloader_settings.o
                0x000000000007957c                bootloader_util_settings_get
 .text.bootloader_util_reset
                0x0000000000079588       0x3c _build-pinetime_nrf52832/bootloader_util.o
 .text.bootloader_util_app_start
                0x00000000000795c4        0x4 _build-pinetime_nrf52832/bootloader_util.o
                0x00000000000795c4                bootloader_util_app_start
 .text.rpc_transport_event_handler
                0x00000000000795c8       0x84 _build-pinetime_nrf52832/dfu_transport_serial.o
                0x00000000000795c8                rpc_transport_event_handler
 .text.data_queue_element_free
                0x000000000007964c       0x38 _build-pinetime_nrf52832/dfu_transport_serial.o
 .text.dfu_cb_handler
                0x0000000000079684        0xa _build-pinetime_nrf52832/dfu_transport_serial.o
 *fill*         0x000000000007968e        0x2 
 .text.process_dfu_packet
                0x0000000000079690       0x90 _build-pinetime_nrf52832/dfu_transport_serial.o
 .text.dfu_transport_serial_update_start
                0x0000000000079720       0x48 _build-pinetime_nrf52832/dfu_transport_serial.o
                0x0000000000079720                dfu_transport_serial_update_start
 .text.dfu_transport_serial_close
                0x0000000000079768       0x22 _build-pinetime_nrf52832/dfu_transport_serial.o
                0x0000000000079768                dfu_transport_serial_close
 .text.uint32_decode
                0x000000000007978a        0x4 _build-pinetime_nrf52832/dfu_transport_ble.o
 .text.sd_ble_gap_addr_set
                0x000000000007978e        0x4 _build-pinetime_nrf52832/dfu_transport_ble.o
 .text.sd_ble_gap_addr_get
                0x0000000000079792        0x4 _build-pinetime_nrf52832/dfu_transport_ble.o
 .text.sd_ble_gap_whitelist_set
                0x0000000000079796        0x4 _build-pinetime_nrf52832/dfu_transport_ble.o
 .text.sd_ble_gap_device_identities_set
                0x000000000007979a        0x4 _build-pinetime_nrf52832/dfu_transport_ble.o
 .text.sd_ble_gap_adv_set_configure
                0x000000000007979e        0x4 _build-pinetime_nrf52832/dfu_transport_ble.o
 .text.sd_ble_gap_adv_start
                0x00000000000797a2        0x4 _build-pinetime_nrf52832/dfu_transport_ble.o
 .text.sd_ble_gap_adv_stop
                0x00000000000797a6        0x4 _build-pinetime_nrf52832/dfu_transport_ble.o
 .text.sd_ble_gap_disconnect
                0x00000000000797aa        0x4 _build-pinetime_nrf52832/dfu_transport_ble.o
 .text.sd_ble_gap_tx_power_set
                0x00000000000797ae        0x4 _build-pinetime_nrf52832/dfu_transport_ble.o
 .text.sd_ble_gap_ppcp_set
                0x00000000000797b2        0x4 _build-pinetime_nrf52832/dfu_transport_ble.o
 .text.sd_ble_gap_device_name_set
                0x00000000000797b6        0x4 _build-pinetime_nrf52832/dfu_transport_ble.o
 .text.sd_ble_gap_sec_params_reply
                0x00000000000797ba        0x4 _build-pinetime_nrf52832/dfu_transport_ble.o
 .text.sd_ble_gap_sec_info_reply
                0x00000000000797be        0x4 _build-pinetime_nrf52832/dfu_transport_ble.o
 .text.sd_ble_gap_phy_update
                0x00000000000797c2        0x4 _build-pinetime_nrf52832/dfu_transport_ble.o
 .text.sd_ble_gap_data_length_update
                0x00000000000797c6        0x4 _build-pinetime_nrf52832/dfu_transport_ble.o
 .text.sd_ble_gatts_service_changed
                0x00000000000797ca        0x4 _build-pinetime_nrf52832/dfu_transport_ble.o
 .text.sd_ble_gatts_rw_authorize_reply
                0x00000000000797ce        0x4 _build-pinetime_nrf52832/dfu_transport_ble.o
 .text.sd_ble_gatts_sys_attr_set
                0x00000000000797d2        0x4 _build-pinetime_nrf52832/dfu_transport_ble.o
 .text.sd_ble_gatts_sys_attr_get
                0x00000000000797d6        0x4 _build-pinetime_nrf52832/dfu_transport_ble.o
 .text.sd_ble_gatts_exchange_mtu_reply
                0x00000000000797da        0x4 _build-pinetime_nrf52832/dfu_transport_ble.o
 .text.sd_ble_uuid_encode
                0x00000000000797de        0x4 _build-pinetime_nrf52832/dfu_transport_ble.o
 .text.sd_ble_user_mem_reply
                0x00000000000797e2        0x4 _build-pinetime_nrf52832/dfu_transport_ble.o
 .text.nrf_err_code_translate
                0x00000000000797e6       0x34 _build-pinetime_nrf52832/dfu_transport_ble.o
 .text.service_error_handler
                0x000000000007981a        0x4 _build-pinetime_nrf52832/dfu_transport_ble.o
 .text.dfu_error_notify
                0x000000000007981e       0x22 _build-pinetime_nrf52832/dfu_transport_ble.o
 .text.dfu_cb_handler
                0x0000000000079840       0x68 _build-pinetime_nrf52832/dfu_transport_ble.o
 .text.advertising_add.constprop.0
                0x00000000000798a8       0x30 _build-pinetime_nrf52832/dfu_transport_ble.o
 .text.advertising_start
                0x00000000000798d8      0x16c _build-pinetime_nrf52832/dfu_transport_ble.o
 .text.ble_evt_dispatch
                0x0000000000079a44      0x2c0 _build-pinetime_nrf52832/dfu_transport_ble.o
                0x0000000000079a44                ble_evt_dispatch
 .text.dfu_transport_ble_update_start
                0x0000000000079d04      0x148 _build-pinetime_nrf52832/dfu_transport_ble.o
                0x0000000000079d04                dfu_transport_ble_update_start
 .text.dfu_transport_ble_close
                0x0000000000079e4c       0x50 _build-pinetime_nrf52832/dfu_transport_ble.o
                0x0000000000079e4c                dfu_transport_ble_close
 .text.on_dfu_evt
                0x0000000000079e9c      0x258 _build-pinetime_nrf52832/dfu_transport_ble.o
 .text.sd_mbr_command
                0x000000000007a0f4        0x4 _build-pinetime_nrf52832/dfu_single_bank.o
 .text.pstorage_callback_handler
                0x000000000007a0f8       0x68 _build-pinetime_nrf52832/dfu_single_bank.o
 .text.dfu_timeout_handler
                0x000000000007a160       0x28 _build-pinetime_nrf52832/dfu_single_bank.o
 .text.dfu_activate_bl
                0x000000000007a188       0x3c _build-pinetime_nrf52832/dfu_single_bank.o
 .text.dfu_activate_sd
                0x000000000007a1c4       0x40 _build-pinetime_nrf52832/dfu_single_bank.o
 .text.dfu_cleared_func_app
                0x000000000007a204       0x26 _build-pinetime_nrf52832/dfu_single_bank.o
 *fill*         0x000000000007a22a        0x2 
 .text.dfu_activate_app
                0x000000000007a22c       0x40 _build-pinetime_nrf52832/dfu_single_bank.o
 .text.dfu_prepare_func_app_erase
                0x000000000007a26c       0x70 _build-pinetime_nrf52832/dfu_single_bank.o
 .text.dfu_timer_restart
                0x000000000007a2dc       0x38 _build-pinetime_nrf52832/dfu_single_bank.o
 .text.dfu_sd_img_block_swap
                0x000000000007a314       0x5c _build-pinetime_nrf52832/dfu_single_bank.o
 .text.dfu_init
                0x000000000007a370       0x88 _build-pinetime_nrf52832/dfu_single_bank.o
                0x000000000007a370                dfu_init
 .text.dfu_register_callback
                0x000000000007a3f8        0xc _build-pinetime_nrf52832/dfu_single_bank.o
                0x000000000007a3f8                dfu_register_callback
 .text.dfu_start_pkt_handle
                0x000000000007a404       0xac _build-pinetime_nrf52832/dfu_single_bank.o
                0x000000000007a404                dfu_start_pkt_handle
 .text.dfu_data_pkt_handle
                0x000000000007a4b0       0xd8 _build-pinetime_nrf52832/dfu_single_bank.o
                0x000000000007a4b0                dfu_data_pkt_handle
 .text.dfu_init_pkt_complete
                0x000000000007a588       0x44 _build-pinetime_nrf52832/dfu_single_bank.o
                0x000000000007a588                dfu_init_pkt_complete
 .text.dfu_init_pkt_handle
                0x000000000007a5cc       0x64 _build-pinetime_nrf52832/dfu_single_bank.o
                0x000000000007a5cc                dfu_init_pkt_handle
 .text.dfu_image_validate
                0x000000000007a630       0x48 _build-pinetime_nrf52832/dfu_single_bank.o
                0x000000000007a630                dfu_image_validate
 .text.dfu_image_activate
                0x000000000007a678       0x30 _build-pinetime_nrf52832/dfu_single_bank.o
                0x000000000007a678                dfu_image_activate
 .text.dfu_reset
                0x000000000007a6a8       0x1c _build-pinetime_nrf52832/dfu_single_bank.o
                0x000000000007a6a8                dfu_reset
 .text.dfu_sd_image_swap
                0x000000000007a6c4       0x98 _build-pinetime_nrf52832/dfu_single_bank.o
                0x000000000007a6c4                dfu_sd_image_swap
 .text.dfu_bl_image_swap
                0x000000000007a75c       0x34 _build-pinetime_nrf52832/dfu_single_bank.o
                0x000000000007a75c                dfu_bl_image_swap
 .text.dfu_bl_image_validate
                0x000000000007a790       0x3a _build-pinetime_nrf52832/dfu_single_bank.o
                0x000000000007a790                dfu_bl_image_validate
 *fill*         0x000000000007a7ca        0x2 
 .text.dfu_sd_image_validate
                0x000000000007a7cc       0x64 _build-pinetime_nrf52832/dfu_single_bank.o
                0x000000000007a7cc                dfu_sd_image_validate
 .text.sd_flash_write
                0x000000000007a830        0x4 _build-pinetime_nrf52832/pstorage_raw.o
 .text.sd_flash_page_erase
                0x000000000007a834        0x4 _build-pinetime_nrf52832/pstorage_raw.o
 .text.app_notify
                0x000000000007a838       0x24 _build-pinetime_nrf52832/pstorage_raw.o
 .text.cmd_process
                0x000000000007a85c       0x70 _build-pinetime_nrf52832/pstorage_raw.o
 .text.cmd_queue_enqueue
                0x000000000007a8cc       0x54 _build-pinetime_nrf52832/pstorage_raw.o
 .text.pstorage_sys_event_handler
                0x000000000007a920       0xa8 _build-pinetime_nrf52832/pstorage_raw.o
                0x000000000007a920                pstorage_sys_event_handler
 .text.pstorage_init
                0x000000000007a9c8       0x44 _build-pinetime_nrf52832/pstorage_raw.o
                0x000000000007a9c8                pstorage_init
 .text.pstorage_register
                0x000000000007aa0c       0x24 _build-pinetime_nrf52832/pstorage_raw.o
                0x000000000007aa0c                pstorage_register
 .text.pstorage_store
                0x000000000007aa30       0x20 _build-pinetime_nrf52832/pstorage_raw.o
                0x000000000007aa30                pstorage_store
 .text.pstorage_clear
                0x000000000007aa50       0x16 _build-pinetime_nrf52832/pstorage_raw.o
                0x000000000007aa50                pstorage_clear
 .text.sd_ble_gatts_service_add
                0x000000000007aa66        0x4 _build-pinetime_nrf52832/ble_dfu.o
 .text.sd_ble_gatts_characteristic_add
                0x000000000007aa6a        0x4 _build-pinetime_nrf52832/ble_dfu.o
 .text.sd_ble_gatts_value_get
                0x000000000007aa6e        0x4 _build-pinetime_nrf52832/ble_dfu.o
 .text.sd_ble_gatts_hvx
                0x000000000007aa72        0x4 _build-pinetime_nrf52832/ble_dfu.o
 .text.sd_ble_gatts_rw_authorize_reply
                0x000000000007aa76        0x4 _build-pinetime_nrf52832/ble_dfu.o
 .text.sd_ble_uuid_vs_add
                0x000000000007aa7a        0x4 _build-pinetime_nrf52832/ble_dfu.o
 *fill*         0x000000000007aa7e        0x2 
 .text.ble_dfu_init
                0x000000000007aa80      0x210 _build-pinetime_nrf52832/ble_dfu.o
                0x000000000007aa80                ble_dfu_init
 .text.ble_dfu_bytes_rcvd_report
                0x000000000007ac90       0x78 _build-pinetime_nrf52832/ble_dfu.o
                0x000000000007ac90                ble_dfu_bytes_rcvd_report
 .text.ble_dfu_pkts_rcpt_notify
                0x000000000007ad08       0x74 _build-pinetime_nrf52832/ble_dfu.o
                0x000000000007ad08                ble_dfu_pkts_rcpt_notify
 .text.ble_dfu_response_send
                0x000000000007ad7c       0x68 _build-pinetime_nrf52832/ble_dfu.o
                0x000000000007ad7c                ble_dfu_response_send
 .text.ble_dfu_on_ble_evt
                0x000000000007ade4      0x174 _build-pinetime_nrf52832/ble_dfu.o
                0x000000000007ade4                ble_dfu_on_ble_evt
 .text.sd_ble_gatts_service_add
                0x000000000007af58        0x4 _build-pinetime_nrf52832/ble_dis.o
 .text.sd_ble_gatts_characteristic_add
                0x000000000007af5c        0x4 _build-pinetime_nrf52832/ble_dis.o
 .text.char_add
                0x000000000007af60       0xac _build-pinetime_nrf52832/ble_dis.o
 .text.ble_dis_init
                0x000000000007b00c      0x1a4 _build-pinetime_nrf52832/ble_dis.o
                0x000000000007b00c                ble_dis_init
 .text.user_op_alloc
                0x000000000007b1b0       0x2c _build-pinetime_nrf52832/app_timer.o
 .text.timeout_handler_scheduled_exec
                0x000000000007b1dc       0x18 _build-pinetime_nrf52832/app_timer.o
 .text.timer_stop_op_schedule
                0x000000000007b1f4       0x50 _build-pinetime_nrf52832/app_timer.o
 .text.nrf_delay_us.part.0.constprop.0
                0x000000000007b244       0x8c _build-pinetime_nrf52832/app_timer.o
 .text.rtc1_stop
                0x000000000007b2d0       0x44 _build-pinetime_nrf52832/app_timer.o
 .text.RTC1_IRQHandler
                0x000000000007b314       0xbc _build-pinetime_nrf52832/app_timer.o
                0x000000000007b314                RTC1_IRQHandler
 .text.SWI0_EGU0_IRQHandler
                0x000000000007b3d0      0x2d4 _build-pinetime_nrf52832/app_timer.o
                0x000000000007b3d0                SWI0_EGU0_IRQHandler
 .text.app_timer_init
                0x000000000007b6a4       0x60 _build-pinetime_nrf52832/app_timer.o
                0x000000000007b6a4                app_timer_init
 .text.app_timer_create
                0x000000000007b704       0x24 _build-pinetime_nrf52832/app_timer.o
                0x000000000007b704                app_timer_create
 .text.app_timer_start
                0x000000000007b728       0x90 _build-pinetime_nrf52832/app_timer.o
                0x000000000007b728                app_timer_start
 .text.app_timer_stop
                0x000000000007b7b8       0x20 _build-pinetime_nrf52832/app_timer.o
                0x000000000007b7b8                app_timer_stop
 .text.app_sched_init
                0x000000000007b7d8       0x48 _build-pinetime_nrf52832/app_scheduler.o
                0x000000000007b7d8                app_sched_init
 .text.app_sched_event_put
                0x000000000007b820       0xcc _build-pinetime_nrf52832/app_scheduler.o
                0x000000000007b820                app_sched_event_put
 .text.app_sched_execute
                0x000000000007b8ec       0x60 _build-pinetime_nrf52832/app_scheduler.o
                0x000000000007b8ec                app_sched_execute
 .text.app_error_handler_bare
                0x000000000007b94c       0x1c _build-pinetime_nrf52832/app_error.o
                0x000000000007b94c                app_error_handler_bare
 .text.app_util_critical_region_enter
                0x000000000007b968       0x48 _build-pinetime_nrf52832/app_util_platform.o
                0x000000000007b968                app_util_critical_region_enter
 .text.app_util_critical_region_exit
                0x000000000007b9b0       0x2c _build-pinetime_nrf52832/app_util_platform.o
                0x000000000007b9b0                app_util_critical_region_exit
 .text.crc16_compute
                0x000000000007b9dc       0x38 _build-pinetime_nrf52832/crc16.o
                0x000000000007b9dc                crc16_compute
 .text.hci_mem_pool_open
                0x000000000007ba14       0x28 _build-pinetime_nrf52832/hci_mem_pool.o
                0x000000000007ba14                hci_mem_pool_open
 .text.hci_mem_pool_close
                0x000000000007ba3c        0x4 _build-pinetime_nrf52832/hci_mem_pool.o
                0x000000000007ba3c                hci_mem_pool_close
 .text.hci_mem_pool_rx_produce
                0x000000000007ba40       0x54 _build-pinetime_nrf52832/hci_mem_pool.o
                0x000000000007ba40                hci_mem_pool_rx_produce
 .text.hci_mem_pool_rx_consume
                0x000000000007ba94       0x78 _build-pinetime_nrf52832/hci_mem_pool.o
                0x000000000007ba94                hci_mem_pool_rx_consume
 .text.hci_mem_pool_rx_data_size_set
                0x000000000007bb0c       0x20 _build-pinetime_nrf52832/hci_mem_pool.o
                0x000000000007bb0c                hci_mem_pool_rx_data_size_set
 .text.hci_mem_pool_rx_extract
                0x000000000007bb2c       0x44 _build-pinetime_nrf52832/hci_mem_pool.o
                0x000000000007bb2c                hci_mem_pool_rx_extract
 .text.handle_slip_end
                0x000000000007bb70       0x40 _build-pinetime_nrf52832/hci_slip.o
 .text.handle_rx_byte_esc
                0x000000000007bbb0       0x5c _build-pinetime_nrf52832/hci_slip.o
 .text.handle_rx_byte_wait_start
                0x000000000007bc0c       0x14 _build-pinetime_nrf52832/hci_slip.o
 .text.send_tx_byte_esc
                0x000000000007bc20       0x1c _build-pinetime_nrf52832/hci_slip.o
 .text.handle_rx_byte_default
                0x000000000007bc3c       0x40 _build-pinetime_nrf52832/hci_slip.o
 .text.send_tx_byte_default
                0x000000000007bc7c       0x24 _build-pinetime_nrf52832/hci_slip.o
 .text.send_tx_byte_end
                0x000000000007bca0       0x24 _build-pinetime_nrf52832/hci_slip.o
 .text.transmit_buffer
                0x000000000007bcc4       0x98 _build-pinetime_nrf52832/hci_slip.o
 .text.slip_uart_eventhandler
                0x000000000007bd5c       0x7c _build-pinetime_nrf52832/hci_slip.o
 .text.send_tx_byte_encoded
                0x000000000007bdd8       0x44 _build-pinetime_nrf52832/hci_slip.o
 .text.hci_slip_evt_handler_register
                0x000000000007be1c        0xc _build-pinetime_nrf52832/hci_slip.o
                0x000000000007be1c                hci_slip_evt_handler_register
 .text.hci_slip_open
                0x000000000007be28       0x40 _build-pinetime_nrf52832/hci_slip.o
                0x000000000007be28                hci_slip_open
 .text.hci_slip_close
                0x000000000007be68       0x10 _build-pinetime_nrf52832/hci_slip.o
                0x000000000007be68                hci_slip_close
 .text.hci_slip_write
                0x000000000007be78       0x54 _build-pinetime_nrf52832/hci_slip.o
                0x000000000007be78                hci_slip_write
 .text.hci_slip_rx_buffer_register
                0x000000000007becc       0x2c _build-pinetime_nrf52832/hci_slip.o
                0x000000000007becc                hci_slip_rx_buffer_register
 .text.ack_transmit
                0x000000000007bef8       0x24 _build-pinetime_nrf52832/hci_transport.o
 .text.tx_sm_event_handle
                0x000000000007bf1c       0xd4 _build-pinetime_nrf52832/hci_transport.o
 .text.slip_event_handle
                0x000000000007bff0      0x1a0 _build-pinetime_nrf52832/hci_transport.o
                0x000000000007bff0                slip_event_handle
 .text.hci_transport_timeout_handle
                0x000000000007c190        0x6 _build-pinetime_nrf52832/hci_transport.o
                0x000000000007c190                hci_transport_timeout_handle
 *fill*         0x000000000007c196        0x2 
 .text.hci_transport_evt_handler_reg
                0x000000000007c198       0x28 _build-pinetime_nrf52832/hci_transport.o
                0x000000000007c198                hci_transport_evt_handler_reg
 .text.hci_transport_open
                0x000000000007c1c0       0x90 _build-pinetime_nrf52832/hci_transport.o
                0x000000000007c1c0                hci_transport_open
 .text.hci_transport_close
                0x000000000007c250       0x40 _build-pinetime_nrf52832/hci_transport.o
                0x000000000007c250                hci_transport_close
 .text.hci_transport_rx_pkt_extract
                0x000000000007c290       0x38 _build-pinetime_nrf52832/hci_transport.o
                0x000000000007c290                hci_transport_rx_pkt_extract
 .text.hci_transport_rx_pkt_consume
                0x000000000007c2c8        0x6 _build-pinetime_nrf52832/hci_transport.o
                0x000000000007c2c8                hci_transport_rx_pkt_consume
 *fill*         0x000000000007c2ce        0x2 
 .text.uart_event_handler
                0x000000000007c2d0       0x64 _build-pinetime_nrf52832/app_uart.o
 .text.app_uart_init
                0x000000000007c334       0x9c _build-pinetime_nrf52832/app_uart.o
                0x000000000007c334                app_uart_init
 .text.app_uart_put
                0x000000000007c3d0       0x28 _build-pinetime_nrf52832/app_uart.o
                0x000000000007c3d0                app_uart_put
 .text.app_uart_close
                0x000000000007c3f8       0x10 _build-pinetime_nrf52832/app_uart.o
                0x000000000007c3f8                app_uart_close
 .text.nrf_uart_event_clear
                0x000000000007c408       0x10 _build-pinetime_nrf52832/nrf_drv_uart.o
 .text.nrf_uarte_event_clear
                0x000000000007c418       0x10 _build-pinetime_nrf52832/nrf_drv_uart.o
 .text.tx_byte  0x000000000007c428       0x22 _build-pinetime_nrf52832/nrf_drv_uart.o
 .text.tx_done_event
                0x000000000007c44a       0x20 _build-pinetime_nrf52832/nrf_drv_uart.o
 .text.rx_enable.isra.0
                0x000000000007c46a       0x20 _build-pinetime_nrf52832/nrf_drv_uart.o
 .text.rx_byte  0x000000000007c48a       0x2e _build-pinetime_nrf52832/nrf_drv_uart.o
 .text.rx_done_event.constprop.0
                0x000000000007c4b8       0x24 _build-pinetime_nrf52832/nrf_drv_uart.o
 .text.nrf_drv_uart_init
                0x000000000007c4dc      0x194 _build-pinetime_nrf52832/nrf_drv_uart.o
                0x000000000007c4dc                nrf_drv_uart_init
 .text.nrf_drv_uart_uninit
                0x000000000007c670      0x100 _build-pinetime_nrf52832/nrf_drv_uart.o
                0x000000000007c670                nrf_drv_uart_uninit
 .text.nrf_drv_uart_tx
                0x000000000007c770      0x108 _build-pinetime_nrf52832/nrf_drv_uart.o
                0x000000000007c770                nrf_drv_uart_tx
 .text.nrf_drv_uart_rx
                0x000000000007c878      0x188 _build-pinetime_nrf52832/nrf_drv_uart.o
                0x000000000007c878                nrf_drv_uart_rx
 .text.nrf_drv_uart_rx_enable
                0x000000000007ca00       0x28 _build-pinetime_nrf52832/nrf_drv_uart.o
                0x000000000007ca00                nrf_drv_uart_rx_enable
 .text.UARTE0_UART0_IRQHandler
                0x000000000007ca28      0x1e0 _build-pinetime_nrf52832/nrf_drv_uart.o
                0x000000000007ca28                UARTE0_UART0_IRQHandler
 .text.nrf_drv_common_irq_enable
                0x000000000007cc08       0x4c _build-pinetime_nrf52832/nrf_drv_common.o
                0x000000000007cc08                nrf_drv_common_irq_enable
 .text          0x000000000007cc54       0x3c _build-pinetime_nrf52832/gcc_startup_nrf52.o
                0x000000000007cc54                Reset_Handler
                0x000000000007cc7c                NMI_Handler
                0x000000000007cc7e                HardFault_Handler
                0x000000000007cc80                MemoryManagement_Handler
                0x000000000007cc82                BusFault_Handler
                0x000000000007cc84                UsageFault_Handler
                0x000000000007cc88                DebugMon_Handler
                0x000000000007cc8a                PendSV_Handler
                0x000000000007cc8e                TIMER2_IRQHandler
                0x000000000007cc8e                RTC0_IRQHandler
                0x000000000007cc8e                GPIOTE_IRQHandler
                0x000000000007cc8e                PWM1_IRQHandler
                0x000000000007cc8e                RADIO_IRQHandler
                0x000000000007cc8e                PDM_IRQHandler
                0x000000000007cc8e                TEMP_IRQHandler
                0x000000000007cc8e                QDEC_IRQHandler
                0x000000000007cc8e                TIMER3_IRQHandler
                0x000000000007cc8e                FPU_IRQHandler
                0x000000000007cc8e                SPIM0_SPIS0_TWIM0_TWIS0_SPI0_TWI0_IRQHandler
                0x000000000007cc8e                TIMER4_IRQHandler
                0x000000000007cc8e                I2S_IRQHandler
                0x000000000007cc8e                SWI4_EGU4_IRQHandler
                0x000000000007cc8e                TIMER0_IRQHandler
                0x000000000007cc8e                TIMER1_IRQHandler
                0x000000000007cc8e                PWM2_IRQHandler
                0x000000000007cc8e                ECB_IRQHandler
                0x000000000007cc8e                SPIM1_SPIS1_TWIM1_TWIS1_SPI1_TWI1_IRQHandler
                0x000000000007cc8e                Default_Handler
                0x000000000007cc8e                SAADC_IRQHandler
                0x000000000007cc8e                CCM_AAR_IRQHandler
                0x000000000007cc8e                WDT_IRQHandler
                0x000000000007cc8e                SWI5_EGU5_IRQHandler
                0x000000000007cc8e                RNG_IRQHandler
                0x000000000007cc8e                RTC2_IRQHandler
                0x000000000007cc8e                PWM0_IRQHandler
                0x000000000007cc8e                SWI3_EGU3_IRQHandler
                0x000000000007cc8e                SWI1_EGU1_IRQHandler
                0x000000000007cc8e                SPIM2_SPIS2_SPI2_IRQHandler
                0x000000000007cc8e                NFCT_IRQHandler
                0x000000000007cc8e                MWU_IRQHandler
                0x000000000007cc8e                COMP_LPCOMP_IRQHandler
 .text          0x000000000007cc90       0x30 /opt/gcc-arm-none-eabi-9-2019-q4-major/bin/../lib/gcc/arm-none-eabi/9.2.1/thumb/v7e-m+fp/hard/libgcc.a(_aeabi_uldivmod.o)
                0x000000000007cc90                __aeabi_uldivmod
 .text          0x000000000007ccc0      0x2c4 /opt/gcc-arm-none-eabi-9-2019-q4-major/bin/../lib/gcc/arm-none-eabi/9.2.1/thumb/v7e-m+fp/hard/libgcc.a(_udivmoddi4.o)
                0x000000000007ccc0                __udivmoddi4
 .text          0x000000000007cf84        0x4 /opt/gcc-arm-none-eabi-9-2019-q4-major/bin/../lib/gcc/arm-none-eabi/9.2.1/thumb/v7e-m+fp/hard/libgcc.a(_dvmd_tls.o)
                0x000000000007cf84                __aeabi_ldiv0
                0x000000000007cf84                __aeabi_idiv0
 .text.memcmp   0x000000000007cf88       0x1c /opt/gcc-arm-none-eabi-9-2019-q4-major/bin/../lib/gcc/arm-none-eabi/9.2.1/../../../../arm-none-eabi/lib/thumb/v7e-m+fp/hard/libc_nano.a(lib_a-memcmp.o)
                0x000000000007cf88                memcmp
 .text.memcpy   0x000000000007cfa4       0x1c /opt/gcc-arm-none-eabi-9-2019-q4-major/bin/../lib/gcc/arm-none-eabi/9.2.1/../../../../arm-none-eabi/lib/thumb/v7e-m+fp/hard/libc_nano.a(lib_a-memcpy-stub.o)
                0x000000000007cfa4                memcpy
 .text          0x000000000007cfc0       0x10 /opt/gcc-arm-none-eabi-9-2019-q4-major/bin/../lib/gcc/arm-none-eabi/9.2.1/../../../../arm-none-eabi/lib/thumb/v7e-m+fp/hard/libc_nano.a(lib_a-strlen.o)
                0x000000000007cfc0                strlen
 *(.init)
 .init          0x000000000007cfd0        0x4 /opt/gcc-arm-none-eabi-9-2019-q4-major/bin/../lib/gcc/arm-none-eabi/9.2.1/thumb/v7e-m+fp/hard/crti.o
                0x000000000007cfd0                _init
 .init          0x000000000007cfd4        0x8 /opt/gcc-arm-none-eabi-9-2019-q4-major/bin/../lib/gcc/arm-none-eabi/9.2.1/thumb/v7e-m+fp/hard/crtn.o
 *(.fini)
 .fini          0x000000000007cfdc        0x4 /opt/gcc-arm-none-eabi-9-2019-q4-major/bin/../lib/gcc/arm-none-eabi/9.2.1/thumb/v7e-m+fp/hard/crti.o
                0x000000000007cfdc                _fini
 .fini          0x000000000007cfe0        0x8 /opt/gcc-arm-none-eabi-9-2019-q4-major/bin/../lib/gcc/arm-none-eabi/9.2.1/thumb/v7e-m+fp/hard/crtn.o
 *crtbegin.o(.ctors)
 *crtbegin?.o(.ctors)
 *(EXCLUDE_FILE(*crtend.o *crtend?.o) .ctors)
 *(SORT_BY_NAME(.ctors.*))
 *(.ctors)
 *crtbegin.o(.dtors)
 *crtbegin?.o(.dtors)
 *(EXCLUDE_FILE(*crtend.o *crtend?.o) .dtors)
 *(SORT_BY_NAME(.dtors.*))
 *(.dtors)
 *(.rodata*)
 .rodata._global_impure_ptr
                0x000000000007cfe8        0x4 /opt/gcc-arm-none-eabi-9-2019-q4-major/bin/../lib/gcc/arm-none-eabi/9.2.1/../../../../arm-none-eabi/lib/thumb/v7e-m+fp/hard/libc_nano.a(lib_a-impure.o)
                0x000000000007cfe8                _global_impure_ptr
 .rodata        0x000000000007cfec        0x4 _build-pinetime_nrf52832/main.o
 .rodata.delay_machine_code.7550
                0x000000000007cff0        0x6 _build-pinetime_nrf52832/main.o
 .rodata.str1.1
                0x000000000007cff6        0x2 _build-pinetime_nrf52832/boards.o
 .rodata        0x000000000007cff8      0x444 _build-pinetime_nrf52832/boards.o
 *fill*         0x000000000007d43c        0x4 
 .rodata.delay_machine_code.7550
                0x000000000007d440        0x6 _build-pinetime_nrf52832/boards.o
 *fill*         0x000000000007d446        0x2 
 .rodata.st7789_init_data
                0x000000000007d448       0x3c _build-pinetime_nrf52832/boards.o
 .rodata.CSWTCH.16
                0x000000000007d484        0x4 _build-pinetime_nrf52832/system_nrf52.o
 .rodata.CSWTCH.6
                0x000000000007d488        0x4 _build-pinetime_nrf52832/system_nrf52.o
 .rodata._dfu_startup_timer
                0x000000000007d48c        0x4 _build-pinetime_nrf52832/bootloader.o
 .rodata.delay_machine_code.7550
                0x000000000007d490        0x6 _build-pinetime_nrf52832/bootloader.o
 .rodata.advertising_start.str1.1
                0x000000000007d496        0x8 _build-pinetime_nrf52832/dfu_transport_ble.o
 .rodata.dfu_transport_ble_update_start.str1.1
                0x000000000007d49e       0x2d _build-pinetime_nrf52832/dfu_transport_ble.o
 .rodata        0x000000000007d4cb       0x10 _build-pinetime_nrf52832/dfu_transport_ble.o
 *fill*         0x000000000007d4db        0x1 
 .rodata.m_dfu_timer_id
                0x000000000007d4dc        0x4 _build-pinetime_nrf52832/dfu_single_bank.o
 .rodata        0x000000000007d4e0       0x10 _build-pinetime_nrf52832/ble_dfu.o
 .rodata        0x000000000007d4f0       0x18 _build-pinetime_nrf52832/hci_slip.o
 .rodata.m_app_timer_id
                0x000000000007d508        0x4 _build-pinetime_nrf52832/hci_transport.o
 .rodata        0x000000000007d50c       0x20 _build-pinetime_nrf52832/app_uart.o
 *(.eh_frame*)
 .eh_frame      0x000000000007d52c        0x0 /opt/gcc-arm-none-eabi-9-2019-q4-major/bin/../lib/gcc/arm-none-eabi/9.2.1/thumb/v7e-m+fp/hard/crtbegin.o
 .eh_frame      0x000000000007d52c        0x4 /opt/gcc-arm-none-eabi-9-2019-q4-major/bin/../lib/gcc/arm-none-eabi/9.2.1/thumb/v7e-m+fp/hard/crtend.o

.glue_7         0x000000000007d530        0x0
 .glue_7        0x000000000007d530        0x0 linker stubs

.glue_7t        0x000000000007d530        0x0
 .glue_7t       0x000000000007d530        0x0 linker stubs

.vfp11_veneer   0x000000000007d530        0x0
 .vfp11_veneer  0x000000000007d530        0x0 linker stubs

.v4_bx          0x000000000007d530        0x0
 .v4_bx         0x000000000007d530        0x0 linker stubs

.iplt           0x000000000007d530        0x0
 .iplt          0x000000000007d530        0x0 /opt/gcc-arm-none-eabi-9-2019-q4-major/bin/../lib/gcc/arm-none-eabi/9.2.1/thumb/v7e-m+fp/hard/crtbegin.o

.ARM.extab
 *(.ARM.extab* .gnu.linkonce.armextab.*)
                0x000000000007d530                __exidx_start = .

.ARM.exidx      0x000000000007d530        0x8
 *(.ARM.exidx* .gnu.linkonce.armexidx.*)
 .ARM.exidx     0x000000000007d530        0x8 /opt/gcc-arm-none-eabi-9-2019-q4-major/bin/../lib/gcc/arm-none-eabi/9.2.1/../../../../arm-none-eabi/lib/thumb/v7e-m+fp/hard/crt0.o
 .ARM.exidx     0x000000000007d538        0x0 /opt/gcc-arm-none-eabi-9-2019-q4-major/bin/../lib/gcc/arm-none-eabi/9.2.1/thumb/v7e-m+fp/hard/libgcc.a(_udivmoddi4.o)
                                          0x8 (size before relaxing)
                0x000000000007d538                __exidx_end = .
                0x000000000007d538                __etext = .

.rel.dyn        0x000000000007d538        0x0
 .rel.iplt      0x000000000007d538        0x0 /opt/gcc-arm-none-eabi-9-2019-q4-major/bin/../lib/gcc/arm-none-eabi/9.2.1/thumb/v7e-m+fp/hard/crtbegin.o

.data           0x0000000020008000       0x8c load address 0x000000000007d538
                0x0000000020008000                __data_start__ = .
 *(vtable)
 *(.data*)
 .data.impure_data
                0x0000000020008000       0x60 /opt/gcc-arm-none-eabi-9-2019-q4-major/bin/../lib/gcc/arm-none-eabi/9.2.1/../../../../arm-none-eabi/lib/thumb/v7e-m+fp/hard/libc_nano.a(lib_a-impure.o)
 .data.dbl_reset_mem
                0x0000000020008060        0x4 _build-pinetime_nrf52832/main.o
                0x0000000020008060                dbl_reset_mem
 .data._fl_addr
                0x0000000020008064        0x4 _build-pinetime_nrf52832/flash_nrf5x.o
 .data.SystemCoreClock
                0x0000000020008068        0x4 _build-pinetime_nrf52832/system_nrf52.o
                0x0000000020008068                SystemCoreClock
 .data._adv_handle
                0x000000002000806c        0x1 _build-pinetime_nrf52832/dfu_transport_ble.o
 *fill*         0x000000002000806d        0x1 
 .data.m_conn_handle
                0x000000002000806e        0x2 _build-pinetime_nrf52832/dfu_transport_ble.o
 .data.m_direct_adv_cnt
                0x0000000020008070        0x4 _build-pinetime_nrf52832/dfu_transport_ble.o
 .data.handle_rx_byte
                0x0000000020008074        0x4 _build-pinetime_nrf52832/hci_slip.o
 .data.send_tx_byte
                0x0000000020008078        0x4 _build-pinetime_nrf52832/hci_slip.o
                0x0000000020008078                send_tx_byte
 .data.app_uart_inst
                0x000000002000807c        0x8 _build-pinetime_nrf52832/app_uart.o
                0x0000000020008084                . = ALIGN (0x4)
                0x0000000020008084                PROVIDE (__preinit_array_start = .)
 *(.preinit_array)
                0x0000000020008084                PROVIDE (__preinit_array_end = .)
                0x0000000020008084                . = ALIGN (0x4)
                0x0000000020008084                PROVIDE (__init_array_start = .)
 *(SORT_BY_NAME(.init_array.*))
 *(.init_array)
 .init_array    0x0000000020008084        0x4 /opt/gcc-arm-none-eabi-9-2019-q4-major/bin/../lib/gcc/arm-none-eabi/9.2.1/thumb/v7e-m+fp/hard/crtbegin.o
                0x0000000020008088                PROVIDE (__init_array_end = .)
                0x0000000020008088                . = ALIGN (0x4)
                [!provide]                        PROVIDE (__fini_array_start = .)
 *(SORT_BY_NAME(.fini_array.*))
 *(.fini_array)
 .fini_array    0x0000000020008088        0x4 /opt/gcc-arm-none-eabi-9-2019-q4-major/bin/../lib/gcc/arm-none-eabi/9.2.1/thumb/v7e-m+fp/hard/crtbegin.o
                [!provide]                        PROVIDE (__fini_array_end = .)
 *(.jcr*)
                0x000000002000808c                . = ALIGN (0x4)
                0x000000002000808c                __data_end__ = .

.igot.plt       0x000000002000808c        0x0 load address 0x000000000007d5c4
 .igot.plt      0x000000002000808c        0x0 /opt/gcc-arm-none-eabi-9-2019-q4-major/bin/../lib/gcc/arm-none-eabi/9.2.1/thumb/v7e-m+fp/hard/crtbegin.o

.bss            0x000000002000808c     0x3d34 load address 0x000000000007d5c4
                0x000000002000808c                . = ALIGN (0x4)
                0x000000002000808c                __bss_start__ = .
 *(.bss*)
 .bss           0x000000002000808c       0x1c /opt/gcc-arm-none-eabi-9-2019-q4-major/bin/../lib/gcc/arm-none-eabi/9.2.1/thumb/v7e-m+fp/hard/crtbegin.o
 .bss._ota_connected
                0x00000000200080a8        0x1 _build-pinetime_nrf52832/main.o
                0x00000000200080a8                _ota_connected
 .bss._ota_dfu  0x00000000200080a9        0x1 _build-pinetime_nrf52832/main.o
                0x00000000200080a9                _ota_dfu
 *fill*         0x00000000200080aa        0x2 
 .bss.APP_SCHED_BUF.9423
                0x00000000200080ac      0x1f0 _build-pinetime_nrf52832/boards.o
 .bss._long_press_count
                0x000000002000829c        0x4 _build-pinetime_nrf52832/boards.o
 .bss._systick_count
                0x00000000200082a0        0x4 _build-pinetime_nrf52832/boards.o
 .bss._fl_buf   0x00000000200082a4     0x1000 _build-pinetime_nrf52832/flash_nrf5x.o
 .bss.m_extended_packet
                0x00000000200092a4        0xa _build-pinetime_nrf52832/dfu_init.o
 *fill*         0x00000000200092ae        0x2 
 .bss.m_pofwarn_handler
                0x00000000200092b0        0x4 _build-pinetime_nrf52832/nrfx_power.o
 .bss.m_sleepevt_handler
                0x00000000200092b4        0x4 _build-pinetime_nrf52832/nrfx_power.o
 .bss._dfu_startup_timer_data
                0x00000000200092b8       0x20 _build-pinetime_nrf52832/bootloader.o
 .bss.dfu_startup_packet_received
                0x00000000200092d8        0x1 _build-pinetime_nrf52832/bootloader.o
                0x00000000200092d8                dfu_startup_packet_received
 *fill*         0x00000000200092d9        0x3 
 .bss.m_bootsettings_handle
                0x00000000200092dc        0x8 _build-pinetime_nrf52832/bootloader.o
 .bss.m_update_status
                0x00000000200092e4        0x1 _build-pinetime_nrf52832/bootloader.o
 *fill*         0x00000000200092e5        0x3 
 .bss.settings.9762
                0x00000000200092e8       0x1c _build-pinetime_nrf52832/bootloader.o
 .bss.m_data_queue
                0x0000000020009304       0x34 _build-pinetime_nrf52832/dfu_transport_serial.o
 .bss.adv_buf.11055
                0x0000000020009338       0x1f _build-pinetime_nrf52832/dfu_transport_ble.o
 *fill*         0x0000000020009357        0x1 
 .bss.gap_adv.11056
                0x0000000020009358       0x10 _build-pinetime_nrf52832/dfu_transport_ble.o
 .bss.m_ble_peer_data
                0x0000000020009368       0x3c _build-pinetime_nrf52832/dfu_transport_ble.o
 .bss.m_ble_peer_data_valid
                0x00000000200093a4        0x1 _build-pinetime_nrf52832/dfu_transport_ble.o
 *fill*         0x00000000200093a5        0x3 
 .bss.m_dfu     0x00000000200093a8       0x30 _build-pinetime_nrf52832/dfu_transport_ble.o
 .bss.m_gap_ids
                0x00000000200093d8        0x4 _build-pinetime_nrf52832/dfu_transport_ble.o
 .bss.m_is_advertising
                0x00000000200093dc        0x1 _build-pinetime_nrf52832/dfu_transport_ble.o
 *fill*         0x00000000200093dd        0x3 
 .bss.m_num_of_firmware_bytes_rcvd
                0x00000000200093e0        0x4 _build-pinetime_nrf52832/dfu_transport_ble.o
 .bss.m_pkt_notif_target
                0x00000000200093e4        0x2 _build-pinetime_nrf52832/dfu_transport_ble.o
 .bss.m_pkt_notif_target_cnt
                0x00000000200093e6        0x2 _build-pinetime_nrf52832/dfu_transport_ble.o
 .bss.m_pkt_rcpt_notif_enabled
                0x00000000200093e8        0x1 _build-pinetime_nrf52832/dfu_transport_ble.o
 .bss.m_pkt_type
                0x00000000200093e9        0x1 _build-pinetime_nrf52832/dfu_transport_ble.o
 .bss.m_sec_params
                0x00000000200093ea        0x5 _build-pinetime_nrf52832/dfu_transport_ble.o
 .bss.m_tear_down_in_progress
                0x00000000200093ef        0x1 _build-pinetime_nrf52832/dfu_transport_ble.o
 .bss.m_update_mode
                0x00000000200093f0        0x1 _build-pinetime_nrf52832/dfu_transport_ble.o
 *fill*         0x00000000200093f1        0x3 
 .bss.m_whitelist
                0x00000000200093f4        0x4 _build-pinetime_nrf52832/dfu_transport_ble.o
 .bss.mp_final_packet
                0x00000000200093f8        0x4 _build-pinetime_nrf52832/dfu_transport_ble.o
 .bss.mp_rx_buffer
                0x00000000200093fc        0x4 _build-pinetime_nrf52832/dfu_transport_ble.o
 .bss.m_data_pkt_cb
                0x0000000020009400        0x4 _build-pinetime_nrf52832/dfu_single_bank.o
 .bss.m_data_received
                0x0000000020009404        0x4 _build-pinetime_nrf52832/dfu_single_bank.o
 .bss.m_dfu_state
                0x0000000020009408        0x1 _build-pinetime_nrf52832/dfu_single_bank.o
 .bss.m_dfu_timed_out
                0x0000000020009409        0x1 _build-pinetime_nrf52832/dfu_single_bank.o
 *fill*         0x000000002000940a        0x2 
 .bss.m_dfu_timer_id_data
                0x000000002000940c       0x20 _build-pinetime_nrf52832/dfu_single_bank.o
 .bss.m_functions
                0x000000002000942c        0xc _build-pinetime_nrf52832/dfu_single_bank.o
 .bss.m_image_crc
                0x0000000020009438        0x2 _build-pinetime_nrf52832/dfu_single_bank.o
 *fill*         0x000000002000943a        0x2 
 .bss.m_image_size
                0x000000002000943c        0x4 _build-pinetime_nrf52832/dfu_single_bank.o
 .bss.m_init_packet
                0x0000000020009440       0x40 _build-pinetime_nrf52832/dfu_single_bank.o
 .bss.m_init_packet_length
                0x0000000020009480        0x1 _build-pinetime_nrf52832/dfu_single_bank.o
 *fill*         0x0000000020009481        0x3 
 .bss.m_start_packet
                0x0000000020009484       0x10 _build-pinetime_nrf52832/dfu_single_bank.o
 .bss.m_storage_handle_app
                0x0000000020009494        0x8 _build-pinetime_nrf52832/dfu_single_bank.o
 .bss.mp_storage_handle_active
                0x000000002000949c        0x4 _build-pinetime_nrf52832/dfu_single_bank.o
 .bss.m_app_table
                0x00000000200094a0       0x10 _build-pinetime_nrf52832/pstorage_raw.o
 .bss.m_cmd_queue
                0x00000000200094b0       0xf4 _build-pinetime_nrf52832/pstorage_raw.o
 .bss.m_next_app_instance
                0x00000000200095a4        0x4 _build-pinetime_nrf52832/pstorage_raw.o
 .bss.m_round_val
                0x00000000200095a8        0x4 _build-pinetime_nrf52832/pstorage_raw.o
 .bss.m_is_dfu_service_initialized
                0x00000000200095ac        0x1 _build-pinetime_nrf52832/ble_dfu.o
 .bss.m_notif_buffer
                0x00000000200095ad        0x7 _build-pinetime_nrf52832/ble_dfu.o
 .bss.fw_rev_handles
                0x00000000200095b4        0x8 _build-pinetime_nrf52832/ble_dis.o
 .bss.hw_rev_handles
                0x00000000200095bc        0x8 _build-pinetime_nrf52832/ble_dis.o
 .bss.manufact_name_handles
                0x00000000200095c4        0x8 _build-pinetime_nrf52832/ble_dis.o
 .bss.model_num_handles
                0x00000000200095cc        0x8 _build-pinetime_nrf52832/ble_dis.o
 .bss.pnp_id_handles
                0x00000000200095d4        0x8 _build-pinetime_nrf52832/ble_dis.o
 .bss.reg_cert_data_list_handles
                0x00000000200095dc        0x8 _build-pinetime_nrf52832/ble_dis.o
 .bss.serial_num_handles
                0x00000000200095e4        0x8 _build-pinetime_nrf52832/ble_dis.o
 .bss.service_handle
                0x00000000200095ec        0x2 _build-pinetime_nrf52832/ble_dis.o
 .bss.sw_rev_handles
                0x00000000200095ee        0x8 _build-pinetime_nrf52832/ble_dis.o
 .bss.sys_id_handles
                0x00000000200095f6        0x8 _build-pinetime_nrf52832/ble_dis.o
 *fill*         0x00000000200095fe        0x2 
 .bss.m_op_queue
                0x0000000020009600      0x10c _build-pinetime_nrf52832/app_timer.o
 .bss.m_rtc1_reset
                0x000000002000970c        0x1 _build-pinetime_nrf52832/app_timer.o
 .bss.m_rtc1_running
                0x000000002000970d        0x1 _build-pinetime_nrf52832/app_timer.o
 *fill*         0x000000002000970e        0x2 
 .bss.m_ticks_elapsed
                0x0000000020009710        0x8 _build-pinetime_nrf52832/app_timer.o
 .bss.m_ticks_elapsed_q_read_ind
                0x0000000020009718        0x1 _build-pinetime_nrf52832/app_timer.o
 .bss.m_ticks_elapsed_q_write_ind
                0x0000000020009719        0x1 _build-pinetime_nrf52832/app_timer.o
 *fill*         0x000000002000971a        0x2 
 .bss.m_ticks_latest
                0x000000002000971c        0x4 _build-pinetime_nrf52832/app_timer.o
 .bss.mp_timer_id_head
                0x0000000020009720        0x4 _build-pinetime_nrf52832/app_timer.o
 .bss.m_queue_end_index
                0x0000000020009724        0x1 _build-pinetime_nrf52832/app_scheduler.o
 *fill*         0x0000000020009725        0x3 
 .bss.m_queue_event_data
                0x0000000020009728        0x4 _build-pinetime_nrf52832/app_scheduler.o
 .bss.m_queue_event_headers
                0x000000002000972c        0x4 _build-pinetime_nrf52832/app_scheduler.o
 .bss.m_queue_event_size
                0x0000000020009730        0x2 _build-pinetime_nrf52832/app_scheduler.o
 .bss.m_queue_size
                0x0000000020009732        0x2 _build-pinetime_nrf52832/app_scheduler.o
 .bss.m_queue_start_index
                0x0000000020009734        0x1 _build-pinetime_nrf52832/app_scheduler.o
 .bss.m_is_tx_allocated
                0x0000000020009735        0x1 _build-pinetime_nrf52832/hci_mem_pool.o
 *fill*         0x0000000020009736        0x2 
 .bss.m_rx_buffer_elem_queue
                0x0000000020009738     0x25c0 _build-pinetime_nrf52832/hci_mem_pool.o
 .bss.m_rx_buffer_queue
                0x000000002000bcf8       0x1c _build-pinetime_nrf52832/hci_mem_pool.o
 .bss.m_current_state
                0x000000002000bd14        0x1 _build-pinetime_nrf52832/hci_slip.o
 *fill*         0x000000002000bd15        0x3 
 .bss.m_rx_buffer_length
                0x000000002000bd18        0x4 _build-pinetime_nrf52832/hci_slip.o
 .bss.m_rx_received_count
                0x000000002000bd1c        0x4 _build-pinetime_nrf52832/hci_slip.o
 .bss.m_slip_event_handler
                0x000000002000bd20        0x4 _build-pinetime_nrf52832/hci_slip.o
 .bss.m_tx_buffer_index
                0x000000002000bd24        0x4 _build-pinetime_nrf52832/hci_slip.o
 .bss.m_tx_buffer_length
                0x000000002000bd28        0x4 _build-pinetime_nrf52832/hci_slip.o
 .bss.mp_rx_buffer
                0x000000002000bd2c        0x4 _build-pinetime_nrf52832/hci_slip.o
 .bss.mp_tx_buffer
                0x000000002000bd30        0x4 _build-pinetime_nrf52832/hci_slip.o
 .bss.ack_packet.8968
                0x000000002000bd34        0x4 _build-pinetime_nrf52832/hci_transport.o
 .bss.m_app_timer_id_data
                0x000000002000bd38       0x20 _build-pinetime_nrf52832/hci_transport.o
 .bss.m_is_slip_decode_ready
                0x000000002000bd58        0x1 _build-pinetime_nrf52832/hci_transport.o
 *fill*         0x000000002000bd59        0x3 
 .bss.m_packet_expected_seq_number
                0x000000002000bd5c        0x4 _build-pinetime_nrf52832/hci_transport.o
 .bss.m_packet_transmit_seq_number
                0x000000002000bd60        0x4 _build-pinetime_nrf52832/hci_transport.o
 .bss.m_rx_ack_buffer
                0x000000002000bd64        0x5 _build-pinetime_nrf52832/hci_transport.o
 *fill*         0x000000002000bd69        0x3 
 .bss.m_transport_event_handle
                0x000000002000bd6c        0x4 _build-pinetime_nrf52832/hci_transport.o
 .bss.m_transport_tx_done_handle
                0x000000002000bd70        0x4 _build-pinetime_nrf52832/hci_transport.o
 .bss.m_tx_buffer_length
                0x000000002000bd74        0x4 _build-pinetime_nrf52832/hci_transport.o
 .bss.m_tx_done_result_code
                0x000000002000bd78        0x1 _build-pinetime_nrf52832/hci_transport.o
 *fill*         0x000000002000bd79        0x3 
 .bss.m_tx_retry_counter
                0x000000002000bd7c        0x4 _build-pinetime_nrf52832/hci_transport.o
 .bss.m_tx_state
                0x000000002000bd80        0x1 _build-pinetime_nrf52832/hci_transport.o
 *fill*         0x000000002000bd81        0x3 
 .bss.mp_slip_used_rx_buffer
                0x000000002000bd84        0x4 _build-pinetime_nrf52832/hci_transport.o
 .bss.mp_tx_buffer
                0x000000002000bd88        0x4 _build-pinetime_nrf52832/hci_transport.o
 .bss.m_event_handler
                0x000000002000bd8c        0x4 _build-pinetime_nrf52832/app_uart.o
 .bss.rx_buffer
                0x000000002000bd90        0x1 _build-pinetime_nrf52832/app_uart.o
 .bss.rx_done   0x000000002000bd91        0x1 _build-pinetime_nrf52832/app_uart.o
 .bss.tx_buffer
                0x000000002000bd92        0x1 _build-pinetime_nrf52832/app_uart.o
 *fill*         0x000000002000bd93        0x1 
 .bss.m_cb      0x000000002000bd94       0x20 _build-pinetime_nrf52832/nrf_drv_uart.o
 *(COMMON)
 COMMON         0x000000002000bdb4        0xc _build-pinetime_nrf52832/app_util_platform.o
                0x000000002000bdb4                nrf_nvic_state
                0x000000002000bdc0                . = ALIGN (0x4)
                0x000000002000bdc0                __bss_end__ = .

.heap           0x000000002000bdc0        0x0
                0x000000002000bdc0                __HeapBase = .
                0x000000002000bdc0                __end__ = .
                [!provide]                        PROVIDE (end = .)
 *(.heap*)
 .heap          0x000000002000bdc0        0x0 _build-pinetime_nrf52832/gcc_startup_nrf52.o
                0x000000002000bdc0                __HeapLimit = .

.stack_dummy    0x000000002000bdc0     0x2000
 *(.stack*)
 .stack         0x000000002000bdc0     0x2000 _build-pinetime_nrf52832/gcc_startup_nrf52.o
                0x0000000020010000                __StackTop = (ORIGIN (RAM) + LENGTH (RAM))
                0x000000002000e000                __StackLimit = (__StackTop - SIZEOF (.stack_dummy))
                0x0000000020010000                PROVIDE (__stack = __StackTop)
                0x0000000000000001                ASSERT ((__StackLimit >= __HeapLimit), region RAM overflowed with stack)
                0x000000000000008c                DataInitFlashUsed = (__bss_start__ - __data_start__)
                0x0000000000005538                CodeFlashUsed = (__etext - ORIGIN (FLASH))
                0x00000000000055c4                TotalFlashUsed = (CodeFlashUsed + DataInitFlashUsed)
                0x0000000000000001                ASSERT ((TotalFlashUsed <= LENGTH (FLASH)), region FLASH overflowed with .data and user data)
OUTPUT(_build-pinetime_nrf52832/pinetime_nrf52832_bootloader-0.3.0-37-g477d2e0-nosd.out elf32-littlearm)

.ARM.attributes
                0x0000000000000000       0x30
 .ARM.attributes
                0x0000000000000000       0x1e /opt/gcc-arm-none-eabi-9-2019-q4-major/bin/../lib/gcc/arm-none-eabi/9.2.1/thumb/v7e-m+fp/hard/crti.o
 .ARM.attributes
                0x000000000000001e       0x34 /opt/gcc-arm-none-eabi-9-2019-q4-major/bin/../lib/gcc/arm-none-eabi/9.2.1/thumb/v7e-m+fp/hard/crtbegin.o
 .ARM.attributes
                0x0000000000000052       0x1c /opt/gcc-arm-none-eabi-9-2019-q4-major/bin/../lib/gcc/arm-none-eabi/9.2.1/../../../../arm-none-eabi/lib/thumb/v7e-m+fp/hard/crt0.o
 .ARM.attributes
                0x000000000000006e       0x34 /opt/gcc-arm-none-eabi-9-2019-q4-major/bin/../lib/gcc/arm-none-eabi/9.2.1/../../../../arm-none-eabi/lib/thumb/v7e-m+fp/hard/libc_nano.a(lib_a-exit.o)
 .ARM.attributes
                0x00000000000000a2       0x32 /opt/gcc-arm-none-eabi-9-2019-q4-major/bin/../lib/gcc/arm-none-eabi/9.2.1/../../../../arm-none-eabi/lib/thumb/v7e-m+fp/hard/libc_nano.a(lib_a-impure.o)
 .ARM.attributes
                0x00000000000000d4       0x34 /opt/gcc-arm-none-eabi-9-2019-q4-major/bin/../lib/gcc/arm-none-eabi/9.2.1/../../../../arm-none-eabi/lib/thumb/v7e-m+fp/hard/libc_nano.a(lib_a-init.o)
 .ARM.attributes
                0x0000000000000108       0x34 /opt/gcc-arm-none-eabi-9-2019-q4-major/bin/../lib/gcc/arm-none-eabi/9.2.1/../../../../arm-none-eabi/lib/thumb/v7e-m+fp/hard/libc_nano.a(lib_a-memset.o)
 .ARM.attributes
                0x000000000000013c       0x34 /opt/gcc-arm-none-eabi-9-2019-q4-major/bin/../lib/gcc/arm-none-eabi/9.2.1/../../../../arm-none-eabi/lib/thumb/v7e-m+fp/hard/libnosys.a(_exit.o)
 .ARM.attributes
                0x0000000000000170       0x34 _build-pinetime_nrf52832/main.o
 .ARM.attributes
                0x00000000000001a4       0x34 _build-pinetime_nrf52832/boards.o
 .ARM.attributes
                0x00000000000001d8       0x34 _build-pinetime_nrf52832/flash_nrf5x.o
 .ARM.attributes
                0x000000000000020c       0x34 _build-pinetime_nrf52832/dfu_ble_svc.o
 .ARM.attributes
                0x0000000000000240       0x34 _build-pinetime_nrf52832/dfu_init.o
 .ARM.attributes
                0x0000000000000274       0x34 _build-pinetime_nrf52832/nrfx_power.o
 .ARM.attributes
                0x00000000000002a8       0x34 _build-pinetime_nrf52832/nrfx_nvmc.o
 .ARM.attributes
                0x00000000000002dc       0x34 _build-pinetime_nrf52832/system_nrf52.o
 .ARM.attributes
                0x0000000000000310       0x34 _build-pinetime_nrf52832/bootloader.o
 .ARM.attributes
                0x0000000000000344       0x34 _build-pinetime_nrf52832/bootloader_settings.o
 .ARM.attributes
                0x0000000000000378       0x34 _build-pinetime_nrf52832/bootloader_util.o
 .ARM.attributes
                0x00000000000003ac       0x34 _build-pinetime_nrf52832/dfu_transport_serial.o
 .ARM.attributes
                0x00000000000003e0       0x34 _build-pinetime_nrf52832/dfu_transport_ble.o
 .ARM.attributes
                0x0000000000000414       0x34 _build-pinetime_nrf52832/dfu_single_bank.o
 .ARM.attributes
                0x0000000000000448       0x34 _build-pinetime_nrf52832/pstorage_raw.o
 .ARM.attributes
                0x000000000000047c       0x34 _build-pinetime_nrf52832/ble_dfu.o
 .ARM.attributes
                0x00000000000004b0       0x34 _build-pinetime_nrf52832/ble_dis.o
 .ARM.attributes
                0x00000000000004e4       0x34 _build-pinetime_nrf52832/app_timer.o
 .ARM.attributes
                0x0000000000000518       0x34 _build-pinetime_nrf52832/app_scheduler.o
 .ARM.attributes
                0x000000000000054c       0x34 _build-pinetime_nrf52832/app_error.o
 .ARM.attributes
                0x0000000000000580       0x34 _build-pinetime_nrf52832/app_util_platform.o
 .ARM.attributes
                0x00000000000005b4       0x34 _build-pinetime_nrf52832/crc16.o
 .ARM.attributes
                0x00000000000005e8       0x34 _build-pinetime_nrf52832/hci_mem_pool.o
 .ARM.attributes
                0x000000000000061c       0x34 _build-pinetime_nrf52832/hci_slip.o
 .ARM.attributes
                0x0000000000000650       0x34 _build-pinetime_nrf52832/hci_transport.o
 .ARM.attributes
                0x0000000000000684       0x34 _build-pinetime_nrf52832/app_uart.o
 .ARM.attributes
                0x00000000000006b8       0x34 _build-pinetime_nrf52832/nrf_drv_uart.o
 .ARM.attributes
                0x00000000000006ec       0x34 _build-pinetime_nrf52832/nrf_drv_common.o
 .ARM.attributes
                0x0000000000000720       0x1c _build-pinetime_nrf52832/gcc_startup_nrf52.o
 .ARM.attributes
                0x000000000000073c       0x1e /opt/gcc-arm-none-eabi-9-2019-q4-major/bin/../lib/gcc/arm-none-eabi/9.2.1/thumb/v7e-m+fp/hard/libgcc.a(_aeabi_uldivmod.o)
 .ARM.attributes
                0x000000000000075a       0x34 /opt/gcc-arm-none-eabi-9-2019-q4-major/bin/../lib/gcc/arm-none-eabi/9.2.1/thumb/v7e-m+fp/hard/libgcc.a(_udivmoddi4.o)
 .ARM.attributes
                0x000000000000078e       0x1e /opt/gcc-arm-none-eabi-9-2019-q4-major/bin/../lib/gcc/arm-none-eabi/9.2.1/thumb/v7e-m+fp/hard/libgcc.a(_dvmd_tls.o)
 .ARM.attributes
                0x00000000000007ac       0x34 /opt/gcc-arm-none-eabi-9-2019-q4-major/bin/../lib/gcc/arm-none-eabi/9.2.1/../../../../arm-none-eabi/lib/thumb/v7e-m+fp/hard/libc_nano.a(lib_a-memcmp.o)
 .ARM.attributes
                0x00000000000007e0       0x34 /opt/gcc-arm-none-eabi-9-2019-q4-major/bin/../lib/gcc/arm-none-eabi/9.2.1/../../../../arm-none-eabi/lib/thumb/v7e-m+fp/hard/libc_nano.a(lib_a-memcpy-stub.o)
 .ARM.attributes
                0x0000000000000814       0x17 /opt/gcc-arm-none-eabi-9-2019-q4-major/bin/../lib/gcc/arm-none-eabi/9.2.1/../../../../arm-none-eabi/lib/thumb/v7e-m+fp/hard/libc_nano.a(lib_a-strlen.o)
 .ARM.attributes
                0x000000000000082b       0x32 /opt/gcc-arm-none-eabi-9-2019-q4-major/bin/../lib/gcc/arm-none-eabi/9.2.1/thumb/v7e-m+fp/hard/crtend.o
 .ARM.attributes
                0x000000000000085d       0x1e /opt/gcc-arm-none-eabi-9-2019-q4-major/bin/../lib/gcc/arm-none-eabi/9.2.1/thumb/v7e-m+fp/hard/crtn.o

.comment        0x0000000000000000       0x79
 .comment       0x0000000000000000       0x79 _build-pinetime_nrf52832/main.o
                                         0x7a (size before relaxing)
 .comment       0x0000000000000079       0x7a _build-pinetime_nrf52832/boards.o
 .comment       0x0000000000000079       0x7a _build-pinetime_nrf52832/flash_nrf5x.o
 .comment       0x0000000000000079       0x7a _build-pinetime_nrf52832/dfu_ble_svc.o
 .comment       0x0000000000000079       0x7a _build-pinetime_nrf52832/dfu_init.o
 .comment       0x0000000000000079       0x7a _build-pinetime_nrf52832/nrfx_power.o
 .comment       0x0000000000000079       0x7a _build-pinetime_nrf52832/nrfx_nvmc.o
 .comment       0x0000000000000079       0x7a _build-pinetime_nrf52832/system_nrf52.o
 .comment       0x0000000000000079       0x7a _build-pinetime_nrf52832/bootloader.o
 .comment       0x0000000000000079       0x7a _build-pinetime_nrf52832/bootloader_settings.o
 .comment       0x0000000000000079       0x7a _build-pinetime_nrf52832/bootloader_util.o
 .comment       0x0000000000000079       0x7a _build-pinetime_nrf52832/dfu_transport_serial.o
 .comment       0x0000000000000079       0x7a _build-pinetime_nrf52832/dfu_transport_ble.o
 .comment       0x0000000000000079       0x7a _build-pinetime_nrf52832/dfu_single_bank.o
 .comment       0x0000000000000079       0x7a _build-pinetime_nrf52832/pstorage_raw.o
 .comment       0x0000000000000079       0x7a _build-pinetime_nrf52832/ble_dfu.o
 .comment       0x0000000000000079       0x7a _build-pinetime_nrf52832/ble_dis.o
 .comment       0x0000000000000079       0x7a _build-pinetime_nrf52832/app_timer.o
 .comment       0x0000000000000079       0x7a _build-pinetime_nrf52832/app_scheduler.o
 .comment       0x0000000000000079       0x7a _build-pinetime_nrf52832/app_error.o
 .comment       0x0000000000000079       0x7a _build-pinetime_nrf52832/app_util_platform.o
 .comment       0x0000000000000079       0x7a _build-pinetime_nrf52832/crc16.o
 .comment       0x0000000000000079       0x7a _build-pinetime_nrf52832/hci_mem_pool.o
 .comment       0x0000000000000079       0x7a _build-pinetime_nrf52832/hci_slip.o
 .comment       0x0000000000000079       0x7a _build-pinetime_nrf52832/hci_transport.o
 .comment       0x0000000000000079       0x7a _build-pinetime_nrf52832/app_uart.o
 .comment       0x0000000000000079       0x7a _build-pinetime_nrf52832/nrf_drv_uart.o
 .comment       0x0000000000000079       0x7a _build-pinetime_nrf52832/nrf_drv_common.o

.debug_frame    0x0000000000000000     0x1d08
 .debug_frame   0x0000000000000000       0x28 /opt/gcc-arm-none-eabi-9-2019-q4-major/bin/../lib/gcc/arm-none-eabi/9.2.1/../../../../arm-none-eabi/lib/thumb/v7e-m+fp/hard/libc_nano.a(lib_a-exit.o)
 .debug_frame   0x0000000000000028       0x2c /opt/gcc-arm-none-eabi-9-2019-q4-major/bin/../lib/gcc/arm-none-eabi/9.2.1/../../../../arm-none-eabi/lib/thumb/v7e-m+fp/hard/libc_nano.a(lib_a-init.o)
 .debug_frame   0x0000000000000054       0x20 /opt/gcc-arm-none-eabi-9-2019-q4-major/bin/../lib/gcc/arm-none-eabi/9.2.1/../../../../arm-none-eabi/lib/thumb/v7e-m+fp/hard/libc_nano.a(lib_a-memset.o)
 .debug_frame   0x0000000000000074       0x20 /opt/gcc-arm-none-eabi-9-2019-q4-major/bin/../lib/gcc/arm-none-eabi/9.2.1/../../../../arm-none-eabi/lib/thumb/v7e-m+fp/hard/libnosys.a(_exit.o)
 .debug_frame   0x0000000000000094      0x1a4 _build-pinetime_nrf52832/main.o
 .debug_frame   0x0000000000000238      0x180 _build-pinetime_nrf52832/boards.o
 .debug_frame   0x00000000000003b8       0x54 _build-pinetime_nrf52832/flash_nrf5x.o
 .debug_frame   0x000000000000040c       0x58 _build-pinetime_nrf52832/dfu_ble_svc.o
 .debug_frame   0x0000000000000464       0x44 _build-pinetime_nrf52832/dfu_init.o
 .debug_frame   0x00000000000004a8       0xf0 _build-pinetime_nrf52832/nrfx_power.o
 .debug_frame   0x0000000000000598      0x130 _build-pinetime_nrf52832/nrfx_nvmc.o
 .debug_frame   0x00000000000006c8       0x68 _build-pinetime_nrf52832/system_nrf52.o
 .debug_frame   0x0000000000000730      0x1ac _build-pinetime_nrf52832/bootloader.o
 .debug_frame   0x00000000000008dc       0x20 _build-pinetime_nrf52832/bootloader_settings.o
 .debug_frame   0x00000000000008fc       0x40 _build-pinetime_nrf52832/bootloader_util.o
 .debug_frame   0x000000000000093c       0xb4 _build-pinetime_nrf52832/dfu_transport_serial.o
 .debug_frame   0x00000000000009f0      0x2b4 _build-pinetime_nrf52832/dfu_transport_ble.o
 .debug_frame   0x0000000000000ca4      0x2f4 _build-pinetime_nrf52832/dfu_single_bank.o
 .debug_frame   0x0000000000000f98      0x118 _build-pinetime_nrf52832/pstorage_raw.o
 .debug_frame   0x00000000000010b0      0x130 _build-pinetime_nrf52832/ble_dfu.o
 .debug_frame   0x00000000000011e0       0x7c _build-pinetime_nrf52832/ble_dis.o
 .debug_frame   0x000000000000125c      0x18c _build-pinetime_nrf52832/app_timer.o
 .debug_frame   0x00000000000013e8       0x88 _build-pinetime_nrf52832/app_scheduler.o
 .debug_frame   0x0000000000001470       0x5c _build-pinetime_nrf52832/app_error.o
 .debug_frame   0x00000000000014cc       0x84 _build-pinetime_nrf52832/app_util_platform.o
 .debug_frame   0x0000000000001550       0x28 _build-pinetime_nrf52832/crc16.o
 .debug_frame   0x0000000000001578       0xb8 _build-pinetime_nrf52832/hci_mem_pool.o
 .debug_frame   0x0000000000001630      0x1b0 _build-pinetime_nrf52832/hci_slip.o
 .debug_frame   0x00000000000017e0      0x1a4 _build-pinetime_nrf52832/hci_transport.o
 .debug_frame   0x0000000000001984       0xa4 _build-pinetime_nrf52832/app_uart.o
 .debug_frame   0x0000000000001a28      0x204 _build-pinetime_nrf52832/nrf_drv_uart.o
 .debug_frame   0x0000000000001c2c       0x28 _build-pinetime_nrf52832/nrf_drv_common.o
 .debug_frame   0x0000000000001c54       0x2c /opt/gcc-arm-none-eabi-9-2019-q4-major/bin/../lib/gcc/arm-none-eabi/9.2.1/thumb/v7e-m+fp/hard/libgcc.a(_aeabi_uldivmod.o)
 .debug_frame   0x0000000000001c80       0x34 /opt/gcc-arm-none-eabi-9-2019-q4-major/bin/../lib/gcc/arm-none-eabi/9.2.1/thumb/v7e-m+fp/hard/libgcc.a(_udivmoddi4.o)
 .debug_frame   0x0000000000001cb4       0x2c /opt/gcc-arm-none-eabi-9-2019-q4-major/bin/../lib/gcc/arm-none-eabi/9.2.1/../../../../arm-none-eabi/lib/thumb/v7e-m+fp/hard/libc_nano.a(lib_a-memcmp.o)
 .debug_frame   0x0000000000001ce0       0x28 /opt/gcc-arm-none-eabi-9-2019-q4-major/bin/../lib/gcc/arm-none-eabi/9.2.1/../../../../arm-none-eabi/lib/thumb/v7e-m+fp/hard/libc_nano.a(lib_a-memcpy-stub.o)

.debug_info     0x0000000000000000    0x31283
 .debug_info    0x0000000000000000     0x44de _build-pinetime_nrf52832/main.o
 .debug_info    0x00000000000044de     0x3eb6 _build-pinetime_nrf52832/boards.o
 .debug_info    0x0000000000008394      0xb2b _build-pinetime_nrf52832/flash_nrf5x.o
 .debug_info    0x0000000000008ebf      0xd95 _build-pinetime_nrf52832/dfu_ble_svc.o
 .debug_info    0x0000000000009c54      0xbc7 _build-pinetime_nrf52832/dfu_init.o
 .debug_info    0x000000000000a81b     0x186e _build-pinetime_nrf52832/nrfx_power.o
 .debug_info    0x000000000000c089     0x142b _build-pinetime_nrf52832/nrfx_nvmc.o
 .debug_info    0x000000000000d4b4     0x13db _build-pinetime_nrf52832/system_nrf52.o
 .debug_info    0x000000000000e88f     0x1d2f _build-pinetime_nrf52832/bootloader.o
 .debug_info    0x00000000000105be      0x230 _build-pinetime_nrf52832/bootloader_settings.o
 .debug_info    0x00000000000107ee      0x98d _build-pinetime_nrf52832/bootloader_util.o
 .debug_info    0x000000000001117b     0x1254 _build-pinetime_nrf52832/dfu_transport_serial.o
 .debug_info    0x00000000000123cf     0x538d _build-pinetime_nrf52832/dfu_transport_ble.o
 .debug_info    0x000000000001775c     0x21d1 _build-pinetime_nrf52832/dfu_single_bank.o
 .debug_info    0x000000000001992d     0x1772 _build-pinetime_nrf52832/pstorage_raw.o
 .debug_info    0x000000000001b09f     0x38ec _build-pinetime_nrf52832/ble_dfu.o
 .debug_info    0x000000000001e98b     0x16d6 _build-pinetime_nrf52832/ble_dis.o
 .debug_info    0x0000000000020061     0x26a1 _build-pinetime_nrf52832/app_timer.o
 .debug_info    0x0000000000022702      0xe82 _build-pinetime_nrf52832/app_scheduler.o
 .debug_info    0x0000000000023584      0xc2a _build-pinetime_nrf52832/app_error.o
 .debug_info    0x00000000000241ae     0x12f3 _build-pinetime_nrf52832/app_util_platform.o
 .debug_info    0x00000000000254a1      0xa4d _build-pinetime_nrf52832/crc16.o
 .debug_info    0x0000000000025eee      0xca2 _build-pinetime_nrf52832/hci_mem_pool.o
 .debug_info    0x0000000000026b90     0x125f _build-pinetime_nrf52832/hci_slip.o
 .debug_info    0x0000000000027def     0x1cd3 _build-pinetime_nrf52832/hci_transport.o
 .debug_info    0x0000000000029ac2     0x19e9 _build-pinetime_nrf52832/app_uart.o
 .debug_info    0x000000000002b4ab     0x4eb0 _build-pinetime_nrf52832/nrf_drv_uart.o
 .debug_info    0x000000000003035b      0xf28 _build-pinetime_nrf52832/nrf_drv_common.o

.debug_abbrev   0x0000000000000000     0x6f4d
 .debug_abbrev  0x0000000000000000      0x661 _build-pinetime_nrf52832/main.o
 .debug_abbrev  0x0000000000000661      0x5f9 _build-pinetime_nrf52832/boards.o
 .debug_abbrev  0x0000000000000c5a      0x29a _build-pinetime_nrf52832/flash_nrf5x.o
 .debug_abbrev  0x0000000000000ef4      0x35f _build-pinetime_nrf52832/dfu_ble_svc.o
 .debug_abbrev  0x0000000000001253      0x2a9 _build-pinetime_nrf52832/dfu_init.o
 .debug_abbrev  0x00000000000014fc      0x460 _build-pinetime_nrf52832/nrfx_power.o
 .debug_abbrev  0x000000000000195c      0x4bc _build-pinetime_nrf52832/nrfx_nvmc.o
 .debug_abbrev  0x0000000000001e18      0x286 _build-pinetime_nrf52832/system_nrf52.o
 .debug_abbrev  0x000000000000209e      0x5e7 _build-pinetime_nrf52832/bootloader.o
 .debug_abbrev  0x0000000000002685       0xfc _build-pinetime_nrf52832/bootloader_settings.o
 .debug_abbrev  0x0000000000002781      0x207 _build-pinetime_nrf52832/bootloader_util.o
 .debug_abbrev  0x0000000000002988      0x3dd _build-pinetime_nrf52832/dfu_transport_serial.o
 .debug_abbrev  0x0000000000002d65      0x5c9 _build-pinetime_nrf52832/dfu_transport_ble.o
 .debug_abbrev  0x000000000000332e      0x591 _build-pinetime_nrf52832/dfu_single_bank.o
 .debug_abbrev  0x00000000000038bf      0x468 _build-pinetime_nrf52832/pstorage_raw.o
 .debug_abbrev  0x0000000000003d27      0x4db _build-pinetime_nrf52832/ble_dfu.o
 .debug_abbrev  0x0000000000004202      0x404 _build-pinetime_nrf52832/ble_dis.o
 .debug_abbrev  0x0000000000004606      0x5b2 _build-pinetime_nrf52832/app_timer.o
 .debug_abbrev  0x0000000000004bb8      0x3c0 _build-pinetime_nrf52832/app_scheduler.o
 .debug_abbrev  0x0000000000004f78      0x276 _build-pinetime_nrf52832/app_error.o
 .debug_abbrev  0x00000000000051ee      0x3f9 _build-pinetime_nrf52832/app_util_platform.o
 .debug_abbrev  0x00000000000055e7      0x20c _build-pinetime_nrf52832/crc16.o
 .debug_abbrev  0x00000000000057f3      0x26f _build-pinetime_nrf52832/hci_mem_pool.o
 .debug_abbrev  0x0000000000005a62      0x44d _build-pinetime_nrf52832/hci_slip.o
 .debug_abbrev  0x0000000000005eaf      0x505 _build-pinetime_nrf52832/hci_transport.o
 .debug_abbrev  0x00000000000063b4      0x379 _build-pinetime_nrf52832/app_uart.o
 .debug_abbrev  0x000000000000672d      0x560 _build-pinetime_nrf52832/nrf_drv_uart.o
 .debug_abbrev  0x0000000000006c8d      0x2c0 _build-pinetime_nrf52832/nrf_drv_common.o

.debug_loc      0x0000000000000000     0xbcf5
 .debug_loc     0x0000000000000000      0x5b5 _build-pinetime_nrf52832/main.o
 .debug_loc     0x00000000000005b5     0x13c5 _build-pinetime_nrf52832/boards.o
 .debug_loc     0x000000000000197a      0x123 _build-pinetime_nrf52832/flash_nrf5x.o
 .debug_loc     0x0000000000001a9d      0x2ab _build-pinetime_nrf52832/dfu_ble_svc.o
 .debug_loc     0x0000000000001d48      0x204 _build-pinetime_nrf52832/dfu_init.o
 .debug_loc     0x0000000000001f4c      0x569 _build-pinetime_nrf52832/nrfx_power.o
 .debug_loc     0x00000000000024b5      0x9c6 _build-pinetime_nrf52832/nrfx_nvmc.o
 .debug_loc     0x0000000000002e7b      0x18f _build-pinetime_nrf52832/system_nrf52.o
 .debug_loc     0x000000000000300a      0x791 _build-pinetime_nrf52832/bootloader.o
 .debug_loc     0x000000000000379b       0x47 _build-pinetime_nrf52832/bootloader_util.o
 .debug_loc     0x00000000000037e2      0x4b0 _build-pinetime_nrf52832/dfu_transport_serial.o
 .debug_loc     0x0000000000003c92     0x11a2 _build-pinetime_nrf52832/dfu_transport_ble.o
 .debug_loc     0x0000000000004e34      0xcee _build-pinetime_nrf52832/dfu_single_bank.o
 .debug_loc     0x0000000000005b22      0x8b8 _build-pinetime_nrf52832/pstorage_raw.o
 .debug_loc     0x00000000000063da      0x932 _build-pinetime_nrf52832/ble_dfu.o
 .debug_loc     0x0000000000006d0c      0x38b _build-pinetime_nrf52832/ble_dis.o
 .debug_loc     0x0000000000007097      0xe1b _build-pinetime_nrf52832/app_timer.o
 .debug_loc     0x0000000000007eb2      0x326 _build-pinetime_nrf52832/app_scheduler.o
 .debug_loc     0x00000000000081d8      0x158 _build-pinetime_nrf52832/app_error.o
 .debug_loc     0x0000000000008330      0x18f _build-pinetime_nrf52832/app_util_platform.o
 .debug_loc     0x00000000000084bf      0x171 _build-pinetime_nrf52832/crc16.o
 .debug_loc     0x0000000000008630      0x330 _build-pinetime_nrf52832/hci_mem_pool.o
 .debug_loc     0x0000000000008960      0x2d7 _build-pinetime_nrf52832/hci_slip.o
 .debug_loc     0x0000000000008c37      0xbd8 _build-pinetime_nrf52832/hci_transport.o
 .debug_loc     0x000000000000980f      0x269 _build-pinetime_nrf52832/app_uart.o
 .debug_loc     0x0000000000009a78     0x21fc _build-pinetime_nrf52832/nrf_drv_uart.o
 .debug_loc     0x000000000000bc74       0x81 _build-pinetime_nrf52832/nrf_drv_common.o

.debug_aranges  0x0000000000000000      0xb18
 .debug_aranges
                0x0000000000000000       0xb0 _build-pinetime_nrf52832/main.o
 .debug_aranges
                0x00000000000000b0       0x90 _build-pinetime_nrf52832/boards.o
 .debug_aranges
                0x0000000000000140       0x28 _build-pinetime_nrf52832/flash_nrf5x.o
 .debug_aranges
                0x0000000000000168       0x30 _build-pinetime_nrf52832/dfu_ble_svc.o
 .debug_aranges
                0x0000000000000198       0x28 _build-pinetime_nrf52832/dfu_init.o
 .debug_aranges
                0x00000000000001c0       0x78 _build-pinetime_nrf52832/nrfx_power.o
 .debug_aranges
                0x0000000000000238       0x88 _build-pinetime_nrf52832/nrfx_nvmc.o
 .debug_aranges
                0x00000000000002c0       0x40 _build-pinetime_nrf52832/system_nrf52.o
 .debug_aranges
                0x0000000000000300       0x90 _build-pinetime_nrf52832/bootloader.o
 .debug_aranges
                0x0000000000000390       0x20 _build-pinetime_nrf52832/bootloader_settings.o
 .debug_aranges
                0x00000000000003b0       0x28 _build-pinetime_nrf52832/bootloader_util.o
 .debug_aranges
                0x00000000000003d8       0x48 _build-pinetime_nrf52832/dfu_transport_serial.o
 .debug_aranges
                0x0000000000000420      0x120 _build-pinetime_nrf52832/dfu_transport_ble.o
 .debug_aranges
                0x0000000000000540       0xd8 _build-pinetime_nrf52832/dfu_single_bank.o
 .debug_aranges
                0x0000000000000618       0x70 _build-pinetime_nrf52832/pstorage_raw.o
 .debug_aranges
                0x0000000000000688       0x70 _build-pinetime_nrf52832/ble_dfu.o
 .debug_aranges
                0x00000000000006f8       0x38 _build-pinetime_nrf52832/ble_dis.o
 .debug_aranges
                0x0000000000000730       0x98 _build-pinetime_nrf52832/app_timer.o
 .debug_aranges
                0x00000000000007c8       0x38 _build-pinetime_nrf52832/app_scheduler.o
 .debug_aranges
                0x0000000000000800       0x30 _build-pinetime_nrf52832/app_error.o
 .debug_aranges
                0x0000000000000830       0x48 _build-pinetime_nrf52832/app_util_platform.o
 .debug_aranges
                0x0000000000000878       0x20 _build-pinetime_nrf52832/crc16.o
 .debug_aranges
                0x0000000000000898       0x58 _build-pinetime_nrf52832/hci_mem_pool.o
 .debug_aranges
                0x00000000000008f0       0x90 _build-pinetime_nrf52832/hci_slip.o
 .debug_aranges
                0x0000000000000980       0x80 _build-pinetime_nrf52832/hci_transport.o
 .debug_aranges
                0x0000000000000a00       0x48 _build-pinetime_nrf52832/app_uart.o
 .debug_aranges
                0x0000000000000a48       0xb0 _build-pinetime_nrf52832/nrf_drv_uart.o
 .debug_aranges
                0x0000000000000af8       0x20 _build-pinetime_nrf52832/nrf_drv_common.o

.debug_ranges   0x0000000000000000     0x2810
 .debug_ranges  0x0000000000000000      0x1b8 _build-pinetime_nrf52832/main.o
 .debug_ranges  0x00000000000001b8      0x610 _build-pinetime_nrf52832/boards.o
 .debug_ranges  0x00000000000007c8       0x18 _build-pinetime_nrf52832/flash_nrf5x.o
 .debug_ranges  0x00000000000007e0       0x50 _build-pinetime_nrf52832/dfu_ble_svc.o
 .debug_ranges  0x0000000000000830       0x30 _build-pinetime_nrf52832/dfu_init.o
 .debug_ranges  0x0000000000000860      0x120 _build-pinetime_nrf52832/nrfx_power.o
 .debug_ranges  0x0000000000000980      0x258 _build-pinetime_nrf52832/nrfx_nvmc.o
 .debug_ranges  0x0000000000000bd8       0x30 _build-pinetime_nrf52832/system_nrf52.o
 .debug_ranges  0x0000000000000c08      0x160 _build-pinetime_nrf52832/bootloader.o
 .debug_ranges  0x0000000000000d68       0x10 _build-pinetime_nrf52832/bootloader_settings.o
 .debug_ranges  0x0000000000000d78       0x18 _build-pinetime_nrf52832/bootloader_util.o
 .debug_ranges  0x0000000000000d90       0xa0 _build-pinetime_nrf52832/dfu_transport_serial.o
 .debug_ranges  0x0000000000000e30      0x2d8 _build-pinetime_nrf52832/dfu_transport_ble.o
 .debug_ranges  0x0000000000001108      0x1e0 _build-pinetime_nrf52832/dfu_single_bank.o
 .debug_ranges  0x00000000000012e8       0xd0 _build-pinetime_nrf52832/pstorage_raw.o
 .debug_ranges  0x00000000000013b8      0x128 _build-pinetime_nrf52832/ble_dfu.o
 .debug_ranges  0x00000000000014e0       0xd8 _build-pinetime_nrf52832/ble_dis.o
 .debug_ranges  0x00000000000015b8      0x428 _build-pinetime_nrf52832/app_timer.o
 .debug_ranges  0x00000000000019e0       0xb0 _build-pinetime_nrf52832/app_scheduler.o
 .debug_ranges  0x0000000000001a90       0x20 _build-pinetime_nrf52832/app_error.o
 .debug_ranges  0x0000000000001ab0       0xa0 _build-pinetime_nrf52832/app_util_platform.o
 .debug_ranges  0x0000000000001b50       0x28 _build-pinetime_nrf52832/crc16.o
 .debug_ranges  0x0000000000001b78       0x48 _build-pinetime_nrf52832/hci_mem_pool.o
 .debug_ranges  0x0000000000001bc0      0x118 _build-pinetime_nrf52832/hci_slip.o
 .debug_ranges  0x0000000000001cd8      0x290 _build-pinetime_nrf52832/hci_transport.o
 .debug_ranges  0x0000000000001f68       0x50 _build-pinetime_nrf52832/app_uart.o
 .debug_ranges  0x0000000000001fb8      0x818 _build-pinetime_nrf52832/nrf_drv_uart.o
 .debug_ranges  0x00000000000027d0       0x40 _build-pinetime_nrf52832/nrf_drv_common.o

.debug_macro    0x0000000000000000    0x1a74a
 .debug_macro   0x0000000000000000      0x57f _build-pinetime_nrf52832/main.o
 .debug_macro   0x000000000000057f      0xaf0 _build-pinetime_nrf52832/main.o
 .debug_macro   0x000000000000106f       0x22 _build-pinetime_nrf52832/main.o
 .debug_macro   0x0000000000001091       0x8e _build-pinetime_nrf52832/main.o
 .debug_macro   0x000000000000111f       0x51 _build-pinetime_nrf52832/main.o
 .debug_macro   0x0000000000001170       0xef _build-pinetime_nrf52832/main.o
 .debug_macro   0x000000000000125f       0x6a _build-pinetime_nrf52832/main.o
 .debug_macro   0x00000000000012c9      0x1df _build-pinetime_nrf52832/main.o
 .debug_macro   0x00000000000014a8       0x22 _build-pinetime_nrf52832/main.o
 .debug_macro   0x00000000000014ca       0x5e _build-pinetime_nrf52832/main.o
 .debug_macro   0x0000000000001528       0x18 _build-pinetime_nrf52832/main.o
 .debug_macro   0x0000000000001540       0x35 _build-pinetime_nrf52832/main.o
 .debug_macro   0x0000000000001575       0x34 _build-pinetime_nrf52832/main.o
 .debug_macro   0x00000000000015a9      0x16d _build-pinetime_nrf52832/main.o
 .debug_macro   0x0000000000001716       0x58 _build-pinetime_nrf52832/main.o
 .debug_macro   0x000000000000176e       0x1f _build-pinetime_nrf52832/main.o
 .debug_macro   0x000000000000178d       0x43 _build-pinetime_nrf52832/main.o
 .debug_macro   0x00000000000017d0       0x20 _build-pinetime_nrf52832/main.o
 .debug_macro   0x00000000000017f0      0x18e _build-pinetime_nrf52832/main.o
 .debug_macro   0x000000000000197e      0x35c _build-pinetime_nrf52832/main.o
 .debug_macro   0x0000000000001cda       0x10 _build-pinetime_nrf52832/main.o
 .debug_macro   0x0000000000001cea       0x35 _build-pinetime_nrf52832/main.o
 .debug_macro   0x0000000000001d1f       0x46 _build-pinetime_nrf52832/main.o
 .debug_macro   0x0000000000001d65       0x22 _build-pinetime_nrf52832/main.o
 .debug_macro   0x0000000000001d87       0x3b _build-pinetime_nrf52832/main.o
 .debug_macro   0x0000000000001dc2       0x3b _build-pinetime_nrf52832/main.o
 .debug_macro   0x0000000000001dfd       0x50 _build-pinetime_nrf52832/main.o
 .debug_macro   0x0000000000001e4d      0xe66 _build-pinetime_nrf52832/main.o
 .debug_macro   0x0000000000002cb3      0x392 _build-pinetime_nrf52832/main.o
 .debug_macro   0x0000000000003045     0xccbc _build-pinetime_nrf52832/main.o
 .debug_macro   0x000000000000fd01     0x1323 _build-pinetime_nrf52832/main.o
 .debug_macro   0x0000000000011024       0x82 _build-pinetime_nrf52832/main.o
 .debug_macro   0x00000000000110a6       0x2d _build-pinetime_nrf52832/main.o
 .debug_macro   0x00000000000110d3      0x3c1 _build-pinetime_nrf52832/main.o
 .debug_macro   0x0000000000011494       0x66 _build-pinetime_nrf52832/main.o