Archive member included to satisfy reference by file (symbol)

/opt/gcc-arm-none-eabi-9-2019-q4-major/bin/../lib/gcc/arm-none-eabi/9.2.1/thumb/v7e-m+fp/hard//libgcc.a(_arm_addsubdf3.o)
                              /tmp/firmware.elf.fkNs2M.ltrans2.ltrans.o (__aeabi_f2d)
/opt/gcc-arm-none-eabi-9-2019-q4-major/bin/../lib/gcc/arm-none-eabi/9.2.1/thumb/v7e-m+fp/hard//libgcc.a(_arm_truncdfsf2.o)
                              /tmp/firmware.elf.fkNs2M.ltrans2.ltrans.o (__aeabi_d2f)
/opt/gcc-arm-none-eabi-9-2019-q4-major/bin/../lib/gcc/arm-none-eabi/9.2.1/thumb/v7e-m+fp/hard//libgcc.a(_popcountsi2.o)
                              /tmp/firmware.elf.fkNs2M.ltrans0.ltrans.o (__popcountsi2)

Allocating common symbols
Common symbol       size              file

mp_state_ctx        0x2a4             /tmp/firmware.elf.fkNs2M.ltrans0.ltrans.o
wdt_starve          0x1               build-pinetime-s132/drivers/wdt.o (symbol from plugin)

Memory Configuration

Name             Origin             Length             Attributes
FLASH_TEXT       0x0000000000026000 0x0000000000052000 xr
RAM              0x00000000200039e0 0x000000000000c620 xrw
*default*        0x0000000000000000 0xffffffffffffffff

Linker script and memory map

LOAD /tmp/firmware.elf.fkNs2M.ltrans0.ltrans.o
LOAD /tmp/firmware.elf.fkNs2M.ltrans1.ltrans.o
LOAD /tmp/firmware.elf.fkNs2M.ltrans2.ltrans.o
LOAD /tmp/firmware.elf.fkNs2M.ltrans3.ltrans.o
LOAD /tmp/firmware.elf.fkNs2M.ltrans4.ltrans.o
LOAD /tmp/firmware.elf.fkNs2M.ltrans5.ltrans.o
LOAD /tmp/cc93ME0M.debug.temp.o
LOAD /tmp/cce4P40N.debug.temp.o
LOAD /tmp/ccUShPpQ.debug.temp.o
LOAD /tmp/cceFSu6P.debug.temp.o
LOAD /tmp/ccdzT4VM.debug.temp.o
LOAD /tmp/ccNViw3Q.debug.temp.o
LOAD /tmp/ccaeSOVO.debug.temp.o
LOAD /tmp/ccKvZ7vP.debug.temp.o
LOAD /tmp/ccICjyfQ.debug.temp.o
LOAD /tmp/ccn2vtnQ.debug.temp.o
LOAD /tmp/ccjVtRPQ.debug.temp.o
LOAD /tmp/ccDq2BXN.debug.temp.o
LOAD /tmp/cciUpSSM.debug.temp.o
LOAD /tmp/ccZn2DtO.debug.temp.o
LOAD /tmp/ccmIpRtR.debug.temp.o
LOAD /tmp/ccP2KyrR.debug.temp.o
LOAD /tmp/ccv6jvYM.debug.temp.o
LOAD /tmp/cceQx5jN.debug.temp.o
LOAD /tmp/cc28lXzN.debug.temp.o
LOAD /tmp/ccZ3gIEQ.debug.temp.o
LOAD /tmp/ccjCKAPP.debug.temp.o
LOAD /tmp/cc4FifzO.debug.temp.o
LOAD /tmp/ccnVoEHP.debug.temp.o
LOAD /tmp/ccx7QyUQ.debug.temp.o
LOAD /tmp/ccpng4nR.debug.temp.o
LOAD /tmp/cc3Z3kZO.debug.temp.o
LOAD /tmp/ccc6wqHO.debug.temp.o
LOAD /tmp/ccOHxoqO.debug.temp.o
LOAD /tmp/cc1LyLhP.debug.temp.o
LOAD /tmp/ccDU7MoN.debug.temp.o
LOAD /tmp/cc0B9mKN.debug.temp.o
LOAD /tmp/ccuSjZDO.debug.temp.o
LOAD /tmp/cckn69GQ.debug.temp.o
LOAD /tmp/ccxjmsBQ.debug.temp.o
LOAD /tmp/ccDNtTuO.debug.temp.o
LOAD /tmp/ccv54H7M.debug.temp.o
LOAD /tmp/ccmUAT5N.debug.temp.o
LOAD /tmp/ccy8zpVP.debug.temp.o
LOAD /tmp/ccHUzH7M.debug.temp.o
LOAD /tmp/ccUada5O.debug.temp.o
LOAD /tmp/ccPnOOEQ.debug.temp.o
LOAD /tmp/ccw9RqrO.debug.temp.o
LOAD /tmp/ccipaprO.debug.temp.o
LOAD /tmp/ccaKT8oO.debug.temp.o
LOAD /tmp/ccT4y8hN.debug.temp.o
LOAD /tmp/ccqme5fQ.debug.temp.o
LOAD /tmp/ccYYwCaO.debug.temp.o
LOAD /tmp/ccQwFyWM.debug.temp.o
LOAD /tmp/ccdyEzJQ.debug.temp.o
LOAD /tmp/ccYcJ1uO.debug.temp.o
LOAD /tmp/ccwj3EXM.debug.temp.o
LOAD /tmp/ccJaTFqR.debug.temp.o
LOAD /tmp/ccjWW6jP.debug.temp.o
LOAD /tmp/ccaW2ebN.debug.temp.o
LOAD /tmp/ccAVqDDN.debug.temp.o
LOAD /tmp/ccwPhI8O.debug.temp.o
LOAD /tmp/cc1J15UO.debug.temp.o
LOAD /tmp/cc1RzNSO.debug.temp.o
LOAD /tmp/cc0hh2tR.debug.temp.o
LOAD /tmp/cc4iH1VN.debug.temp.o
LOAD /tmp/ccKPVk0P.debug.temp.o
LOAD /tmp/cce9YhTM.debug.temp.o
LOAD /tmp/cc3e7NcQ.debug.temp.o
LOAD /tmp/ccCXvMcQ.debug.temp.o
LOAD /tmp/cckMcd6N.debug.temp.o
LOAD /tmp/ccIp6pbN.debug.temp.o
LOAD /tmp/ccidzDqO.debug.temp.o
LOAD /tmp/cc6efsOO.debug.temp.o
LOAD /tmp/ccXQU4lO.debug.temp.o
LOAD /tmp/ccXif2FN.debug.temp.o
LOAD /tmp/ccS27wDP.debug.temp.o
LOAD /tmp/ccNpM16P.debug.temp.o
LOAD /tmp/ccTAPjjN.debug.temp.o
LOAD /tmp/cc1vPN6M.debug.temp.o
LOAD /tmp/ccOCKUBO.debug.temp.o
LOAD /tmp/ccVOOObQ.debug.temp.o
LOAD /tmp/ccRyGcYP.debug.temp.o
LOAD /tmp/ccAHAs0P.debug.temp.o
LOAD /tmp/cczhehoQ.debug.temp.o
LOAD /tmp/ccug3Y4P.debug.temp.o
LOAD /tmp/ccD7AYUN.debug.temp.o
LOAD /tmp/ccVuAxUM.debug.temp.o
LOAD /tmp/cc5QxV9Q.debug.temp.o
LOAD /tmp/ccth2sNO.debug.temp.o
LOAD /tmp/ccoslknO.debug.temp.o
LOAD /tmp/ccwx3yYQ.debug.temp.o
LOAD /tmp/ccMROwiQ.debug.temp.o
LOAD /tmp/ccL5l9PP.debug.temp.o
LOAD /tmp/cccrSAVM.debug.temp.o
LOAD /tmp/cc8xmSIO.debug.temp.o
LOAD /tmp/cc7VHQ0N.debug.temp.o
LOAD /tmp/cc16sUoR.debug.temp.o
LOAD /tmp/cctE6zkP.debug.temp.o
LOAD /tmp/cc1oHAkP.debug.temp.o
LOAD /tmp/ccKnhw8P.debug.temp.o
LOAD /tmp/cc5X5dPP.debug.temp.o
LOAD /tmp/cczm1rvO.debug.temp.o
LOAD /tmp/ccW9YBSP.debug.temp.o
LOAD /tmp/cc6VMd1O.debug.temp.o
LOAD /tmp/ccPWQ7vN.debug.temp.o
LOAD /tmp/ccypQDAN.debug.temp.o
LOAD /tmp/ccKxur6N.debug.temp.o
LOAD /tmp/ccPs46iR.debug.temp.o
LOAD /tmp/ccr7Z6RO.debug.temp.o
LOAD /tmp/cciyPruR.debug.temp.o
LOAD /tmp/ccwuuBFO.debug.temp.o
LOAD /tmp/ccpNQIiN.debug.temp.o
LOAD /tmp/ccdHWoPP.debug.temp.o
LOAD /tmp/ccRdgplO.debug.temp.o
LOAD /tmp/ccuY66MP.debug.temp.o
LOAD /tmp/cc6kuLSP.debug.temp.o
LOAD /tmp/ccvR7UzQ.debug.temp.o
LOAD /tmp/ccPM3KyQ.debug.temp.o
LOAD /tmp/ccwgpoMQ.debug.temp.o
LOAD /tmp/ccyU1gXP.debug.temp.o
LOAD /tmp/ccBDI6dN.debug.temp.o
LOAD /tmp/ccj5fwyN.debug.temp.o
LOAD /tmp/ccNESa8O.debug.temp.o
LOAD /tmp/cc7zVLZN.debug.temp.o
LOAD /tmp/ccALQBuR.debug.temp.o
LOAD /tmp/ccfV09NP.debug.temp.o
LOAD /tmp/ccfPKSmP.debug.temp.o
LOAD /tmp/ccNugVSN.debug.temp.o
LOAD /tmp/ccpRD0ZN.debug.temp.o
LOAD /tmp/ccedRtwN.debug.temp.o
LOAD /tmp/ccGwJxvQ.debug.temp.o
LOAD /tmp/ccXq4xgN.debug.temp.o
LOAD /tmp/ccAtTFNQ.debug.temp.o
LOAD /tmp/cc06OU7N.debug.temp.o
LOAD /tmp/ccj5yFtR.debug.temp.o
LOAD /tmp/ccuhjPTM.debug.temp.o
LOAD /tmp/ccHFr8ZQ.debug.temp.o
LOAD /tmp/cc3Ncc7O.debug.temp.o
LOAD /tmp/cc7x5gCQ.debug.temp.o
LOAD /tmp/ccResWAN.debug.temp.o
LOAD /tmp/cc4tSOhQ.debug.temp.o
LOAD /tmp/ccpbqx8M.debug.temp.o
LOAD /tmp/cctldAmO.debug.temp.o
LOAD /tmp/ccf9RJ3O.debug.temp.o
LOAD /tmp/ccdE9HHN.debug.temp.o
LOAD /tmp/ccI1LqtQ.debug.temp.o
LOAD /tmp/ccA9E6eR.debug.temp.o
LOAD /tmp/ccgAmPGN.debug.temp.o
LOAD /tmp/ccB9OaoR.debug.temp.o
LOAD /tmp/ccU4Hp4P.debug.temp.o
LOAD /tmp/ccvJdajQ.debug.temp.o
LOAD /tmp/cciArTWQ.debug.temp.o
LOAD /tmp/ccgRgpqR.debug.temp.o
LOAD /tmp/ccz7dJaP.debug.temp.o
LOAD /tmp/ccbk495O.debug.temp.o
LOAD /tmp/cc8BBNUO.debug.temp.o
LOAD /tmp/ccAZ75iQ.debug.temp.o
LOAD /tmp/ccxhUVaN.debug.temp.o
LOAD /tmp/ccnZejDN.debug.temp.o
LOAD /tmp/cc0KeHOP.debug.temp.o
LOAD /tmp/cctNpjhO.debug.temp.o
LOAD /tmp/ccEcqO4N.debug.temp.o
LOAD /tmp/ccXvjJQM.debug.temp.o
LOAD /tmp/ccGyCV5N.debug.temp.o
LOAD /tmp/cc1a1k4M.debug.temp.o
LOAD /tmp/ccOfj2WQ.debug.temp.o
LOAD /tmp/ccfVgKtO.debug.temp.o
LOAD /tmp/ccmg64uR.debug.temp.o
LOAD /tmp/ccuqU33O.debug.temp.o
LOAD /tmp/ccawfiAQ.debug.temp.o
LOAD /tmp/ccR1dmiO.debug.temp.o
LOAD /tmp/cckAj23O.debug.temp.o
LOAD /tmp/cc1WLeyO.debug.temp.o
LOAD /tmp/ccsbbpwP.debug.temp.o
LOAD /tmp/ccBBQ5XQ.debug.temp.o
LOAD /tmp/ccgwoJjO.debug.temp.o
LOAD /tmp/ccDN8JUN.debug.temp.o
LOAD /tmp/cc7bPZgN.debug.temp.o
LOAD /tmp/cc47GgZN.debug.temp.o
LOAD /tmp/ccOjtzJQ.debug.temp.o
LOAD /tmp/ccGrETyP.debug.temp.o
LOAD /tmp/cc4Gt1kR.debug.temp.o
LOAD /tmp/ccGT1YiP.debug.temp.o
LOAD /tmp/ccJFyL3N.debug.temp.o
LOAD /tmp/cckPmVlO.debug.temp.o
LOAD /tmp/ccJ19WxN.debug.temp.o
LOAD /tmp/ccNGoTFN.debug.temp.o
LOAD /tmp/cc0uzbvR.debug.temp.o
LOAD /tmp/ccMc2upR.debug.temp.o
LOAD /tmp/ccT6OGsO.debug.temp.o
LOAD /tmp/ccBRuSgN.debug.temp.o
LOAD /tmp/cc6JDLzO.debug.temp.o
LOAD /tmp/ccymIGRQ.debug.temp.o
LOAD /tmp/ccCWJT1Q.debug.temp.o
LOAD /tmp/ccA2itiQ.debug.temp.o
LOAD /tmp/ccUwCtsN.debug.temp.o
LOAD /tmp/ccGSjh5Q.debug.temp.o
LOAD /tmp/ccf8ZagQ.debug.temp.o
LOAD /tmp/ccqyczSN.debug.temp.o
LOAD /tmp/cc74KfzN.debug.temp.o
LOAD /tmp/cciAUobN.debug.temp.o
LOAD /tmp/ccLPJUaR.debug.temp.o
LOAD /tmp/cc1SsG0Q.debug.temp.o
LOAD /tmp/cciTjzbQ.debug.temp.o
LOAD /tmp/cc9O5q5O.debug.temp.o
LOAD /tmp/cc9h465N.debug.temp.o
LOAD /tmp/ccu7fsTM.debug.temp.o
LOAD /tmp/ccqxcZtQ.debug.temp.o
LOAD /tmp/ccrHBPMP.debug.temp.o
LOAD /tmp/cc12wz6Q.debug.temp.o
LOAD /tmp/ccyrgcuO.debug.temp.o
LOAD /tmp/ccf9BdLO.debug.temp.o
LOAD /tmp/ccLHJqVO.debug.temp.o
LOAD /tmp/ccdHbTLN.debug.temp.o
LOAD /tmp/cc1JhZgP.debug.temp.o
LOAD /tmp/ccHlW1nN.debug.temp.o
LOAD /tmp/cc0yaw1P.debug.temp.o
LOAD /tmp/ccqUU94N.debug.temp.o
LOAD /tmp/ccXkuJlN.debug.temp.o
LOAD /tmp/ccRnRq2M.debug.temp.o
LOAD /tmp/ccKcOpSP.debug.temp.o
LOAD /tmp/ccb45OQO.debug.temp.o
LOAD /tmp/ccbkj4XP.debug.temp.o
LOAD /tmp/ccj2WLnR.debug.temp.o
LOAD /tmp/ccl2gPpO.debug.temp.o
LOAD /tmp/ccIYB5LN.debug.temp.o
LOAD /tmp/ccJ59ocR.debug.temp.o
LOAD /tmp/cc8aQg6P.debug.temp.o
LOAD /tmp/cc54DH6Q.debug.temp.o
LOAD /tmp/cckZ5btO.debug.temp.o
LOAD /tmp/ccoszf1O.debug.temp.o
LOAD /tmp/cco1VkpN.debug.temp.o
LOAD /tmp/cciJxS9N.debug.temp.o
LOAD /tmp/ccQki8gP.debug.temp.o
LOAD /tmp/ccd3yHxO.debug.temp.o
LOAD /tmp/ccs6EbKO.debug.temp.o
LOAD /tmp/cci7VVJQ.debug.temp.o
LOAD /tmp/ccW1pTsQ.debug.temp.o
LOAD /tmp/cctJtCFO.debug.temp.o
LOAD /tmp/ccxpOjNQ.debug.temp.o
LOAD /tmp/ccQ7MHpO.debug.temp.o
LOAD /tmp/ccw6P6bQ.debug.temp.o
LOAD build-pinetime-s132/py/nlrx86.o
LOAD build-pinetime-s132/py/nlrx64.o
LOAD build-pinetime-s132/py/nlrthumb.o
LOAD build-pinetime-s132/py/nlrpowerpc.o
LOAD build-pinetime-s132/py/nlrxtensa.o
LOAD build-pinetime-s132/py/nlrsetjmp.o
LOAD /opt/gcc-arm-none-eabi-9-2019-q4-major/bin/../lib/gcc/arm-none-eabi/9.2.1/thumb/v7e-m+fp/hard//libgcc.a
                0x0000000000078000                _flash_size = 0x78000
                0x0000000000010000                _ram_size = 0x10000
                0x0000000000000000                _fs_size = 0x0
                0x0000000000002000                _stack_size = 0x2000
                0x0000000000008000                _minimum_heap_size = 0x8000
                0x0000000000026000                _sd_size = 0x26000
                0x00000000000039c0                _sd_ram = 0x39c0
                0x0000000000026000                _sd_size = DEFINED (_sd_size)?_sd_size:0x0
                0x00000000000039c0                _sd_ram = DEFINED (_sd_ram)?_sd_ram:0x0
                0x0000000000000020                _pnvram = 0x20
                0x0000000000000000                _fs_size = DEFINED (_fs_size)?_fs_size:0x10000
                0x0000000000052000                _app_size = ((_flash_size - _sd_size) - _fs_size)
                0x0000000000026000                _app_start = _sd_size
                0x0000000000078000                _fs_start = (_sd_size + _app_size)
                0x0000000000078000                _fs_end = (_fs_start + _fs_size)
                0x00000000200039e0                _app_ram_start = ((0x20000000 + _sd_ram) + _pnvram)
                0x000000000000c620                _app_ram_size = ((_ram_size - _sd_ram) - _pnvram)
                0x0000000020004188                _heap_start = _ebss
                0x000000002000e000                _heap_end = (_ram_end - _stack_size)
                0x0000000000009e78                _heap_size = (_heap_end - _heap_start)
                0x0000000000000001                ASSERT ((_heap_size >= _minimum_heap_size), not enough RAM left for heap)

.text           0x0000000000026000    0x41b0c
                0x0000000000026000                . = ALIGN (0x4)
 *(.isr_vector)
 .isr_vector    0x0000000000026000       0xd8 /tmp/firmware.elf.fkNs2M.ltrans0.ltrans.o
                0x0000000000026000                __Vectors
 *(.text)
 .text          0x00000000000260d8     0x8508 /tmp/firmware.elf.fkNs2M.ltrans0.ltrans.o
                0x00000000000260d8                memset
                0x000000000002627c                machine_pwm_period.lto_priv.0
                0x0000000000026284                stdio_obj___exit__.lto_priv.0
                0x000000000002628c                stdio_ioctl.lto_priv.0
                0x000000000002629c                atanf
                0x00000000000263e8                atan2f
                0x0000000000026860                sqrtf
                0x00000000000268f0                acosf
                0x00000000000269d8                asinf
                0x0000000000026a80                fmodf
                0x0000000000026b4c                scan_entry_get_addr.lto_priv.0
                0x0000000000026b50                delegate_handle_notif.lto_priv.0
                0x0000000000026b58                delegate_handle_conn.lto_priv.0
                0x0000000000026b60                uuid_bin_val.lto_priv.0
                0x0000000000026b6c                char_uuid.lto_priv.0
                0x0000000000026b70                char_properties.lto_priv.0
                0x0000000000026b7a                service_uuid.lto_priv.0
                0x0000000000026b7e                service_get_chars.lto_priv.0
                0x0000000000026b90                peripheral_get_services.lto_priv.0
                0x0000000000026b94                peripheral_disconnect.lto_priv.0
                0x0000000000026b9c                peripheral_set_conn_handler.lto_priv.0
                0x0000000000026ba8                peripheral_set_notif_handler.lto_priv.0
                0x0000000000026bb4                peripheral_with_delegate.lto_priv.0
                0x0000000000026bc0                ubluepy_uart_enabled.lto_priv.0
                0x0000000000026be0                ubluepy_uart_connected.lto_priv.0
                0x0000000000026c00                os_uname.lto_priv.0
                0x0000000000026c0c                machine_pwm_duty.lto_priv.0
                0x0000000000026c14                machine_rtc_counter.lto_priv.0
                0x0000000000026c24                machine_rtc_stop.lto_priv.0
                0x0000000000026c48                machine_rtc_start.lto_priv.0
                0x0000000000026c6c                machine_timer_stop.lto_priv.0
                0x0000000000026c8c                machine_timer_start.lto_priv.0
                0x0000000000026cb0                machine_timer_period.lto_priv.0
                0x0000000000026cc2                pin_af.lto_priv.0
                0x0000000000026ccc                pin_pull.lto_priv.0
                0x0000000000026cd4                pin_mode.lto_priv.0
                0x0000000000026cdc                pin_pin.lto_priv.0
                0x0000000000026ce6                pin_port.lto_priv.0
                0x0000000000026cf2                pin_name.lto_priv.0
                0x0000000000026cfc                pin_on.lto_priv.0
                0x0000000000026d14                pin_high.lto_priv.0
                0x0000000000026d2c                pin_off.lto_priv.0
                0x0000000000026d44                pin_low.lto_priv.0
                0x0000000000026d5c                pin_map_dict.lto_priv.0
                0x0000000000026d78                pin_mapper.lto_priv.0
                0x0000000000026d94                machine_enable_irq.lto_priv.0
                0x0000000000026d9c                machine_disable_irq.lto_priv.0
                0x0000000000026da4                machine_reset_cause.lto_priv.0
                0x0000000000026db8                machine_deepsleep.lto_priv.0
                0x0000000000026dc4                machine_lightsleep.lto_priv.0
                0x0000000000026dd0                machine_starve_wdt.lto_priv.0
                0x0000000000026f2c                machine_pwm_deinit.lto_priv.0
                0x0000000000027098                machine_rtc_deinit.lto_priv.0
                0x0000000000027370                machine_hard_spi_transfer.lto_priv.0
                0x000000000002747c                machine_spi_deinit.lto_priv.0
                0x0000000000027cfe                ubluepy_delegate_make_new.lto_priv.0
                0x0000000000027d64                stdio_write.lto_priv.0
                0x0000000000027d88                stdio_read.lto_priv.0
                0x0000000000027db6                stdio_obj_print
                0x0000000000027dc4                ubluepy_scan_entry_print.lto_priv.0
                0x0000000000027dd0                ubluepy_scanner_print.lto_priv.0
                0x0000000000027ddc                ubluepy_delegate_print.lto_priv.0
                0x0000000000027de8                ubluepy_uuid_print.lto_priv.0
                0x0000000000027e18                ubluepy_characteristic_print.lto_priv.0
                0x0000000000027e2c                ubluepy_service_print.lto_priv.0
                0x0000000000027e38                ubluepy_peripheral_print.lto_priv.0
                0x0000000000027e48                machine_temp_print.lto_priv.0
                0x0000000000027e54                machine_pwm_print.lto_priv.0
                0x0000000000027e64                rtc_print.lto_priv.0
                0x0000000000027e74                timer_print.lto_priv.0
                0x0000000000027e80                pin_print.lto_priv.0
                0x0000000000027ed8                machine_adc_print.lto_priv.0
                0x0000000000027ef0                machine_hard_spi_print.lto_priv.0
                0x0000000000027f00                pyb_set_repl_info
                0x0000000000027f20                scan_entry_get_rssi.lto_priv.0
                0x0000000000027f28                scan_entry_get_addr_type.lto_priv.0
                0x0000000000027f2e                machine_soft_reset.lto_priv.0
                0x0000000000027fc0                mod_random_uniform.lto_priv.0
                0x0000000000028006                mod_random_random.lto_priv.0
                0x0000000000028028                mod_random_choice.lto_priv.0
                0x0000000000028064                mod_random_randint.lto_priv.0
                0x000000000002809a                mod_random_randrange.lto_priv.0
                0x000000000002811c                mod_random_getrandbits.lto_priv.0
                0x000000000002814a                ble_obj_enabled
                0x0000000000028158                machine_temp_read.lto_priv.0
                0x000000000002819c                ble_obj_address
                0x0000000000028268                peripheral_add_service.lto_priv.0
                0x000000000002828c                mp_utime_localtime.lto_priv.0
                0x0000000000028424                scan_entry_get_scan_data.lto_priv.0
                0x000000000002854c                pin_names.lto_priv.0
                0x0000000000028588                pin_af_list.lto_priv.0
                0x000000000002862c                scanner_scan.lto_priv.0
                0x0000000000028668                ubluepy_scanner_make_new.lto_priv.0
                0x0000000000028690                ubluepy_characteristic_make_new.lto_priv.0
                0x00000000000286f8                ubluepy_peripheral_make_new.lto_priv.0
                0x0000000000028740                machine_temp_make_new.lto_priv.0
                0x0000000000028770                ubluepy_uuid_make_new.lto_priv.0
                0x00000000000289dc                mp_machine_spi_write_readinto.lto_priv.0
                0x0000000000028a20                mp_machine_spi_write.lto_priv.0
                0x0000000000028a44                mp_machine_spi_readinto.lto_priv.0
                0x0000000000028a84                machine_pwm_freq.lto_priv.0
                0x0000000000028aa8                char_write.lto_priv.0
                0x0000000000028b70                char_read.lto_priv.0
                0x0000000000028bbc                service_get_characteristic.lto_priv.0
                0x0000000000028c20                mp_utime_mktime.lto_priv.0
                0x0000000000028d94                service_add_characteristic.lto_priv.0
                0x0000000000028db8                ubluepy_service_make_new.lto_priv.0
                0x0000000000028ebc                peripheral_connect.lto_priv.0
                0x0000000000029144                peripheral_advertise_stop.lto_priv.0
                0x0000000000029154                peripheral_advertise.lto_priv.0
                0x00000000000292d4                pin_obj_init.lto_priv.0
                0x00000000000292e6                pin_call.lto_priv.0
                0x0000000000029348                pin_value.lto_priv.0
                0x000000000002935a                mp_machine_spi_read.lto_priv.0
                0x0000000000029460                ble_obj_disable
                0x0000000000029470                gc_collect_root.constprop.0
                0x00000000000294d4                gc_init.constprop.0
                0x000000000002959c                wdt_feed.constprop.0
                0x0000000000029638                mp_lexer_new_from_str_len.constprop.0
                0x0000000000029678                emit_write_bytecode_byte_obj.constprop.0
                0x00000000000296a2                emit_fold_stack_top.constprop.0
                0x00000000000296e6                emit_load_reg_with_ptr.constprop.0
                0x000000000002972e                emit_call_with_2_imm_args.constprop.0
                0x0000000000029760                mp_obj_exception_clear_traceback.constprop.0
                0x0000000000029780                mp_stream_write.constprop.0
                0x00000000000297b0                strchr
                0x00000000000297ca                strcspn
                0x00000000000297ea                strspn
                0x000000000002980a                strcat
                0x000000000002982a                strcpy
                0x000000000002983e                strncmp
                0x000000000002987e                strcmp
                0x00000000000298aa                strlen
                0x00000000000298b8                strstr
                0x00000000000298ea                memchr
                0x0000000000029904                memcmp
                0x0000000000029928                memcpy
                0x0000000000029a2c                memmove
                0x0000000000029a5c                vstr_ins_blank_bytes.constprop.0
                0x0000000000029a8a                modff
                0x0000000000029ad0                frexpf
                0x0000000000029b1c                nearbyintf
                0x0000000000029b68                truncf
                0x0000000000029ba8                floorf
                0x0000000000029c14                ceilf
                0x0000000000029c7c                logf
                0x0000000000029d80                expm1f
                0x0000000000029f70                scalbnf
                0x000000000002a5c8                tanf
                0x000000000002a61c                cosf
                0x000000000002a6a4                sinf
                0x000000000002a730                ldexpf
                0x000000000002a760                expf
                0x000000000002a898                sinhf
                0x000000000002a934                coshf
                0x000000000002a9d0                powf
                0x000000000002af20                tanhf
                0x000000000002af5a                log10f
                0x000000000002af70                errata_36.lto_priv.0
                0x000000000002af70                errata_108.lto_priv.0
                0x000000000002af70                errata_12.lto_priv.0
                0x000000000002af70                errata_136.lto_priv.0
                0x000000000002af70                errata_31.lto_priv.0
                0x000000000002afb0                errata_16.lto_priv.0
                0x000000000002afb0                errata_57.lto_priv.0
                0x000000000002afb0                errata_37.lto_priv.0
                0x000000000002afb0                errata_32.lto_priv.0
                0x000000000002afe4                __NVIC_SystemReset.lto_priv.1.lto_priv.0
                0x000000000002afe4                __NVIC_SystemReset.lto_priv.0.lto_priv.0
                0x000000000002b008                machine_enter_serial_dfu.lto_priv.0
                0x000000000002b018                machine_enter_ota_dfu.lto_priv.0
                0x000000000002b028                machine_reset.lto_priv.0
                0x000000000002b02e                pin_find
                0x000000000002b138                machine_pwm_make_new.lto_priv.0
                0x000000000002b21c                pin_make_new.lto_priv.0
                0x000000000002b264                machine_adc_make_new.lto_priv.0
                0x000000000002b31c                machine_hard_i2c_make_new
                0x000000000002b3f0                asm_thumb_end_pass
                0x000000000002b3f0                saadc_event_handler.lto_priv.0
                0x000000000002b3f2                nrf_gpiote_event_clear.lto_priv.0
                0x000000000002b40a                pin_irq.lto_priv.0
                0x000000000002b730                sd_nvic_EnableIRQ.lto_priv.1.lto_priv.0
                0x000000000002b730                sd_nvic_EnableIRQ.lto_priv.0.lto_priv.0
                0x000000000002b730                sd_nvic_EnableIRQ.lto_priv.6.lto_priv.0
                0x000000000002b7bc                sd_nvic_SetPriority.lto_priv.0.lto_priv.0
                0x000000000002ba50                machine_spi_init.lto_priv.0
                0x000000000002ba8c                machine_spi_make_new.lto_priv.0
                0x000000000002bb50                machine_pwm_init.lto_priv.0
                0x000000000002bd4c                machine_timer_make_new.lto_priv.0
                0x000000000002beb4                machine_rtc_make_new.lto_priv.0
                0x000000000002bfbc                nrfx_timer_uninit
                0x000000000002c004                machine_timer_deinit.lto_priv.0
                0x000000000002c014                nrf_saadc_event_clear.lto_priv.0
                0x000000000002c120                machine_adc_battery_level
                0x000000000002c204                machine_adc_read_u16.lto_priv.0
                0x000000000002c22e                machine_adc_value
                0x000000000002c3dc                lfs2_crc
                0x000000000002c45a                lfs2_cache_zero.isra.0.lto_priv.0
                0x000000000002c470                lfs2_bd_read.isra.0.lto_priv.0
                0x000000000002c566                lfs2_bd_cmp.constprop.0
                0x000000000002cacc                lfs2_fs_preporphans.lto_priv.0
                0x000000000002caee                lfs2_fs_pred.lto_priv.0
                0x000000000002cb2a                lfs2_fs_traverse
                0x000000000002cc4c                lfs2_init.lto_priv.0
                0x000000000002ccc8                lfs2_file_flush.lto_priv.0
                0x000000000002cda4                lfs2_file_write
                0x000000000002d068                lfs2_file_read
                0x000000000002d168                lfs2_dir_alloc.lto_priv.0
                0x000000000002d5ec                lfs2_dir_commit.lto_priv.0
                0x000000000002d8d0                lfs2_file_sync
                0x000000000002d988                lfs2_file_close
                0x000000000002d9b2                lfs2_dir_drop.lto_priv.0
                0x000000000002d9ec                lfs2_fs_forceconsistency.lto_priv.0
                0x000000000002db00                lfs2_dir_find.lto_priv.0
                0x000000000002dc5c                lfs2_stat
                0x000000000002dc86                parse_compile_execute.lto_priv.0
                0x000000000002ddbc                pyexec_file_if_exists
                0x000000000002de50                readline
                0x000000000002e4a4                ble_obj_enable
                0x000000000002e4bc                machine_info.lto_priv.0
 .text          0x000000000002e5e0     0x725c /tmp/firmware.elf.fkNs2M.ltrans1.ltrans.o
                0x000000000002e822                SWI2_EGU2_IRQHandler
                0x000000000002eb64                HardFault_Handler
                0x000000000002eb80                mp_vfs_lfs2_umount.lto_priv.0
                0x000000000002eb88                mp_vfs_lfs2_mount.lto_priv.0
                0x000000000002eb90                lfs2_traverse_cb.lto_priv.0
                0x000000000002ed38                mp_machine_soft_i2c_read
                0x000000000002edc6                mp_machine_soft_i2c_write
                0x000000000002edee                mp_hal_i2c_stop.lto_priv.0
                0x000000000002ee0a                mp_hal_i2c_start.lto_priv.0
                0x000000000002ee28                mp_machine_soft_i2c_transfer
                0x000000000002eeda                mp_small_int_floor_divide
                0x000000000002eef6                mp_small_int_modulo
                0x000000000002ef58                mp_vfs_lfs2_file___exit__.lto_priv.0
                0x000000000002f054                bma42x_BMA42X_print.lto_priv.0
                0x000000000002f060                pin_named_pins_obj_print.lto_priv.0
                0x000000000002f06c                machine_mem_print.lto_priv.0
                0x000000000002f090                mp_vfs_lfs2_getcwd.lto_priv.0
                0x000000000002f0a2                lfs2_dir_find_match.lto_priv.0
                0x000000000002f464                bma42x_BMA42X_debug.lto_priv.0
                0x000000000002f480                time_sleep_us.lto_priv.0
                0x000000000002f4d0                bma42x_BMA42X_make_new
                0x000000000002f58c                bma42x_BMA42X_write_config_file.lto_priv.0
                0x000000000002f72c                bma42x_BMA42X_step_counter_set_watermark.lto_priv.0
                0x000000000002f794                bma42x_BMA42X_step_counter_output.lto_priv.0
                0x000000000002f7c8                bma42x_BMA42X_step_detector_enable.lto_priv.0
                0x000000000002f834                bma42x_BMA42X_set_reg.lto_priv.0
                0x000000000002f86c                bma42x_BMA42X_set_offset_comp.lto_priv.0
                0x000000000002f8d0                bma42x_BMA42X_set_command_register.lto_priv.0
                0x000000000002f908                bma42x_BMA42X_set_accel_enable.lto_priv.0
                0x000000000002f96c                bma42x_BMA42X_set_no_mot_config.lto_priv.0
                0x000000000002f9e0                bma42x_BMA42X_set_any_mot_config.lto_priv.0
                0x000000000002fa54                bma42x_BMA42X_set_accel_config.lto_priv.0
                0x000000000002fafc                bma42x_BMA42X_read_int_status.lto_priv.0
                0x000000000002fb56                bma42x_BMA42X_read_accel_xyz.lto_priv.0
                0x000000000002fc24                bma42x_BMA42X_map_interrupt.lto_priv.0
                0x000000000002fcf0                bma42x_BMA42X_init.lto_priv.0
                0x000000000002fd6c                bma42x_BMA42X_get_temperature.lto_priv.0
                0x000000000002fdec                bma42x_BMA42X_get_reg.lto_priv.0
                0x000000000002fe18                bma42x_BMA42X_get_offset_comp.lto_priv.0
                0x000000000002fe5a                bma42x_BMA42X_feature_enable.lto_priv.0
                0x000000000002ff5c                machine_i2c_scan.lto_priv.0
                0x000000000002ff94                mp_vfs_lfs2_file_ioctl.lto_priv.0
                0x0000000000030048                mp_vfs_lfs2_file_write.lto_priv.0
                0x0000000000030074                mp_vfs_lfs2_file_read.lto_priv.0
                0x00000000000300a0                mp_vfs_lfs2_statvfs.lto_priv.0
                0x0000000000030110                machine_i2c_writeto_mem.lto_priv.0
                0x0000000000030190                machine_i2c_readfrom_mem_into.lto_priv.0
                0x00000000000301e4                machine_i2c_writeto.lto_priv.0
                0x0000000000030230                machine_i2c_readfrom_into.lto_priv.0
                0x000000000003027c                machine_i2c_write.lto_priv.0
                0x00000000000302b6                machine_i2c_readinto.lto_priv.0
                0x0000000000030304                machine_i2c_stop.lto_priv.0
                0x0000000000030324                machine_i2c_start.lto_priv.0
                0x000000000003036a                mp_vfs_lfs2_file_print.lto_priv.0
                0x0000000000030388                mp_vfs_lfs2_import_stat.lto_priv.0
                0x00000000000303ac                mp_vfs_lfs2_stat.lto_priv.0
                0x00000000000305b0                machine_i2c_readfrom_mem.lto_priv.0
                0x000000000003060c                machine_i2c_readfrom.lto_priv.0
                0x0000000000030664                machine_i2c_writevto.lto_priv.0
                0x0000000000030788                machine_i2c_obj_init.lto_priv.0
                0x00000000000307a0                machine_i2c_make_new.lto_priv.0
                0x0000000000030824                machine_mem_subscr.lto_priv.0
                0x0000000000030880                mod_ujson_load.lto_priv.0
                0x0000000000030c08                mod_ujson_loads.lto_priv.0
                0x0000000000030c48                mod_ujson_dumps.lto_priv.0
                0x0000000000030c7c                mod_ujson_dump.lto_priv.0
                0x0000000000030ca8                mp_setup_code_state
                0x0000000000030fc0                lfs2_alloc.lto_priv.0
                0x0000000000031080                lfs2_gstate_xormove.lto_priv.0
                0x00000000000310dc                lfs2_tag_dsize.lto_priv.0
                0x00000000000310f0                lfs2_pair_cmp.lto_priv.0
                0x0000000000031112                lfs2_gstate_hasmovehere.lto_priv.0
                0x0000000000031130                lfs2_dir_fetchmatch.lto_priv.0
                0x00000000000314e0                lfs2_dir_fetch.lto_priv.0
                0x00000000000314fa                mp_vfs_lfs2_mkfs.lto_priv.0
                0x00000000000315f0                lfs2_dir_traverse.lto_priv.0
                0x00000000000317cc                lfs2_dir_getslice.lto_priv.0
                0x00000000000318ec                lfs2_dir_get.lto_priv.0
                0x0000000000031904                lfs2_dir_getgstate.lto_priv.0
                0x0000000000031948                mp_vfs_lfs2_remove.lto_priv.0
                0x0000000000031a20                mp_vfs_lfs2_rmdir.lto_priv.0
                0x0000000000031a22                mp_vfs_lfs2_ilistdir_func.lto_priv.0
                0x0000000000031b14                lfs2_pair_isnull.lto_priv.0
                0x0000000000031b28                mp_vfs_lfs2_make_new.lto_priv.0
                0x0000000000031cbc                lfs2_bd_flush.lto_priv.0
                0x0000000000031d3a                DebugMon_Handler
                0x0000000000031d3a                SWI0_EGU0_IRQHandler
                0x0000000000031d3a                SysTick_Handler
                0x0000000000031d3a                PendSV_Handler
                0x0000000000031d3a                NMI_Handler
                0x0000000000031d3a                POWER_CLOCK_IRQHandler
                0x0000000000031d3a                RADIO_IRQHandler
                0x0000000000031d3a                PDM_IRQHandler
                0x0000000000031d3a                TEMP_IRQHandler
                0x0000000000031d3a                QDEC_IRQHandler
                0x0000000000031d3a                UsageFault_Handler
                0x0000000000031d3a                I2S_IRQHandler
                0x0000000000031d3a                SWI4_EGU4_IRQHandler
                0x0000000000031d3a                ECB_IRQHandler
                0x0000000000031d3a                Default_Handler
                0x0000000000031d3a                CCM_AAR_IRQHandler
                0x0000000000031d3a                WDT_IRQHandler
                0x0000000000031d3a                SVC_Handler
                0x0000000000031d3a                SWI5_EGU5_IRQHandler
                0x0000000000031d3a                RNG_IRQHandler
                0x0000000000031d3a                SWI3_EGU3_IRQHandler
                0x0000000000031d3a                SWI1_EGU1_IRQHandler
                0x0000000000031d3a                NFCT_IRQHandler
                0x0000000000031d3a                BusFault_Handler
                0x0000000000031d3a                MWU_IRQHandler
                0x0000000000031d3a                MemoryManagement_Handler
                0x0000000000031d3a                COMP_LPCOMP_IRQHandler
                0x0000000000031d3c                mp_hal_stdin_rx_chr
                0x0000000000031da4                ble_drv_attr_s_notify
                0x0000000000031e08                mp_hal_stdout_tx_strn
                0x0000000000031e48                ble_drv_advertise_stop
                0x0000000000031e84                ble_drv_characteristic_add
                0x0000000000031f38                ble_drv_stack_enabled
                0x0000000000031f4c                sd_ble_gatts_value_set.lto_priv.0
                0x0000000000031f50                sd_ble_gattc_write.lto_priv.0
                0x0000000000031f54                sd_ble_gattc_read.lto_priv.0
                0x0000000000031f58                sd_ble_gattc_characteristics_discover.lto_priv.0
                0x0000000000031f5c                sd_ble_gattc_primary_services_discover.lto_priv.0
                0x0000000000031f60                sd_ble_gap_connect.lto_priv.0
                0x0000000000031f64                sd_ble_gap_scan_stop.lto_priv.0
                0x0000000000031f68                sd_ble_gap_addr_get.lto_priv.0
                0x0000000000031f6c                sd_softdevice_disable.lto_priv.0.lto_priv.0
                0x0000000000031f6c                sd_softdevice_disable.lto_priv.1.lto_priv.0
                0x0000000000031f70                gc_collect
                0x0000000000031fa8                mp_hal_delay_ms
                0x0000000000031fc0                time_sleep_ms.lto_priv.0
                0x0000000000031fd8                time_sleep.lto_priv.0
                0x0000000000032000                vsnprintf
                0x0000000000032034                snprintf
                0x000000000003204e                putchar
                0x0000000000032068                vprintf
                0x0000000000032078                printf
                0x0000000000032098                nlr_jump_fail
                0x00000000000320b8                mp_small_int_mul_overflow
                0x0000000000032102                lfs2_dir_getinfo.lto_priv.0
                0x0000000000032190                lfs2_bd_prog.lto_priv.0
                0x00000000000322f8                mp_machine_i2c_transfer_adaptor
                0x00000000000323a0                ble_drv_stack_enable
                0x0000000000032488                ble_drv_scan_start
                0x00000000000324ec                ble_drv_advertise_data
                0x00000000000327c0                ble_drv_service_add
                0x0000000000032810                ble_drv_uuid_add_vs
                0x0000000000032844                mp_hal_stdout_tx_str
                0x0000000000032858                puts
                0x000000000003297c                Reset_Handler
                0x000000000003333a                mp_vfs_lfs2_file_open
                0x000000000003363c                mp_vfs_lfs2_chdir.lto_priv.0
                0x00000000000336a4                mp_vfs_lfs2_mkdir.lto_priv.0
                0x00000000000337f4                mp_vfs_lfs2_rename.lto_priv.0
                0x0000000000033b5c                mp_vfs_getcwd
                0x0000000000033bd8                mp_vfs_umount
                0x0000000000033c68                mp_find_frozen_module
                0x0000000000033d06                mp_frozen_stat
                0x0000000000033db0                mp_vfs_mount
                0x0000000000033ec8                mp_vfs_import_stat
                0x0000000000033f9a                mp_vfs_statvfs
                0x0000000000033ff4                mp_vfs_stat
                0x0000000000034032                mp_vfs_rmdir
                0x000000000003404c                mp_vfs_rename
                0x000000000003407a                mp_vfs_remove
                0x0000000000034092                mp_vfs_mkdir
                0x00000000000340d0                mp_vfs_listdir
                0x0000000000034158                mp_vfs_chdir
                0x00000000000341a0                mp_vfs_open
                0x00000000000341cc                mp_reader_new_file
 .text          0x000000000003583c     0x55b8 /tmp/firmware.elf.fkNs2M.ltrans2.ltrans.o
                0x000000000003583c                mp_load_super_method
                0x0000000000035884                mp_micropython_heap_unlock.lto_priv.0
                0x000000000003589c                mp_micropython_heap_lock.lto_priv.0
                0x00000000000358b4                mp_micropython_stack_use.lto_priv.0
                0x00000000000358d2                gc_isenabled.lto_priv.0
                0x00000000000358f4                gc_enable.lto_priv.0
                0x0000000000035908                gc_disable.lto_priv.0
                0x000000000003591c                mp_builtin_locals.lto_priv.0
                0x0000000000035928                mp_builtin_globals.lto_priv.0
                0x0000000000035934                op_contains.lto_priv.0
                0x000000000003594e                op_delitem.lto_priv.0
                0x0000000000035968                op_setitem.lto_priv.0
                0x0000000000035984                op_getitem.lto_priv.0
                0x0000000000035a2c                mp_obj_tuple_getiter
                0x0000000000035a64                mp_obj_new_bytes_iterator.lto_priv.0
                0x0000000000035a80                mp_obj_new_str_iterator.lto_priv.0
                0x0000000000035a9c                bytes_decode.lto_priv.0
                0x0000000000035ac8                mp_builtin_hash.lto_priv.0
                0x0000000000035ad0                mp_builtin_abs.lto_priv.0
                0x0000000000035ad8                mp_obj_tuple_unary_op
                0x0000000000035b34                mp_builtin_iter.lto_priv.0
                0x0000000000035b3a                stringio_ioctl.lto_priv.0
                0x0000000000035baa                type_call.lto_priv.0
                0x0000000000035bd0                mp_builtin_oct.lto_priv.0
                0x0000000000035bdc                mp_builtin_hex.lto_priv.0
                0x0000000000035be8                mp_builtin_divmod.lto_priv.0
                0x0000000000035bf2                mp_stream_write_adaptor
                0x0000000000035bf6                mp_sys_exit.lto_priv.0
                0x0000000000035c18                mp_micropython_opt_level.lto_priv.0
                0x0000000000035c40                mp_math_isnan.lto_priv.0
                0x0000000000035c60                mp_math_isinf.lto_priv.0
                0x0000000000035c8c                mp_math_isfinite.lto_priv.0
                0x0000000000035cb8                gc_threshold.lto_priv.0
                0x0000000000035cf8                mp_math_degrees.lto_priv.0
                0x0000000000035d14                mp_math_radians.lto_priv.0
                0x0000000000035db0                mp_math_fmod.lto_priv.0
                0x0000000000035db8                mp_math_copysign.lto_priv.0
                0x0000000000035dc0                mp_math_atan2.lto_priv.0
                0x0000000000035dc8                mp_math_pow.lto_priv.0
                0x0000000000035e30                mp_math_fabs.lto_priv.0
                0x0000000000035e38                mp_math_atan.lto_priv.0
                0x0000000000035e40                mp_math_asin.lto_priv.0
                0x0000000000035e48                mp_math_acos.lto_priv.0
                0x0000000000035e50                mp_math_tan.lto_priv.0
                0x0000000000035e58                mp_math_sin.lto_priv.0
                0x0000000000035e60                mp_math_cos.lto_priv.0
                0x0000000000035e68                mp_math_exp.lto_priv.0
                0x0000000000035e70                mp_math_sqrt.lto_priv.0
                0x0000000000035ea8                mp_micropython_schedule.lto_priv.0
                0x0000000000035efc                mp_builtin_pow.lto_priv.0
                0x0000000000035f20                mp_get_stream_raise
                0x0000000000035f58                mp_sys_print_exception.lto_priv.0
                0x0000000000035f90                mp_micropython_kbd_intr.lto_priv.0
                0x0000000000035fb0                type_print.lto_priv.0
                0x0000000000035fbc                stringio_print.lto_priv.0
                0x0000000000035fe4                mp_micropython_qstr_info.lto_priv.0
                0x0000000000036068                mp_micropython_mem_info
                0x00000000000360b2                gc_mem_alloc.lto_priv.0
                0x00000000000360ca                gc_mem_free.lto_priv.0
                0x00000000000360e2                py_gc_collect.lto_priv.0
                0x00000000000360f0                mp_builtin_sorted.lto_priv.0
                0x0000000000036124                mp_builtin_sum.lto_priv.0
                0x0000000000036158                mp_builtin_any.lto_priv.0
                0x0000000000036184                mp_builtin_all.lto_priv.0
                0x00000000000361b0                mp_builtin___repl_print__.lto_priv.0
                0x00000000000361f4                super_print.lto_priv.0
                0x0000000000036234                mp_obj_tuple_print
                0x0000000000036384                mp_builtin_min.lto_priv.0
                0x0000000000036388                mp_builtin_max.lto_priv.0
                0x0000000000036420                stream_flush.lto_priv.0
                0x0000000000036444                stream_seek.lto_priv.0
                0x0000000000036496                stream_tell.lto_priv.0
                0x00000000000364ae                mp_stream_close
                0x00000000000364d4                stringio___exit__.lto_priv.0
                0x00000000000364d8                stream_write_method.lto_priv.0
                0x0000000000036534                zip_make_new.lto_priv.0
                0x0000000000036580                static_class_method_make_new.lto_priv.0
                0x00000000000365a0                super_make_new.lto_priv.0
                0x00000000000366b8                mp_builtin_callable.lto_priv.0
                0x0000000000036710                super_attr.lto_priv.0
                0x0000000000036ab4                mp_obj_str_get_buffer
                0x0000000000036b70                str_islower.lto_priv.0
                0x0000000000036b7c                str_isupper.lto_priv.0
                0x0000000000036b88                str_isdigit.lto_priv.0
                0x0000000000036b94                str_isalpha.lto_priv.0
                0x0000000000036ba0                str_isspace.lto_priv.0
                0x0000000000036bac                mp_obj_is_subclass_fast
                0x0000000000036c78                mp_builtin_isinstance.lto_priv.0
                0x0000000000036c8a                mp_builtin_issubclass.lto_priv.0
                0x0000000000036cac                gen_instance_send.part.0.lto_priv.0
                0x0000000000036cac                gen_instance_throw.part.0.lto_priv.0
                0x0000000000036cbc                mp_builtin_next.lto_priv.0
                0x0000000000036cf6                mp_map_slot_is_filled.isra.0.lto_priv.0.lto_priv.0
                0x0000000000036cf6                mp_map_slot_is_filled.isra.0.lto_priv.1.lto_priv.0
                0x0000000000036d04                mp_builtin_dir.lto_priv.0
                0x0000000000036ed8                mp_binary_get_val_array
                0x0000000000037020                mp_binary_get_size
                0x00000000000371ca                mp_binary_set_val_array
                0x0000000000037334                mp_stream_rw
                0x0000000000037394                stream_readinto.lto_priv.0
                0x00000000000373ec                mp_seq_count_obj
                0x0000000000037416                tuple_count.lto_priv.0
                0x0000000000037420                mp_seq_index_obj
                0x0000000000037488                tuple_index.lto_priv.0
                0x0000000000037496                mp_seq_cmp_objs
                0x0000000000037530                mp_seq_get_fast_slice_indexes
                0x0000000000037608                mp_call_function_n_kw.part.0
                0x000000000003767c                mp_obj_new_instance
                0x00000000000376a8                mp_obj_new_tuple.part.0
                0x00000000000376dc                mp_obj_new_tuple
                0x00000000000376e8                mp_builtin___build_class__.lto_priv.0
                0x000000000003775c                zip_iternext.lto_priv.0
                0x00000000000377a4                mp_obj_tuple_make_new.lto_priv.0
                0x0000000000037820                type_attr.lto_priv.0
                0x00000000000378f8                bad_implicit_conversion.lto_priv.0
                0x000000000003791c                mp_obj_str_get_data
                0x0000000000037954                mp_builtin_print.lto_priv.0
                0x00000000000379d8                mp_builtin_ord.lto_priv.0
                0x0000000000037ad8                mp_builtin_exec.lto_priv.0
                0x0000000000037adc                mp_builtin_eval.lto_priv.0
                0x0000000000037ae0                mp_obj_str_get_str
                0x0000000000037b10                struct_calcsize.lto_priv.0
                0x0000000000037b2a                mp_obj_str_get_qstr
                0x0000000000037b58                mp_builtin_hasattr.lto_priv.0
                0x0000000000037b88                mp_builtin_setattr.lto_priv.0
                0x0000000000037ba8                mp_builtin_delattr.lto_priv.0
                0x0000000000037bac                mp_builtin_getattr.lto_priv.0
                0x0000000000037c00                mp_builtin_compile.lto_priv.0
                0x0000000000037c6c                type_make_new.lto_priv.0
                0x0000000000037e28                mp_obj_new_str_from_vstr
                0x0000000000037e94                mp_builtin_repr.lto_priv.0
                0x0000000000037ec8                mp_builtin_input.lto_priv.0
                0x0000000000037f24                stream_unbuffered_readline.lto_priv.0
                0x0000000000037fd8                mp_stream_unbuffered_iter
                0x0000000000037ff6                stream_unbuffered_readlines.lto_priv.0
                0x0000000000038022                stream_read.lto_priv.0
                0x000000000003814e                str_upper.lto_priv.0
                0x0000000000038158                str_lower.lto_priv.0
                0x0000000000038164                mp_obj_str_format
                0x00000000000381b0                mp_builtin_bin.lto_priv.0
                0x00000000000381ca                mp_obj_new_str_via_qstr
                0x00000000000381d8                mp_builtin_chr.lto_priv.0
                0x000000000003823c                mp_binary_set_int
                0x0000000000038418                struct_pack_into.lto_priv.0
                0x0000000000038470                struct_pack.lto_priv.0
                0x00000000000384b8                mp_obj_instance_make_new
                0x0000000000038600                mp_obj_tuple_subscr
                0x0000000000038670                mp_obj_tuple_binary_op
                0x000000000003877c                stringio_write.lto_priv.0
                0x0000000000038830                stringio_make_new.lto_priv.0
                0x00000000000388e8                stringio_read.lto_priv.0
                0x0000000000038924                mp_obj_new_str_copy
                0x000000000003895e                mp_obj_new_bytes
                0x000000000003896c                bytes_make_new.part.0.lto_priv.0
                0x0000000000038a74                str_encode.lto_priv.0
                0x0000000000038aa0                mp_obj_new_str
                0x0000000000038ac8                mp_obj_new_str_of_type
                0x0000000000038adc                stringio_getvalue.lto_priv.0
                0x0000000000038b14                str_replace.lto_priv.0
                0x0000000000038c7a                struct_unpack_from.lto_priv.0
                0x0000000000038eb2                mp_builtin_help.lto_priv.0
                0x000000000003917c                mp_math_modf.lto_priv.0
                0x00000000000391aa                mp_math_frexp.lto_priv.0
                0x00000000000391d6                mp_math_log.lto_priv.0
                0x000000000003924c                mp_math_ldexp.lto_priv.0
                0x0000000000039270                mp_math_trunc.lto_priv.0
                0x0000000000039282                mp_math_floor.lto_priv.0
                0x0000000000039294                mp_math_ceil.lto_priv.0
                0x00000000000392a6                mp_builtin_round.lto_priv.0
                0x0000000000039324                mp_builtin___import__
                0x00000000000396d0                mp_execute_bytecode
                0x000000000003acac                mp_seq_cmp_bytes
                0x000000000003ad14                str_count.lto_priv.0
 .text          0x000000000003adf4     0x58d4 /tmp/firmware.elf.fkNs2M.ltrans3.ltrans.o
                0x000000000003aeb4                set_getiter.lto_priv.0
                0x000000000003aef8                range_getiter.lto_priv.0
                0x000000000003af14                range_unary_op.lto_priv.0
                0x000000000003af84                polymorph_it_iternext.lto_priv.0
                0x000000000003af88                object___init__.lto_priv.0
                0x000000000003afac                list_reverse.lto_priv.0
                0x000000000003afe0                list_getiter.lto_priv.0
                0x000000000003affc                list_unary_op.lto_priv.0
                0x000000000003b060                mp_obj_fun_bc_attr
                0x000000000003b07a                mp_obj_exception_attr
                0x000000000003b0c0                dict_getiter.lto_priv.0
                0x000000000003b0f0                dict_unary_op.lto_priv.0
                0x000000000003b124                bool_binary_op.lto_priv.0
                0x000000000003b130                mp_obj_attrtuple_attr.lto_priv.0
                0x000000000003b158                array_iterator_new.lto_priv.0
                0x000000000003b180                gen_instance_pend_throw.lto_priv.0
                0x000000000003b198                fun_native_call.lto_priv.0
                0x000000000003b1c0                set_pop.lto_priv.0
                0x000000000003b24c                bytes_subscr.lto_priv.0
                0x000000000003b2e0                bytes_make_new.lto_priv.0
                0x000000000003b304                fun_builtin_var_call.lto_priv.0
                0x000000000003b348                fun_builtin_3_call.lto_priv.0
                0x000000000003b368                fun_builtin_2_call.lto_priv.0
                0x000000000003b386                fun_builtin_1_call.lto_priv.0
                0x000000000003b3a2                fun_builtin_0_call.lto_priv.0
                0x000000000003b3b8                mp_obj_new_slice
                0x000000000003b3d8                range_subscr.lto_priv.0
                0x000000000003b470                range_make_new.lto_priv.0
                0x000000000003b4d0                property_deleter.lto_priv.0
                0x000000000003b4ec                property_setter.lto_priv.0
                0x000000000003b508                property_getter.lto_priv.0
                0x000000000003b524                object_make_new.lto_priv.0
                0x000000000003b53c                mp_obj_new_dict
                0x000000000003b568                dict_items.lto_priv.0
                0x000000000003b584                dict_values.lto_priv.0
                0x000000000003b5a0                dict_keys.lto_priv.0
                0x000000000003b5bc                mp_obj_new_bytearray_by_ref
                0x000000000003b5dc                mp_obj_str_make_new
                0x000000000003b68c                slice_print.lto_priv.0
                0x000000000003b6e0                set_print.lto_priv.0
                0x000000000003b790                none_print.lto_priv.0
                0x000000000003b7a4                list_print.lto_priv.0
                0x000000000003b7fc                bool_print.lto_priv.0
                0x000000000003b828                singleton_print.lto_priv.0
                0x000000000003b834                range_print.lto_priv.0
                0x000000000003b870                gen_instance_print.lto_priv.0
                0x000000000003b890                fun_bc_print.lto_priv.0
                0x000000000003b940                mp_obj_attrtuple_print.lto_priv.0
                0x000000000003b94c                map_make_new.lto_priv.0
                0x000000000003b99c                filter_make_new.lto_priv.0
                0x000000000003b9ca                mp_obj_set_store
                0x000000000003b9d2                mp_obj_new_set
                0x000000000003ba14                set_discard.lto_priv.0
                0x000000000003ba28                set_add.lto_priv.0
                0x000000000003ba62                set_update.lto_priv.0
                0x000000000003ba84                set_symmetric_difference_update.lto_priv.0
                0x000000000003bab0                set_isdisjoint.lto_priv.0
                0x000000000003baec                set_make_new.lto_priv.0
                0x000000000003bc64                set_issuperset.lto_priv.0
                0x000000000003bc6e                set_issubset.lto_priv.0
                0x000000000003bc72                set_clear.lto_priv.0
                0x000000000003bc8c                mp_alloc_emergency_exception_buf
                0x000000000003bcbc                set_unary_op.lto_priv.0
                0x000000000003bd2c                bool_unary_op.lto_priv.0
                0x000000000003bd40                set_intersect_update.lto_priv.0
                0x000000000003bd50                reversed_iternext.lto_priv.0
                0x000000000003bd6a                reversed_make_new.lto_priv.0
                0x000000000003bdb6                bound_meth_attr.lto_priv.0
                0x000000000003bdc2                property_make_new.lto_priv.0
                0x000000000003bdf8                enumerate_make_new.lto_priv.0
                0x000000000003be34                object___new__.lto_priv.0
                0x000000000003be68                module_print.lto_priv.0
                0x000000000003bec8                map_iternext.lto_priv.0
                0x000000000003bf14                list_index.lto_priv.0
                0x000000000003bf28                list_count.lto_priv.0
                0x000000000003bf32                list_clear.lto_priv.0
                0x000000000003bf58                list_pop.lto_priv.0
                0x000000000003bfd4                mp_obj_list_remove
                0x000000000003bff8                mp_obj_list_append
                0x000000000003c040                list_insert.lto_priv.0
                0x000000000003c16c                mp_obj_list_sort
                0x000000000003c1cc                enumerate_iternext.lto_priv.0
                0x000000000003c1f4                int_to_bytes.lto_priv.0
                0x000000000003c274                it_iternext.lto_priv.0
                0x000000000003c2c8                native_gen_wrap_call.lto_priv.0
                0x000000000003c34c                gen_wrap_call.lto_priv.0
                0x000000000003c3d4                fun_bc_call.lto_priv.0
                0x000000000003c4b4                complex_print.lto_priv.0
                0x000000000003c54c                filter_iternext.lto_priv.0
                0x000000000003c580                bool_make_new.lto_priv.0
                0x000000000003c5ac                mp_obj_exception_print
                0x000000000003c624                dict_fromkeys.lto_priv.0
                0x000000000003c698                array_get_buffer.lto_priv.0
                0x000000000003c7c4                dict_binary_op.lto_priv.0
                0x000000000003c858                dict_print.lto_priv.0
                0x000000000003c90c                mp_str_print_quoted
                0x000000000003c9d4                str_print.lto_priv.0
                0x000000000003cad0                mp_module_call_init
                0x000000000003cb08                mp_module_get
                0x000000000003cb48                mp_obj_list_init
                0x000000000003cb80                list_new.lto_priv.0
                0x000000000003cb98                mp_obj_new_list
                0x000000000003cbbc                list_copy.lto_priv.0
                0x000000000003cbc2                list_make_new.lto_priv.0
                0x000000000003cbf0                mp_obj_int_get_checked
                0x000000000003cc34                mp_obj_int_sign
                0x000000000003cc64                mp_obj_int_new_mpz
                0x000000000003cc80                mp_obj_new_int_from_uint
                0x000000000003ccaa                mp_obj_new_int_from_ll
                0x000000000003ccca                mp_obj_new_int
                0x000000000003ccde                range_attr.lto_priv.0
                0x000000000003cd04                mp_obj_int_unary_op
                0x000000000003ce04                int_from_bytes.lto_priv.0
                0x000000000003ced0                mp_obj_new_int_from_float
                0x000000000003d004                mp_obj_int_make_new.lto_priv.0
                0x000000000003d09c                mp_obj_new_float
                0x000000000003d0c0                float_unary_op.lto_priv.0
                0x000000000003d114                float_make_new.lto_priv.0
                0x000000000003d16c                complex_attr.lto_priv.0
                0x000000000003d196                mp_obj_exception_add_traceback
                0x000000000003d224                mp_obj_is_exception_type
                0x000000000003d250                mp_obj_exception_match
                0x000000000003d274                mp_obj_new_exception_args
                0x000000000003d29c                set_remove.lto_priv.0
                0x000000000003d2b8                mp_obj_new_exception
                0x000000000003d2be                mp_ensure_not_fixed.lto_priv.0
                0x000000000003d2ce                mp_obj_dict_store
                0x000000000003d2ec                dict_update.lto_priv.0
                0x000000000003d3dc                dict_make_new.lto_priv.0
                0x000000000003d424                dict_popitem.lto_priv.0
                0x000000000003d4cc                mp_obj_dict_delete
                0x000000000003d4e4                module_attr.lto_priv.0
                0x000000000003d548                dict_subscr.lto_priv.0
                0x000000000003d578                dict_setdefault.lto_priv.0
                0x000000000003d57c                dict_pop.lto_priv.0
                0x000000000003d580                dict_get.lto_priv.0
                0x000000000003d584                dict_clear.lto_priv.0
                0x000000000003d5b4                mp_obj_dict_get
                0x000000000003d5cc                mp_obj_new_complex
                0x000000000003d5f8                complex_unary_op.lto_priv.0
                0x000000000003d694                complex_make_new.lto_priv.0
                0x000000000003d764                float_print.lto_priv.0
                0x000000000003d7b8                str_endswith.lto_priv.0
                0x000000000003d820                str_startswith.lto_priv.0
                0x000000000003d8a0                mp_obj_str_split
                0x000000000003d9ec                str_rsplit.lto_priv.0
                0x000000000003daf4                new_namedtuple_type.lto_priv.0
                0x000000000003dbb4                find_subbytes
                0x000000000003dd18                str_rstrip.lto_priv.0
                0x000000000003dd20                str_lstrip.lto_priv.0
                0x000000000003dd28                str_strip.lto_priv.0
                0x000000000003de10                str_rindex.lto_priv.0
                0x000000000003de18                str_index.lto_priv.0
                0x000000000003de1e                str_rfind.lto_priv.0
                0x000000000003de26                str_find.lto_priv.0
                0x000000000003de2c                str_join.lto_priv.0
                0x000000000003df38                set_copy.lto_priv.0
                0x000000000003df6a                set_union.lto_priv.0
                0x000000000003df80                set_symmetric_difference.lto_priv.0
                0x000000000003df96                set_intersect.lto_priv.0
                0x000000000003e002                set_diff_update.lto_priv.0
                0x000000000003e014                set_diff.lto_priv.0
                0x000000000003e018                set_binary_op.lto_priv.0
                0x000000000003e138                list_extend.lto_priv.0
                0x000000000003e1b0                list_subscr.lto_priv.0
                0x000000000003e390                list_binary_op.lto_priv.0
                0x000000000003e478                mp_obj_new_fun_bc
                0x000000000003e4d4                mp_obj_exception_make_new
                0x000000000003e5ac                dict_copy.lto_priv.0
                0x000000000003e5f6                closure_call.lto_priv.0
                0x000000000003e684                mp_call_method_self_n_kw
                0x000000000003e6f0                bound_meth_call.lto_priv.0
                0x000000000003e706                mp_obj_new_bytearray
                0x000000000003e726                mp_obj_int_formatted
                0x000000000003e9e0                mp_obj_int_print
                0x000000000003ea1c                mp_obj_new_exception_msg_varg
                0x000000000003eadc                mp_obj_str_format_helper.lto_priv.0
                0x000000000003f0a8                mp_obj_str_binary_op
                0x000000000003f6f8                mp_obj_new_exception_msg
                0x000000000003f750                mp_obj_gen_resume
                0x000000000003f838                gen_instance_close.lto_priv.0
                0x000000000003f8c4                gen_instance_throw.lto_priv.0
                0x000000000003f8ec                gen_instance_send.lto_priv.0
                0x000000000003f8fc                gen_instance_iternext.lto_priv.0
                0x000000000003f9dc                mp_obj_complex_binary_op
                0x000000000003fc04                mp_obj_float_binary_op
                0x000000000003fe98                mp_obj_int_binary_op
                0x0000000000040680                float_binary_op.lto_priv.0
                0x00000000000406b8                complex_binary_op.lto_priv.0
 .text          0x00000000000406c8     0x67a4 /tmp/firmware.elf.fkNs2M.ltrans4.ltrans.o
                0x00000000000406c8                array_unary_op.lto_priv.0
                0x00000000000406f4                mp_generic_unary_op
                0x0000000000040702                mp_identity_getiter
                0x0000000000040704                mp_identity
                0x0000000000040706                mp_obj_get_type
                0x0000000000040728                mp_native_swap_globals.lto_priv.0
                0x0000000000040854                mp_emit_bc_set_source_line
                0x0000000000040856                emit_native_set_source_line.lto_priv.0
                0x0000000000040858                emit_native_last_emit_was_return_value.lto_priv.0
                0x0000000000040b52                mp_emit_bc_adjust_stack_size
                0x0000000000040b6e                mp_emit_bc_end_except_handler
                0x0000000000040b74                mp_emit_bc_start_except_handler
                0x0000000000040b78                mp_emit_bc_for_iter_end
                0x0000000000040b7e                mp_emit_bc_label_assign
                0x0000000000040b9c                mp_emit_bc_last_emit_was_return_value
                0x0000000000040bfc                mp_emit_bc_jump_if_or_pop
                0x0000000000040c0c                mp_emit_bc_pop_jump_if
                0x0000000000040c1c                mp_emit_bc_jump
                0x0000000000040c60                mp_emit_bc_pop_except_jump
                0x0000000000040c68                mp_emit_bc_for_iter
                0x0000000000040c70                mp_emit_bc_setup_block
                0x0000000000040c9c                mp_emit_bc_delete_global
                0x0000000000040ca6                mp_emit_bc_store_global
                0x0000000000040cb2                mp_emit_bc_load_method
                0x0000000000040cc6                mp_emit_bc_load_global
                0x0000000000040cd0                mp_emit_bc_load_const_str
                0x0000000000040cea                mp_emit_bc_yield
                0x0000000000040d06                mp_emit_bc_raise_varargs
                0x0000000000040d10                mp_emit_bc_return_value
                0x0000000000040d24                mp_emit_bc_store_map
                0x0000000000040d2c                mp_emit_bc_binary_op
                0x0000000000040d66                mp_emit_bc_unary_op
                0x0000000000040d6e                mp_emit_bc_get_iter
                0x0000000000040d7c                mp_emit_bc_end_finally
                0x0000000000040d84                mp_emit_bc_rot_three
                0x0000000000040d8a                mp_emit_bc_rot_two
                0x0000000000040d90                mp_emit_bc_pop_top
                0x0000000000040d98                mp_emit_bc_dup_top_two
                0x0000000000040d9e                mp_emit_bc_dup_top
                0x0000000000040da4                mp_emit_bc_load_build_class
                0x0000000000040daa                mp_emit_bc_load_null
                0x0000000000040db0                mp_emit_bc_attr
                0x0000000000040de0                mp_emit_bc_subscr
                0x0000000000040e0a                mp_emit_bc_load_const_small_int
                0x0000000000040e8e                mp_emit_bc_import
                0x0000000000040eca                mp_emit_bc_unwind_jump
                0x0000000000040f5e                mp_emit_bc_start_pass
                0x00000000000410ac                mp_store_global
                0x00000000000410c0                mp_store_name
                0x00000000000410d4                mp_emit_bc_end_pass
                0x0000000000041178                array_append.lto_priv.0
                0x0000000000041260                mp_obj_id
                0x0000000000041278                mp_native_to_obj
                0x00000000000412a8                mp_obj_new_float_from_d.lto_priv.0
                0x00000000000412be                mp_obj_new_float_from_f.lto_priv.0
                0x00000000000412c2                mp_raise_msg
                0x00000000000412d4                mp_import_all
                0x0000000000041318                mp_delete_global
                0x000000000004132c                mp_delete_name
                0x0000000000041340                mp_make_function_from_raw_code
                0x00000000000413a8                mp_emit_bc_load_const_obj
                0x00000000000413ac                mp_emit_bc_load_const_tok
                0x00000000000413c4                mp_emit_bc_with_cleanup
                0x00000000000413ee                array_new.lto_priv.0
                0x0000000000041438                mp_get_buffer
                0x0000000000041454                mp_obj_len_maybe
                0x00000000000414a4                mp_obj_is_true
                0x0000000000041500                mp_obj_get_float_maybe
                0x000000000004156c                mp_obj_get_int_maybe
                0x00000000000415b8                mp_obj_get_type_str
                0x00000000000415c8                mp_obj_subscr
                0x000000000004161c                mp_obj_len
                0x0000000000041644                mp_get_index
                0x00000000000416c0                mp_obj_get_array
                0x000000000004170c                mp_obj_get_float
                0x000000000004173c                mp_obj_get_float_to_d.lto_priv.0
                0x0000000000041750                mp_obj_get_float_to_f.lto_priv.0
                0x0000000000041752                mp_unary_op
                0x0000000000041874                mp_obj_get_int
                0x00000000000418bc                mp_obj_get_int_truncated
                0x00000000000418dc                mp_native_from_obj
                0x0000000000041918                mp_stack_check
                0x000000000004194c                mp_obj_print_helper
                0x0000000000041984                array_print.lto_priv.0
                0x0000000000041a18                mp_obj_print_exception
                0x0000000000041ab8                mp_native_type_from_qstr
                0x0000000000041b10                mp_sched_unlock
                0x0000000000041b40                mp_iternext_allow_raise.part.0
                0x0000000000041b5c                mp_store_attr.part.0
                0x0000000000041b7c                mp_store_attr
                0x0000000000041ba8                mp_raise_NotImplementedError
                0x0000000000041bb8                mp_raise_OSError
                0x0000000000041bd4                mp_raise_TypeError
                0x0000000000041be4                mp_get_buffer_raise
                0x0000000000041bf8                mp_arg_check_num_sig
                0x0000000000041c54                memoryview_make_new.lto_priv.0
                0x0000000000041cc4                mp_raise_ValueError
                0x0000000000041cd4                m_malloc_fail
                0x0000000000041d04                mp_convert_member_lookup
                0x0000000000041db0                mp_call_function_n_kw
                0x0000000000041dd2                mp_native_call_function_n_kw.lto_priv.0
                0x0000000000041ddc                mp_make_raise_obj
                0x0000000000041e18                mp_native_raise.lto_priv.0
                0x0000000000041e58                mp_call_method_n_kw
                0x0000000000041e76                mp_call_function_1
                0x0000000000041e8a                mp_call_function_1_protected
                0x0000000000041ec0                mp_handle_pending.part.0
                0x0000000000041f18                mp_call_function_0
                0x0000000000041f20                mp_parse_compile_execute
                0x0000000000041f98                read_uint.lto_priv.0
                0x0000000000041fc2                read_bytes.lto_priv.0
                0x0000000000042080                mp_parse_num_decimal
                0x0000000000042330                mp_parse_num_integer
                0x0000000000042520                load_raw_code.lto_priv.0
                0x0000000000042990                mp_format_float.part.0
                0x0000000000042d90                need_reg_all.lto_priv.0
                0x0000000000042dc0                adjust_stack.lto_priv.0
                0x0000000000042dd8                emit_native_end_except_handler.lto_priv.0
                0x0000000000042dde                emit_native_for_iter_end.lto_priv.0
                0x0000000000042e14                emit_native_load_null.lto_priv.0
                0x0000000000042e1e                emit_native_load_const_small_int.lto_priv.0
                0x0000000000042e2a                emit_native_load_const_tok.lto_priv.0
                0x0000000000042e7c                emit_native_start_except_handler.lto_priv.0
                0x0000000000042e9c                emit_native_load_const_obj.lto_priv.0
                0x0000000000042ee4                emit_native_pop_top.lto_priv.0
                0x0000000000042ee6                emit_native_adjust_stack_size.lto_priv.0
                0x0000000000042f22                asm_thumb_ldr_rlo_rlo_i5.lto_priv.0
                0x0000000000042f38                asm_thumb_ldr_reg_reg_i12_optimised
                0x0000000000042f68                emit_native_mov_reg_state.lto_priv.0
                0x0000000000043004                asm_thumb_bl_ind
                0x000000000004303c                emit_native_load_build_class.lto_priv.0
                0x0000000000043058                asm_thumb_mov_reg_i32_optimised
                0x00000000000430aa                emit_native_load_const_str.lto_priv.0
                0x00000000000430fe                emit_native_delete_global.lto_priv.0
                0x0000000000043114                emit_native_load_global.lto_priv.0
                0x0000000000043284                emit_native_raise_varargs.lto_priv.0
                0x00000000000432b8                emit_native_unary_op.lto_priv.0
                0x0000000000043310                emit_native_store_global.lto_priv.0
                0x0000000000043418                emit_native_delete_local.lto_priv.0
                0x0000000000043462                emit_native_store_map.lto_priv.0
                0x000000000004349a                emit_native_rot_three.lto_priv.0
                0x0000000000043504                emit_native_make_function.lto_priv.0
                0x000000000004357e                emit_native_store_comp.lto_priv.0
                0x00000000000435d6                emit_native_rot_two.lto_priv.0
                0x000000000004360a                emit_native_dup_top_two.lto_priv.0
                0x0000000000043656                emit_native_attr.lto_priv.0
                0x00000000000436bc                emit_native_import.lto_priv.0
                0x000000000004378e                emit_native_binary_op.lto_priv.0
                0x00000000000439ac                emit_native_dup_top.lto_priv.0
                0x00000000000439e4                emit_native_store_local.lto_priv.0
                0x0000000000043a56                emit_native_load_local.lto_priv.0
                0x0000000000043bdc                emit_native_jump_if_or_pop.lto_priv.0
                0x0000000000043be0                emit_native_pop_jump_if.lto_priv.0
                0x0000000000043be4                emit_native_jump.lto_priv.0
                0x0000000000043c02                emit_native_pop_except_jump.lto_priv.0
[...]
                                       0x1b49 (size before relaxing)
 .debug_str     0x0000000000037d6e       0x15 build-pinetime-s132/py/nlrxtensa.o
                                       0x1b48 (size before relaxing)
 .debug_str     0x0000000000037d83       0x15 build-pinetime-s132/py/nlrsetjmp.o
                                       0x1b48 (size before relaxing)

.comment        0x0000000000000000       0x79
 .comment       0x0000000000000000       0x7a /tmp/firmware.elf.fkNs2M.ltrans0.ltrans.o
 .comment       0x0000000000000000       0x7a /tmp/firmware.elf.fkNs2M.ltrans1.ltrans.o
 .comment       0x0000000000000000       0x7a /tmp/firmware.elf.fkNs2M.ltrans2.ltrans.o
 .comment       0x0000000000000000       0x7a /tmp/firmware.elf.fkNs2M.ltrans3.ltrans.o
 .comment       0x0000000000000000       0x7a /tmp/firmware.elf.fkNs2M.ltrans4.ltrans.o
 .comment       0x0000000000000000       0x7a /tmp/firmware.elf.fkNs2M.ltrans5.ltrans.o
 .comment       0x0000000000000000       0x7a /tmp/cc93ME0M.debug.temp.o
 .comment       0x0000000000000000       0x7a /tmp/cce4P40N.debug.temp.o
 .comment       0x0000000000000000       0x7a /tmp/ccUShPpQ.debug.temp.o
 .comment       0x0000000000000000       0x7a /tmp/cceFSu6P.debug.temp.o
 .comment       0x0000000000000000       0x7a /tmp/ccdzT4VM.debug.temp.o
 .comment       0x0000000000000000       0x7a /tmp/ccNViw3Q.debug.temp.o
 .comment       0x0000000000000000       0x7a /tmp/ccaeSOVO.debug.temp.o
 .comment       0x0000000000000000       0x7a /tmp/ccKvZ7vP.debug.temp.o
 .comment       0x0000000000000000       0x7a /tmp/ccICjyfQ.debug.temp.o
 .comment       0x0000000000000000       0x7a /tmp/ccn2vtnQ.debug.temp.o
 .comment       0x0000000000000000       0x7a /tmp/ccjVtRPQ.debug.temp.o
 .comment       0x0000000000000000       0x7a /tmp/ccDq2BXN.debug.temp.o
 .comment       0x0000000000000000       0x7a /tmp/cciUpSSM.debug.temp.o
 .comment       0x0000000000000000       0x7a /tmp/ccZn2DtO.debug.temp.o
 .comment       0x0000000000000000       0x7a /tmp/ccmIpRtR.debug.temp.o
 .comment       0x0000000000000000       0x7a /tmp/ccP2KyrR.debug.temp.o
 .comment       0x0000000000000000       0x7a /tmp/ccv6jvYM.debug.temp.o
 .comment       0x0000000000000000       0x7a /tmp/cceQx5jN.debug.temp.o
 .comment       0x0000000000000000       0x7a /tmp/cc28lXzN.debug.temp.o
 .comment       0x0000000000000000       0x7a /tmp/ccZ3gIEQ.debug.temp.o
 .comment       0x0000000000000000       0x7a /tmp/ccjCKAPP.debug.temp.o
 .comment       0x0000000000000000       0x7a /tmp/cc4FifzO.debug.temp.o
 .comment       0x0000000000000000       0x7a /tmp/ccnVoEHP.debug.temp.o
 .comment       0x0000000000000000       0x7a /tmp/ccx7QyUQ.debug.temp.o
 .comment       0x0000000000000000       0x7a /tmp/ccpng4nR.debug.temp.o
 .comment       0x0000000000000000       0x7a /tmp/cc3Z3kZO.debug.temp.o
 .comment       0x0000000000000000       0x7a /tmp/ccc6wqHO.debug.temp.o
 .comment       0x0000000000000000       0x7a /tmp/ccOHxoqO.debug.temp.o
 .comment       0x0000000000000000       0x7a /tmp/cc1LyLhP.debug.temp.o
 .comment       0x0000000000000000       0x7a /tmp/ccDU7MoN.debug.temp.o
 .comment       0x0000000000000000       0x7a /tmp/cc0B9mKN.debug.temp.o
 .comment       0x0000000000000000       0x7a /tmp/ccuSjZDO.debug.temp.o
 .comment       0x0000000000000000       0x7a /tmp/cckn69GQ.debug.temp.o
 .comment       0x0000000000000000       0x7a /tmp/ccxjmsBQ.debug.temp.o
 .comment       0x0000000000000000       0x7a /tmp/ccDNtTuO.debug.temp.o
 .comment       0x0000000000000000       0x7a /tmp/ccv54H7M.debug.temp.o
 .comment       0x0000000000000000       0x7a /tmp/ccmUAT5N.debug.temp.o
 .comment       0x0000000000000000       0x7a /tmp/ccy8zpVP.debug.temp.o
 .comment       0x0000000000000000       0x7a /tmp/ccHUzH7M.debug.temp.o
 .comment       0x0000000000000000       0x7a /tmp/ccUada5O.debug.temp.o
 .comment       0x0000000000000000       0x7a /tmp/ccPnOOEQ.debug.temp.o
 .comment       0x0000000000000000       0x7a /tmp/ccw9RqrO.debug.temp.o
 .comment       0x0000000000000000       0x7a /tmp/ccipaprO.debug.temp.o
 .comment       0x0000000000000000       0x7a /tmp/ccaKT8oO.debug.temp.o
 .comment       0x0000000000000000       0x7a /tmp/ccT4y8hN.debug.temp.o
 .comment       0x0000000000000000       0x7a /tmp/ccqme5fQ.debug.temp.o
 .comment       0x0000000000000000       0x7a /tmp/ccYYwCaO.debug.temp.o
 .comment       0x0000000000000000       0x7a /tmp/ccQwFyWM.debug.temp.o
 .comment       0x0000000000000000       0x7a /tmp/ccdyEzJQ.debug.temp.o
 .comment       0x0000000000000000       0x7a /tmp/ccYcJ1uO.debug.temp.o
 .comment       0x0000000000000000       0x7a /tmp/ccwj3EXM.debug.temp.o
 .comment       0x0000000000000000       0x7a /tmp/ccJaTFqR.debug.temp.o
 .comment       0x0000000000000000       0x7a /tmp/ccjWW6jP.debug.temp.o
 .comment       0x0000000000000000       0x7a /tmp/ccaW2ebN.debug.temp.o
 .comment       0x0000000000000000       0x7a /tmp/ccAVqDDN.debug.temp.o
 .comment       0x0000000000000000       0x7a /tmp/ccwPhI8O.debug.temp.o
 .comment       0x0000000000000000       0x7a /tmp/cc1J15UO.debug.temp.o
 .comment       0x0000000000000000       0x7a /tmp/cc1RzNSO.debug.temp.o
 .comment       0x0000000000000000       0x7a /tmp/cc0hh2tR.debug.temp.o
 .comment       0x0000000000000000       0x7a /tmp/cc4iH1VN.debug.temp.o
 .comment       0x0000000000000000       0x7a /tmp/ccKPVk0P.debug.temp.o
 .comment       0x0000000000000000       0x7a /tmp/cce9YhTM.debug.temp.o
 .comment       0x0000000000000000       0x7a /tmp/cc3e7NcQ.debug.temp.o
 .comment       0x0000000000000000       0x7a /tmp/ccCXvMcQ.debug.temp.o
 .comment       0x0000000000000000       0x7a /tmp/cckMcd6N.debug.temp.o
 .comment       0x0000000000000000       0x7a /tmp/ccIp6pbN.debug.temp.o
 .comment       0x0000000000000000       0x7a /tmp/ccidzDqO.debug.temp.o
 .comment       0x0000000000000000       0x7a /tmp/cc6efsOO.debug.temp.o
 .comment       0x0000000000000000       0x7a /tmp/ccXQU4lO.debug.temp.o
 .comment       0x0000000000000000       0x7a /tmp/ccXif2FN.debug.temp.o
 .comment       0x0000000000000000       0x7a /tmp/ccS27wDP.debug.temp.o
 .comment       0x0000000000000000       0x7a /tmp/ccNpM16P.debug.temp.o
 .comment       0x0000000000000000       0x7a /tmp/ccTAPjjN.debug.temp.o
 .comment       0x0000000000000000       0x7a /tmp/cc1vPN6M.debug.temp.o
 .comment       0x0000000000000000       0x7a /tmp/ccOCKUBO.debug.temp.o
 .comment       0x0000000000000000       0x7a /tmp/ccVOOObQ.debug.temp.o
 .comment       0x0000000000000000       0x7a /tmp/ccRyGcYP.debug.temp.o
 .comment       0x0000000000000000       0x7a /tmp/ccAHAs0P.debug.temp.o
 .comment       0x0000000000000000       0x7a /tmp/cczhehoQ.debug.temp.o
 .comment       0x0000000000000000       0x7a /tmp/ccug3Y4P.debug.temp.o
 .comment       0x0000000000000000       0x7a /tmp/ccD7AYUN.debug.temp.o
 .comment       0x0000000000000000       0x7a /tmp/ccVuAxUM.debug.temp.o
 .comment       0x0000000000000000       0x7a /tmp/cc5QxV9Q.debug.temp.o
 .comment       0x0000000000000000       0x7a /tmp/ccth2sNO.debug.temp.o
 .comment       0x0000000000000000       0x7a /tmp/ccoslknO.debug.temp.o
 .comment       0x0000000000000000       0x7a /tmp/ccwx3yYQ.debug.temp.o
 .comment       0x0000000000000000       0x7a /tmp/ccMROwiQ.debug.temp.o
 .comment       0x0000000000000000       0x7a /tmp/ccL5l9PP.debug.temp.o
 .comment       0x0000000000000000       0x7a /tmp/cccrSAVM.debug.temp.o
 .comment       0x0000000000000000       0x7a /tmp/cc8xmSIO.debug.temp.o
 .comment       0x0000000000000000       0x7a /tmp/cc7VHQ0N.debug.temp.o
 .comment       0x0000000000000000       0x7a /tmp/cc16sUoR.debug.temp.o
 .comment       0x0000000000000000       0x7a /tmp/cctE6zkP.debug.temp.o
 .comment       0x0000000000000000       0x7a /tmp/cc1oHAkP.debug.temp.o
 .comment       0x0000000000000000       0x7a /tmp/ccKnhw8P.debug.temp.o
 .comment       0x0000000000000000       0x7a /tmp/cc5X5dPP.debug.temp.o
 .comment       0x0000000000000000       0x7a /tmp/cczm1rvO.debug.temp.o
 .comment       0x0000000000000000       0x7a /tmp/ccW9YBSP.debug.temp.o
 .comment       0x0000000000000000       0x7a /tmp/cc6VMd1O.debug.temp.o
 .comment       0x0000000000000000       0x7a /tmp/ccPWQ7vN.debug.temp.o
 .comment       0x0000000000000000       0x7a /tmp/ccypQDAN.debug.temp.o
 .comment       0x0000000000000000       0x7a /tmp/ccKxur6N.debug.temp.o
 .comment       0x0000000000000000       0x7a /tmp/ccPs46iR.debug.temp.o
 .comment       0x0000000000000000       0x7a /tmp/ccr7Z6RO.debug.temp.o
 .comment       0x0000000000000000       0x7a /tmp/cciyPruR.debug.temp.o
 .comment       0x0000000000000000       0x7a /tmp/ccwuuBFO.debug.temp.o
 .comment       0x0000000000000000       0x7a /tmp/ccpNQIiN.debug.temp.o
 .comment       0x0000000000000000       0x7a /tmp/ccdHWoPP.debug.temp.o
 .comment       0x0000000000000000       0x7a /tmp/ccRdgplO.debug.temp.o
 .comment       0x0000000000000000       0x7a /tmp/ccuY66MP.debug.temp.o
 .comment       0x0000000000000000       0x7a /tmp/cc6kuLSP.debug.temp.o
 .comment       0x0000000000000000       0x7a /tmp/ccvR7UzQ.debug.temp.o
 .comment       0x0000000000000000       0x7a /tmp/ccPM3KyQ.debug.temp.o
 .comment       0x0000000000000000       0x7a /tmp/ccwgpoMQ.debug.temp.o
 .comment       0x0000000000000000       0x7a /tmp/ccyU1gXP.debug.temp.o
 .comment       0x0000000000000000       0x7a /tmp/ccBDI6dN.debug.temp.o
 .comment       0x0000000000000000       0x7a /tmp/ccj5fwyN.debug.temp.o
 .comment       0x0000000000000000       0x7a /tmp/ccNESa8O.debug.temp.o
 .comment       0x0000000000000000       0x7a /tmp/cc7zVLZN.debug.temp.o
 .comment       0x0000000000000000       0x7a /tmp/ccALQBuR.debug.temp.o
 .comment       0x0000000000000000       0x7a /tmp/ccfV09NP.debug.temp.o
 .comment       0x0000000000000000       0x7a /tmp/ccfPKSmP.debug.temp.o
 .comment       0x0000000000000000       0x7a /tmp/ccNugVSN.debug.temp.o
 .comment       0x0000000000000000       0x7a /tmp/ccpRD0ZN.debug.temp.o
 .comment       0x0000000000000000       0x7a /tmp/ccedRtwN.debug.temp.o
 .comment       0x0000000000000000       0x7a /tmp/ccGwJxvQ.debug.temp.o
 .comment       0x0000000000000000       0x7a /tmp/ccXq4xgN.debug.temp.o
 .comment       0x0000000000000000       0x7a /tmp/ccAtTFNQ.debug.temp.o
 .comment       0x0000000000000000       0x7a /tmp/cc06OU7N.debug.temp.o
 .comment       0x0000000000000000       0x7a /tmp/ccj5yFtR.debug.temp.o
 .comment       0x0000000000000000       0x7a /tmp/ccuhjPTM.debug.temp.o
 .comment       0x0000000000000000       0x7a /tmp/ccHFr8ZQ.debug.temp.o
 .comment       0x0000000000000000       0x7a /tmp/cc3Ncc7O.debug.temp.o
 .comment       0x0000000000000000       0x7a /tmp/cc7x5gCQ.debug.temp.o
 .comment       0x0000000000000000       0x7a /tmp/ccResWAN.debug.temp.o
 .comment       0x0000000000000000       0x7a /tmp/cc4tSOhQ.debug.temp.o
 .comment       0x0000000000000000       0x7a /tmp/ccpbqx8M.debug.temp.o
 .comment       0x0000000000000000       0x7a /tmp/cctldAmO.debug.temp.o
 .comment       0x0000000000000000       0x7a /tmp/ccf9RJ3O.debug.temp.o
 .comment       0x0000000000000000       0x7a /tmp/ccdE9HHN.debug.temp.o
 .comment       0x0000000000000000       0x7a /tmp/ccI1LqtQ.debug.temp.o
 .comment       0x0000000000000000       0x7a /tmp/ccA9E6eR.debug.temp.o
 .comment       0x0000000000000000       0x7a /tmp/ccgAmPGN.debug.temp.o
 .comment       0x0000000000000000       0x7a /tmp/ccB9OaoR.debug.temp.o
 .comment       0x0000000000000000       0x7a /tmp/ccU4Hp4P.debug.temp.o
 .comment       0x0000000000000000       0x7a /tmp/ccvJdajQ.debug.temp.o
 .comment       0x0000000000000000       0x7a /tmp/cciArTWQ.debug.temp.o
 .comment       0x0000000000000000       0x7a /tmp/ccgRgpqR.debug.temp.o
 .comment       0x0000000000000000       0x7a /tmp/ccz7dJaP.debug.temp.o
 .comment       0x0000000000000000       0x7a /tmp/ccbk495O.debug.temp.o
 .comment       0x0000000000000000       0x7a /tmp/cc8BBNUO.debug.temp.o
 .comment       0x0000000000000000       0x7a /tmp/ccAZ75iQ.debug.temp.o
 .comment       0x0000000000000000       0x7a /tmp/ccxhUVaN.debug.temp.o
 .comment       0x0000000000000000       0x7a /tmp/ccnZejDN.debug.temp.o
 .comment       0x0000000000000000       0x7a /tmp/cc0KeHOP.debug.temp.o
 .comment       0x0000000000000000       0x7a /tmp/cctNpjhO.debug.temp.o
 .comment       0x0000000000000000       0x7a /tmp/ccEcqO4N.debug.temp.o
 .comment       0x0000000000000000       0x7a /tmp/ccXvjJQM.debug.temp.o
 .comment       0x0000000000000000       0x7a /tmp/ccGyCV5N.debug.temp.o
 .comment       0x0000000000000000       0x7a /tmp/cc1a1k4M.debug.temp.o
 .comment       0x0000000000000000       0x7a /tmp/ccOfj2WQ.debug.temp.o
 .comment       0x0000000000000000       0x7a /tmp/ccfVgKtO.debug.temp.o
 .comment       0x0000000000000000       0x7a /tmp/ccmg64uR.debug.temp.o
 .comment       0x0000000000000000       0x7a /tmp/ccuqU33O.debug.temp.o
 .comment       0x0000000000000000       0x7a /tmp/ccawfiAQ.debug.temp.o
 .comment       0x0000000000000000       0x7a /tmp/ccR1dmiO.debug.temp.o
 .comment       0x0000000000000000       0x7a /tmp/cckAj23O.debug.temp.o
 .comment       0x0000000000000000       0x7a /tmp/cc1WLeyO.debug.temp.o
 .comment       0x0000000000000000       0x7a /tmp/ccsbbpwP.debug.temp.o
 .comment       0x0000000000000000       0x7a /tmp/ccBBQ5XQ.debug.temp.o
 .comment       0x0000000000000000       0x7a /tmp/ccgwoJjO.debug.temp.o
 .comment       0x0000000000000000       0x7a /tmp/ccDN8JUN.debug.temp.o
 .comment       0x0000000000000000       0x7a /tmp/cc7bPZgN.debug.temp.o
 .comment       0x0000000000000000       0x7a /tmp/cc47GgZN.debug.temp.o
 .comment       0x0000000000000000       0x7a /tmp/ccOjtzJQ.debug.temp.o
 .comment       0x0000000000000000       0x7a /tmp/ccGrETyP.debug.temp.o
 .comment       0x0000000000000000       0x7a /tmp/cc4Gt1kR.debug.temp.o
 .comment       0x0000000000000000       0x7a /tmp/ccGT1YiP.debug.temp.o
 .comment       0x0000000000000000       0x7a /tmp/ccJFyL3N.debug.temp.o
 .comment       0x0000000000000000       0x7a /tmp/cckPmVlO.debug.temp.o
 .comment       0x0000000000000000       0x7a /tmp/ccJ19WxN.debug.temp.o
 .comment       0x0000000000000000       0x7a /tmp/ccNGoTFN.debug.temp.o
 .comment       0x0000000000000000       0x7a /tmp/cc0uzbvR.debug.temp.o
 .comment       0x0000000000000000       0x7a /tmp/ccMc2upR.debug.temp.o
 .comment       0x0000000000000000       0x7a /tmp/ccT6OGsO.debug.temp.o
 .comment       0x0000000000000000       0x7a /tmp/ccBRuSgN.debug.temp.o
 .comment       0x0000000000000000       0x7a /tmp/cc6JDLzO.debug.temp.o
 .comment       0x0000000000000000       0x7a /tmp/ccymIGRQ.debug.temp.o
 .comment       0x0000000000000000       0x7a /tmp/ccCWJT1Q.debug.temp.o
 .comment       0x0000000000000000       0x7a /tmp/ccA2itiQ.debug.temp.o
 .comment       0x0000000000000000       0x7a /tmp/ccUwCtsN.debug.temp.o
 .comment       0x0000000000000000       0x7a /tmp/ccGSjh5Q.debug.temp.o
 .comment       0x0000000000000000       0x7a /tmp/ccf8ZagQ.debug.temp.o
 .comment       0x0000000000000000       0x7a /tmp/ccqyczSN.debug.temp.o
 .comment       0x0000000000000000       0x7a /tmp/cc74KfzN.debug.temp.o
 .comment       0x0000000000000000       0x7a /tmp/cciAUobN.debug.temp.o
 .comment       0x0000000000000000       0x7a /tmp/ccLPJUaR.debug.temp.o
 .comment       0x0000000000000000       0x7a /tmp/cc1SsG0Q.debug.temp.o
 .comment       0x0000000000000000       0x7a /tmp/cciTjzbQ.debug.temp.o
 .comment       0x0000000000000000       0x7a /tmp/cc9O5q5O.debug.temp.o
 .comment       0x0000000000000000       0x7a /tmp/cc9h465N.debug.temp.o
 .comment       0x0000000000000000       0x7a /tmp/ccu7fsTM.debug.temp.o
 .comment       0x0000000000000000       0x7a /tmp/ccqxcZtQ.debug.temp.o
 .comment       0x0000000000000000       0x7a /tmp/ccrHBPMP.debug.temp.o
 .comment       0x0000000000000000       0x7a /tmp/cc12wz6Q.debug.temp.o
 .comment       0x0000000000000000       0x7a /tmp/ccyrgcuO.debug.temp.o
 .comment       0x0000000000000000       0x7a /tmp/ccf9BdLO.debug.temp.o
 .comment       0x0000000000000000       0x7a /tmp/ccLHJqVO.debug.temp.o
 .comment       0x0000000000000000       0x7a /tmp/ccdHbTLN.debug.temp.o
 .comment       0x0000000000000000       0x7a /tmp/cc1JhZgP.debug.temp.o
 .comment       0x0000000000000000       0x7a /tmp/ccHlW1nN.debug.temp.o
 .comment       0x0000000000000000       0x7a /tmp/cc0yaw1P.debug.temp.o
 .comment       0x0000000000000000       0x7a /tmp/ccqUU94N.debug.temp.o
 .comment       0x0000000000000000       0x7a /tmp/ccXkuJlN.debug.temp.o
 .comment       0x0000000000000000       0x7a /tmp/ccRnRq2M.debug.temp.o
 .comment       0x0000000000000000       0x7a /tmp/ccKcOpSP.debug.temp.o
 .comment       0x0000000000000000       0x7a /tmp/ccb45OQO.debug.temp.o
 .comment       0x0000000000000000       0x7a /tmp/ccbkj4XP.debug.temp.o
 .comment       0x0000000000000000       0x7a /tmp/ccj2WLnR.debug.temp.o
 .comment       0x0000000000000000       0x7a /tmp/ccl2gPpO.debug.temp.o
 .comment       0x0000000000000000       0x7a /tmp/ccIYB5LN.debug.temp.o
 .comment       0x0000000000000000       0x7a /tmp/ccJ59ocR.debug.temp.o
 .comment       0x0000000000000000       0x7a /tmp/cc8aQg6P.debug.temp.o
 .comment       0x0000000000000000       0x7a /tmp/cc54DH6Q.debug.temp.o
 .comment       0x0000000000000000       0x7a /tmp/cckZ5btO.debug.temp.o
 .comment       0x0000000000000000       0x7a /tmp/ccoszf1O.debug.temp.o
 .comment       0x0000000000000000       0x7a /tmp/cco1VkpN.debug.temp.o
 .comment       0x0000000000000000       0x7a /tmp/cciJxS9N.debug.temp.o
 .comment       0x0000000000000000       0x7a /tmp/ccQki8gP.debug.temp.o
 .comment       0x0000000000000000       0x7a /tmp/ccd3yHxO.debug.temp.o
 .comment       0x0000000000000000       0x7a /tmp/ccs6EbKO.debug.temp.o
 .comment       0x0000000000000000       0x7a /tmp/cci7VVJQ.debug.temp.o
 .comment       0x0000000000000000       0x7a /tmp/ccW1pTsQ.debug.temp.o
 .comment       0x0000000000000000       0x7a /tmp/cctJtCFO.debug.temp.o
 .comment       0x0000000000000000       0x7a /tmp/ccxpOjNQ.debug.temp.o
 .comment       0x0000000000000000       0x7a /tmp/ccQ7MHpO.debug.temp.o
 .comment       0x0000000000000000       0x7a /tmp/ccw6P6bQ.debug.temp.o
 .comment       0x0000000000000000       0x79 build-pinetime-s132/py/nlrx86.o
                                         0x7a (size before relaxing)
 .comment       0x0000000000000079       0x7a build-pinetime-s132/py/nlrx64.o
 .comment       0x0000000000000079       0x7a build-pinetime-s132/py/nlrthumb.o
 .comment       0x0000000000000079       0x7a build-pinetime-s132/py/nlrpowerpc.o
 .comment       0x0000000000000079       0x7a build-pinetime-s132/py/nlrxtensa.o
 .comment       0x0000000000000079       0x7a build-pinetime-s132/py/nlrsetjmp.o

.debug_frame    0x0000000000000000     0xa38c
 .debug_frame   0x0000000000000000     0x1ffc /tmp/firmware.elf.fkNs2M.ltrans0.ltrans.o
 .debug_frame   0x0000000000001ffc     0x1850 /tmp/firmware.elf.fkNs2M.ltrans1.ltrans.o
 .debug_frame   0x000000000000384c     0x17b0 /tmp/firmware.elf.fkNs2M.ltrans2.ltrans.o
 .debug_frame   0x0000000000004ffc     0x1a70 /tmp/firmware.elf.fkNs2M.ltrans3.ltrans.o
 .debug_frame   0x0000000000006a6c     0x2008 /tmp/firmware.elf.fkNs2M.ltrans4.ltrans.o
 .debug_frame   0x0000000000008a74     0x17f0 /tmp/firmware.elf.fkNs2M.ltrans5.ltrans.o
 .debug_frame   0x000000000000a264       0x38 build-pinetime-s132/py/nlrthumb.o
 .debug_frame   0x000000000000a29c       0xac /opt/gcc-arm-none-eabi-9-2019-q4-major/bin/../lib/gcc/arm-none-eabi/9.2.1/thumb/v7e-m+fp/hard//libgcc.a(_arm_addsubdf3.o)
 .debug_frame   0x000000000000a348       0x24 /opt/gcc-arm-none-eabi-9-2019-q4-major/bin/../lib/gcc/arm-none-eabi/9.2.1/thumb/v7e-m+fp/hard//libgcc.a(_arm_truncdfsf2.o)
 .debug_frame   0x000000000000a36c       0x20 /opt/gcc-arm-none-eabi-9-2019-q4-major/bin/../lib/gcc/arm-none-eabi/9.2.1/thumb/v7e-m+fp/hard//libgcc.a(_popcountsi2.o)
